Archive member included to satisfy reference by file (symbol)

/home/tanqinhan/Desktop/riscv/freedom-e-sdk/riscv64-unknown-elf-gcc-8.2.0-2019.02.0-x86_64-linux-ubuntu14/bin/../lib/gcc/riscv64-unknown-elf/8.2.0/../../../../riscv64-unknown-elf/lib/rv32imac/ilp32/libc_nano.a(lib_a-malloc.o)
                              dhry_1.o (malloc)
/home/tanqinhan/Desktop/riscv/freedom-e-sdk/riscv64-unknown-elf-gcc-8.2.0-2019.02.0-x86_64-linux-ubuntu14/bin/../lib/gcc/riscv64-unknown-elf/8.2.0/../../../../riscv64-unknown-elf/lib/rv32imac/ilp32/libc_nano.a(lib_a-memcpy.o)
                              dhry_1.o (memcpy)
/home/tanqinhan/Desktop/riscv/freedom-e-sdk/riscv64-unknown-elf-gcc-8.2.0-2019.02.0-x86_64-linux-ubuntu14/bin/../lib/gcc/riscv64-unknown-elf/8.2.0/../../../../riscv64-unknown-elf/lib/rv32imac/ilp32/libc_nano.a(lib_a-nano-freer.o)
                              /home/tanqinhan/Desktop/riscv/freedom-e-sdk/riscv64-unknown-elf-gcc-8.2.0-2019.02.0-x86_64-linux-ubuntu14/bin/../lib/gcc/riscv64-unknown-elf/8.2.0/../../../../riscv64-unknown-elf/lib/rv32imac/ilp32/libc_nano.a(lib_a-malloc.o) (_free_r)
/home/tanqinhan/Desktop/riscv/freedom-e-sdk/riscv64-unknown-elf-gcc-8.2.0-2019.02.0-x86_64-linux-ubuntu14/bin/../lib/gcc/riscv64-unknown-elf/8.2.0/../../../../riscv64-unknown-elf/lib/rv32imac/ilp32/libc_nano.a(lib_a-nano-mallocr.o)
                              /home/tanqinhan/Desktop/riscv/freedom-e-sdk/riscv64-unknown-elf-gcc-8.2.0-2019.02.0-x86_64-linux-ubuntu14/bin/../lib/gcc/riscv64-unknown-elf/8.2.0/../../../../riscv64-unknown-elf/lib/rv32imac/ilp32/libc_nano.a(lib_a-malloc.o) (_malloc_r)
/home/tanqinhan/Desktop/riscv/freedom-e-sdk/riscv64-unknown-elf-gcc-8.2.0-2019.02.0-x86_64-linux-ubuntu14/bin/../lib/gcc/riscv64-unknown-elf/8.2.0/../../../../riscv64-unknown-elf/lib/rv32imac/ilp32/libc_nano.a(lib_a-printf.o)
                              dhry_1.o (printf)
/home/tanqinhan/Desktop/riscv/freedom-e-sdk/riscv64-unknown-elf-gcc-8.2.0-2019.02.0-x86_64-linux-ubuntu14/bin/../lib/gcc/riscv64-unknown-elf/8.2.0/../../../../riscv64-unknown-elf/lib/rv32imac/ilp32/libc_nano.a(lib_a-sbrkr.o)
                              /home/tanqinhan/Desktop/riscv/freedom-e-sdk/riscv64-unknown-elf-gcc-8.2.0-2019.02.0-x86_64-linux-ubuntu14/bin/../lib/gcc/riscv64-unknown-elf/8.2.0/../../../../riscv64-unknown-elf/lib/rv32imac/ilp32/libc_nano.a(lib_a-nano-mallocr.o) (_sbrk_r)
/home/tanqinhan/Desktop/riscv/freedom-e-sdk/riscv64-unknown-elf-gcc-8.2.0-2019.02.0-x86_64-linux-ubuntu14/bin/../lib/gcc/riscv64-unknown-elf/8.2.0/../../../../riscv64-unknown-elf/lib/rv32imac/ilp32/libc_nano.a(lib_a-scanf.o)
                              dhry_1.o (scanf)
/home/tanqinhan/Desktop/riscv/freedom-e-sdk/riscv64-unknown-elf-gcc-8.2.0-2019.02.0-x86_64-linux-ubuntu14/bin/../lib/gcc/riscv64-unknown-elf/8.2.0/../../../../riscv64-unknown-elf/lib/rv32imac/ilp32/libc_nano.a(lib_a-strcmp.o)
                              dhry_2.o (strcmp)
/home/tanqinhan/Desktop/riscv/freedom-e-sdk/riscv64-unknown-elf-gcc-8.2.0-2019.02.0-x86_64-linux-ubuntu14/bin/../lib/gcc/riscv64-unknown-elf/8.2.0/../../../../riscv64-unknown-elf/lib/rv32imac/ilp32/libc_nano.a(lib_a-time.o)
                              dhry_1.o (time)
/home/tanqinhan/Desktop/riscv/freedom-e-sdk/riscv64-unknown-elf-gcc-8.2.0-2019.02.0-x86_64-linux-ubuntu14/bin/../lib/gcc/riscv64-unknown-elf/8.2.0/../../../../riscv64-unknown-elf/lib/rv32imac/ilp32/libc_nano.a(lib_a-findfp.o)
                              /home/tanqinhan/Desktop/riscv/freedom-e-sdk/riscv64-unknown-elf-gcc-8.2.0-2019.02.0-x86_64-linux-ubuntu14/bin/../lib/gcc/riscv64-unknown-elf/8.2.0/../../../../riscv64-unknown-elf/lib/rv32imac/ilp32/libc_nano.a(lib_a-printf.o) (__sinit)
/home/tanqinhan/Desktop/riscv/freedom-e-sdk/riscv64-unknown-elf-gcc-8.2.0-2019.02.0-x86_64-linux-ubuntu14/bin/../lib/gcc/riscv64-unknown-elf/8.2.0/../../../../riscv64-unknown-elf/lib/rv32imac/ilp32/libc_nano.a(lib_a-fwalk.o)
                              /home/tanqinhan/Desktop/riscv/freedom-e-sdk/riscv64-unknown-elf-gcc-8.2.0-2019.02.0-x86_64-linux-ubuntu14/bin/../lib/gcc/riscv64-unknown-elf/8.2.0/../../../../riscv64-unknown-elf/lib/rv32imac/ilp32/libc_nano.a(lib_a-findfp.o) (_fwalk)
/home/tanqinhan/Desktop/riscv/freedom-e-sdk/riscv64-unknown-elf-gcc-8.2.0-2019.02.0-x86_64-linux-ubuntu14/bin/../lib/gcc/riscv64-unknown-elf/8.2.0/../../../../riscv64-unknown-elf/lib/rv32imac/ilp32/libc_nano.a(lib_a-gettimeofdayr.o)
                              /home/tanqinhan/Desktop/riscv/freedom-e-sdk/riscv64-unknown-elf-gcc-8.2.0-2019.02.0-x86_64-linux-ubuntu14/bin/../lib/gcc/riscv64-unknown-elf/8.2.0/../../../../riscv64-unknown-elf/lib/rv32imac/ilp32/libc_nano.a(lib_a-time.o) (_gettimeofday_r)
/home/tanqinhan/Desktop/riscv/freedom-e-sdk/riscv64-unknown-elf-gcc-8.2.0-2019.02.0-x86_64-linux-ubuntu14/bin/../lib/gcc/riscv64-unknown-elf/8.2.0/../../../../riscv64-unknown-elf/lib/rv32imac/ilp32/libc_nano.a(lib_a-impure.o)
[...]
Memory Configuration

Name             Origin             Length             Attributes
ram              0x0000000080000000 0x0000000000004000 axw !rl
itim             0x0000000008000000 0x0000000000004000 xw !arl
flash            0x0000000020400000 0x000000001fc00000 axrl !w
*default*        0x0000000000000000 0xffffffffffffffff

Linker script and memory map

                0x0000000000000800                __stack_size = 0x800
LOAD dhry_1.o
LOAD dhry_2.o
START GROUP
LOAD /home/tanqinhan/Desktop/riscv/freedom-e-sdk/riscv64-unknown-elf-gcc-8.2.0-2019.02.0-x86_64-linux-ubuntu14/bin/../lib/gcc/riscv64-unknown-elf/8.2.0/../../../../riscv64-unknown-elf/lib/rv32imac/ilp32/libc_nano.a
LOAD /home/tanqinhan/Desktop/riscv/freedom-e-sdk/riscv64-unknown-elf-gcc-8.2.0-2019.02.0-x86_64-linux-ubuntu14/bin/../lib/gcc/riscv64-unknown-elf/8.2.0/rv32imac/ilp32/libgcc.a
LOAD /home/tanqinhan/Desktop/riscv/freedom-e-sdk/bsp/freedom-e310-arty/install/lib/debug//libmetal.a
LOAD /home/tanqinhan/Desktop/riscv/freedom-e-sdk/bsp/freedom-e310-arty/install/lib/debug//libmetal-gloss.a
END GROUP
                0x0000000000000800                __stack_size = DEFINED (__stack_size)?__stack_size:0x400
                0x0000000000000400                __heap_size = DEFINED (__heap_size)?__heap_size:0x400

.init           0x0000000020400000      0x138
 *(.text.metal.init.enter)
 .text.metal.init.enter
                0x0000000020400000       0x54 /home/tanqinhan/Desktop/riscv/freedom-e-sdk/bsp/freedom-e310-arty/install/lib/debug//libmetal.a(libriscv__mmachine__freedom-e310-arty_a-entry.o)
                0x0000000020400000                _enter
 *(SORT_NONE(.init))
 *(.text.libgloss.start)
 .text.libgloss.start
                0x0000000020400054       0xe4 /home/tanqinhan/Desktop/riscv/freedom-e-sdk/bsp/freedom-e310-arty/install/lib/debug//libmetal-gloss.a(crt0.o)
                0x0000000020400054                _start
                0x0000000020400136                _init
                0x0000000020400136                _fini

.text           0x0000000020400180     0x56a4
 *(.text.unlikely .text.unlikely.*)
 *(.text.startup .text.startup.*)
 .text.startup.main
                0x0000000020400180      0x648 dhry_1.o
                0x0000000020400180                main
 .text.startup.register_fini
                0x00000000204007c8       0x18 /home/tanqinhan/Desktop/riscv/freedom-e-sdk/riscv64-unknown-elf-gcc-8.2.0-2019.02.0-x86_64-linux-ubuntu14/bin/../lib/gcc/riscv64-unknown-elf/8.2.0/../../../../riscv64-unknown-elf/lib/rv32imac/ilp32/libc_nano.a(lib_a-__call_atexit.o)
 *(.text .text.*)
 *fill*         0x00000000204007e0        0x0 
 .text.Proc_2   0x00000000204007e0       0x26 dhry_1.o
                0x00000000204007e0                Proc_2
 *fill*         0x0000000020400806        0x2 
 .text.Proc_3   0x0000000020400808       0x20 dhry_1.o
                0x0000000020400808                Proc_3
 *fill*         0x0000000020400828        0x0 
 .text.Proc_1   0x0000000020400828       0xf0 dhry_1.o
                0x0000000020400828                Proc_1
 *fill*         0x0000000020400918        0x0 
 .text.Proc_4   0x0000000020400918       0x2e dhry_1.o
                0x0000000020400918                Proc_4
 *fill*         0x0000000020400946        0x2 
 .text.Proc_5   0x0000000020400948       0x16 dhry_1.o
                0x0000000020400948                Proc_5
 *fill*         0x000000002040095e        0x2 
 .text.Proc_7   0x0000000020400960        0xa dhry_2.o
                0x0000000020400960                Proc_7
 *fill*         0x000000002040096a        0x2 
 .text.Proc_8   0x000000002040096c       0x46 dhry_2.o
                0x000000002040096c                Proc_8
 *fill*         0x00000000204009b2        0x2 
 .text.Func_1   0x00000000204009b4       0x1e dhry_2.o
                0x00000000204009b4                Func_1
 *fill*         0x00000000204009d2        0x2 
 .text.Func_2   0x00000000204009d4       0x3e dhry_2.o
                0x00000000204009d4                Func_2
 *fill*         0x0000000020400a12        0x2 
 .text.Func_3   0x0000000020400a14        0xa dhry_2.o
                0x0000000020400a14                Func_3
 *fill*         0x0000000020400a1e        0x2 
 .text.Proc_6   0x0000000020400a20       0x70 dhry_2.o
                0x0000000020400a20                Proc_6
 .text.malloc   0x0000000020400a90        0xe /home/tanqinhan/Desktop/riscv/freedom-e-sdk/riscv64-unknown-elf-gcc-8.2.0-2019.02.0-x86_64-linux-ubuntu14/bin/../lib/gcc/riscv64-unknown-elf/8.2.0/../../../../riscv64-unknown-elf/lib/rv32imac/ilp32/libc_nano.a(lib_a-malloc.o)
                0x0000000020400a90                malloc
 .text.memcpy   0x0000000020400a9e       0xb6 /home/tanqinhan/Desktop/riscv/freedom-e-sdk/riscv64-unknown-elf-gcc-8.2.0-2019.02.0-x86_64-linux-ubuntu14/bin/../lib/gcc/riscv64-unknown-elf/8.2.0/../../../../riscv64-unknown-elf/lib/rv32imac/ilp32/libc_nano.a(lib_a-memcpy.o)
                0x0000000020400a9e                memcpy
 .text._free_r  0x0000000020400b54       0xac /home/tanqinhan/Desktop/riscv/freedom-e-sdk/riscv64-unknown-elf-gcc-8.2.0-2019.02.0-x86_64-linux-ubuntu14/bin/../lib/gcc/riscv64-unknown-elf/8.2.0/../../../../riscv64-unknown-elf/lib/rv32imac/ilp32/libc_nano.a(lib_a-nano-freer.o)
                0x0000000020400b54                _free_r
 .text._malloc_r
                0x0000000020400c00       0xde /home/tanqinhan/Desktop/riscv/freedom-e-sdk/riscv64-unknown-elf-gcc-8.2.0-2019.02.0-x86_64-linux-ubuntu14/bin/../lib/gcc/riscv64-unknown-elf/8.2.0/../../../../riscv64-unknown-elf/lib/rv32imac/ilp32/libc_nano.a(lib_a-nano-mallocr.o)
                0x0000000020400c00                _malloc_r
 .text.printf   0x0000000020400cde       0x42 /home/tanqinhan/Desktop/riscv/freedom-e-sdk/riscv64-unknown-elf-gcc-8.2.0-2019.02.0-x86_64-linux-ubuntu14/bin/../lib/gcc/riscv64-unknown-elf/8.2.0/../../../../riscv64-unknown-elf/lib/rv32imac/ilp32/libc_nano.a(lib_a-printf.o)
                0x0000000020400cde                printf
                0x0000000020400cde                iprintf
 .text._sbrk_r  0x0000000020400d20       0x32 /home/tanqinhan/Desktop/riscv/freedom-e-sdk/riscv64-unknown-elf-gcc-8.2.0-2019.02.0-x86_64-linux-ubuntu14/bin/../lib/gcc/riscv64-unknown-elf/8.2.0/../../../../riscv64-unknown-elf/lib/rv32imac/ilp32/libc_nano.a(lib_a-sbrkr.o)
                0x0000000020400d20                _sbrk_r
 .text.scanf    0x0000000020400d52       0x44 /home/tanqinhan/Desktop/riscv/freedom-e-sdk/riscv64-unknown-elf-gcc-8.2.0-2019.02.0-x86_64-linux-ubuntu14/bin/../lib/gcc/riscv64-unknown-elf/8.2.0/../../../../riscv64-unknown-elf/lib/rv32imac/ilp32/libc_nano.a(lib_a-scanf.o)
                0x0000000020400d52                iscanf
                0x0000000020400d52                scanf
 .text          0x0000000020400d96      0x11e /home/tanqinhan/Desktop/riscv/freedom-e-sdk/riscv64-unknown-elf-gcc-8.2.0-2019.02.0-x86_64-linux-ubuntu14/bin/../lib/gcc/riscv64-unknown-elf/8.2.0/../../../../riscv64-unknown-elf/lib/rv32imac/ilp32/libc_nano.a(lib_a-strcmp.o)
                0x0000000020400d96                strcmp
 .text.time     0x0000000020400eb4       0x36 /home/tanqinhan/Desktop/riscv/freedom-e-sdk/riscv64-unknown-elf-gcc-8.2.0-2019.02.0-x86_64-linux-ubuntu14/bin/../lib/gcc/riscv64-unknown-elf/8.2.0/../../../../riscv64-unknown-elf/lib/rv32imac/ilp32/libc_nano.a(lib_a-time.o)
                0x0000000020400eb4                time
 .text.std      0x0000000020400eea       0x68 /home/tanqinhan/Desktop/riscv/freedom-e-sdk/riscv64-unknown-elf-gcc-8.2.0-2019.02.0-x86_64-linux-ubuntu14/bin/../lib/gcc/riscv64-unknown-elf/8.2.0/../../../../riscv64-unknown-elf/lib/rv32imac/ilp32/libc_nano.a(lib_a-findfp.o)
 .text._cleanup_r
                0x0000000020400f52        0xa /home/tanqinhan/Desktop/riscv/freedom-e-sdk/riscv64-unknown-elf-gcc-8.2.0-2019.02.0-x86_64-linux-ubuntu14/bin/../lib/gcc/riscv64-unknown-elf/8.2.0/../../../../riscv64-unknown-elf/lib/rv32imac/ilp32/libc_nano.a(lib_a-findfp.o)
                0x0000000020400f52                _cleanup_r
 .text.__sfmoreglue
                0x0000000020400f5c       0x44 /home/tanqinhan/Desktop/riscv/freedom-e-sdk/riscv64-unknown-elf-gcc-8.2.0-2019.02.0-x86_64-linux-ubuntu14/bin/../lib/gcc/riscv64-unknown-elf/8.2.0/../../../../riscv64-unknown-elf/lib/rv32imac/ilp32/libc_nano.a(lib_a-findfp.o)
                0x0000000020400f5c                __sfmoreglue
 .text.__sinit  0x0000000020400fa0       0x6a /home/tanqinhan/Desktop/riscv/freedom-e-sdk/riscv64-unknown-elf-gcc-8.2.0-2019.02.0-x86_64-linux-ubuntu14/bin/../lib/gcc/riscv64-unknown-elf/8.2.0/../../../../riscv64-unknown-elf/lib/rv32imac/ilp32/libc_nano.a(lib_a-findfp.o)
                0x0000000020400fa0                __sinit
 .text.__sfp    0x000000002040100a       0x9e /home/tanqinhan/Desktop/riscv/freedom-e-sdk/riscv64-unknown-elf-gcc-8.2.0-2019.02.0-x86_64-linux-ubuntu14/bin/../lib/gcc/riscv64-unknown-elf/8.2.0/../../../../riscv64-unknown-elf/lib/rv32imac/ilp32/libc_nano.a(lib_a-findfp.o)
                0x000000002040100a                __sfp
 .text._fwalk   0x00000000204010a8       0x62 /home/tanqinhan/Desktop/riscv/freedom-e-sdk/riscv64-unknown-elf-gcc-8.2.0-2019.02.0-x86_64-linux-ubuntu14/bin/../lib/gcc/riscv64-unknown-elf/8.2.0/../../../../riscv64-unknown-elf/lib/rv32imac/ilp32/libc_nano.a(lib_a-fwalk.o)
                0x00000000204010a8                _fwalk
 .text._fwalk_reent
                0x000000002040110a       0x6c /home/tanqinhan/Desktop/riscv/freedom-e-sdk/riscv64-unknown-elf-gcc-8.2.0-2019.02.0-x86_64-linux-ubuntu14/bin/../lib/gcc/riscv64-unknown-elf/8.2.0/../../../../riscv64-unknown-elf/lib/rv32imac/ilp32/libc_nano.a(lib_a-fwalk.o)
                0x000000002040110a                _fwalk_reent
 .text._gettimeofday_r
                0x0000000020401176       0x34 /home/tanqinhan/Desktop/riscv/freedom-e-sdk/riscv64-unknown-elf-gcc-8.2.0-2019.02.0-x86_64-linux-ubuntu14/bin/../lib/gcc/riscv64-unknown-elf/8.2.0/../../../../riscv64-unknown-elf/lib/rv32imac/ilp32/libc_nano.a(lib_a-gettimeofdayr.o)
                0x0000000020401176                _gettimeofday_r
 .text          0x00000000204011aa       0xa8 /home/tanqinhan/Desktop/riscv/freedom-e-sdk/riscv64-unknown-elf-gcc-8.2.0-2019.02.0-x86_64-linux-ubuntu14/bin/../lib/gcc/riscv64-unknown-elf/8.2.0/../../../../riscv64-unknown-elf/lib/rv32imac/ilp32/libc_nano.a(lib_a-memset.o)
                0x00000000204011aa                memset
 .text.__malloc_lock
                0x0000000020401252        0x2 /home/tanqinhan/Desktop/riscv/freedom-e-sdk/riscv64-unknown-elf-gcc-8.2.0-2019.02.0-x86_64-linux-ubuntu14/bin/../lib/gcc/riscv64-unknown-elf/8.2.0/../../../../riscv64-unknown-elf/lib/rv32imac/ilp32/libc_nano.a(lib_a-mlock.o)
                0x0000000020401252                __malloc_lock
 .text.__malloc_unlock
                0x0000000020401254        0x2 /home/tanqinhan/Desktop/riscv/freedom-e-sdk/riscv64-unknown-elf-gcc-8.2.0-2019.02.0-x86_64-linux-ubuntu14/bin/../lib/gcc/riscv64-unknown-elf/8.2.0/../../../../riscv64-unknown-elf/lib/rv32imac/ilp32/libc_nano.a(lib_a-mlock.o)
                0x0000000020401254                __malloc_unlock
 .text.__sfputc_r
                0x0000000020401256       0x2a /home/tanqinhan/Desktop/riscv/freedom-e-sdk/riscv64-unknown-elf-gcc-8.2.0-2019.02.0-x86_64-linux-ubuntu14/bin/../lib/gcc/riscv64-unknown-elf/8.2.0/../../../../riscv64-unknown-elf/lib/rv32imac/ilp32/libc_nano.a(lib_a-nano-vfprintf.o)
 .text.__sfputs_r
                0x0000000020401280       0x42 /home/tanqinhan/Desktop/riscv/freedom-e-sdk/riscv64-unknown-elf-gcc-8.2.0-2019.02.0-x86_64-linux-ubuntu14/bin/../lib/gcc/riscv64-unknown-elf/8.2.0/../../../../riscv64-unknown-elf/lib/rv32imac/ilp32/libc_nano.a(lib_a-nano-vfprintf.o)
                0x0000000020401280                __sfputs_r
 .text._vfprintf_r
                0x00000000204012c2      0x2a0 /home/tanqinhan/Desktop/riscv/freedom-e-sdk/riscv64-unknown-elf-gcc-8.2.0-2019.02.0-x86_64-linux-ubuntu14/bin/../lib/gcc/riscv64-unknown-elf/8.2.0/../../../../riscv64-unknown-elf/lib/rv32imac/ilp32/libc_nano.a(lib_a-nano-vfprintf.o)
                0x00000000204012c2                _vfiprintf_r
                0x00000000204012c2                _vfprintf_r
 .text.__svfscanf_r
                0x0000000020401562      0x3ba /home/tanqinhan/Desktop/riscv/freedom-e-sdk/riscv64-unknown-elf-gcc-8.2.0-2019.02.0-x86_64-linux-ubuntu14/bin/../lib/gcc/riscv64-unknown-elf/8.2.0/../../../../riscv64-unknown-elf/lib/rv32imac/ilp32/libc_nano.a(lib_a-nano-vfscanf.o)
                0x0000000020401562                __svfiscanf_r
                0x0000000020401562                __svfscanf_r
 .text._vfscanf_r
                0x000000002040191c       0x56 /home/tanqinhan/Desktop/riscv/freedom-e-sdk/riscv64-unknown-elf-gcc-8.2.0-2019.02.0-x86_64-linux-ubuntu14/bin/../lib/gcc/riscv64-unknown-elf/8.2.0/../../../../riscv64-unknown-elf/lib/rv32imac/ilp32/libc_nano.a(lib_a-nano-vfscanf.o)
                0x000000002040191c                _vfiscanf_r
                0x000000002040191c                _vfscanf_r
 .text.lflush   0x0000000020401972       0x14 /home/tanqinhan/Desktop/riscv/freedom-e-sdk/riscv64-unknown-elf-gcc-8.2.0-2019.02.0-x86_64-linux-ubuntu14/bin/../lib/gcc/riscv64-unknown-elf/8.2.0/../../../../riscv64-unknown-elf/lib/rv32imac/ilp32/libc_nano.a(lib_a-refill.o)
 .text.__srefill_r
                0x0000000020401986      0x154 /home/tanqinhan/Desktop/riscv/freedom-e-sdk/riscv64-unknown-elf-gcc-8.2.0-2019.02.0-x86_64-linux-ubuntu14/bin/../lib/gcc/riscv64-unknown-elf/8.2.0/../../../../riscv64-unknown-elf/lib/rv32imac/ilp32/libc_nano.a(lib_a-refill.o)
                0x0000000020401986                __srefill_r
 .text.__sccl   0x0000000020401ada       0x8e /home/tanqinhan/Desktop/riscv/freedom-e-sdk/riscv64-unknown-elf-gcc-8.2.0-2019.02.0-x86_64-linux-ubuntu14/bin/../lib/gcc/riscv64-unknown-elf/8.2.0/../../../../riscv64-unknown-elf/lib/rv32imac/ilp32/libc_nano.a(lib_a-sccl.o)
                0x0000000020401ada                __sccl
 .text.__sread  0x0000000020401b68       0x32 /home/tanqinhan/Desktop/riscv/freedom-e-sdk/riscv64-unknown-elf-gcc-8.2.0-2019.02.0-x86_64-linux-ubuntu14/bin/../lib/gcc/riscv64-unknown-elf/8.2.0/../../../../riscv64-unknown-elf/lib/rv32imac/ilp32/libc_nano.a(lib_a-stdio.o)
                0x0000000020401b68                __sread
 .text.__swrite
                0x0000000020401b9a       0x4e /home/tanqinhan/Desktop/riscv/freedom-e-sdk/riscv64-unknown-elf-gcc-8.2.0-2019.02.0-x86_64-linux-ubuntu14/bin/../lib/gcc/riscv64-unknown-elf/8.2.0/../../../../riscv64-unknown-elf/lib/rv32imac/ilp32/libc_nano.a(lib_a-stdio.o)
                0x0000000020401b9a                __swrite
 .text.__sseek  0x0000000020401be8       0x36 /home/tanqinhan/Desktop/riscv/freedom-e-sdk/riscv64-unknown-elf-gcc-8.2.0-2019.02.0-x86_64-linux-ubuntu14/bin/../lib/gcc/riscv64-unknown-elf/8.2.0/../../../../riscv64-unknown-elf/lib/rv32imac/ilp32/libc_nano.a(lib_a-stdio.o)
                0x0000000020401be8                __sseek
 .text.__sclose
                0x0000000020401c1e        0x6 /home/tanqinhan/Desktop/riscv/freedom-e-sdk/riscv64-unknown-elf-gcc-8.2.0-2019.02.0-x86_64-linux-ubuntu14/bin/../lib/gcc/riscv64-unknown-elf/8.2.0/../../../../riscv64-unknown-elf/lib/rv32imac/ilp32/libc_nano.a(lib_a-stdio.o)
                0x0000000020401c1e                __sclose
 .text.__submore
                0x0000000020401c24       0x8a /home/tanqinhan/Desktop/riscv/freedom-e-sdk/riscv64-unknown-elf-gcc-8.2.0-2019.02.0-x86_64-linux-ubuntu14/bin/../lib/gcc/riscv64-unknown-elf/8.2.0/../../../../riscv64-unknown-elf/lib/rv32imac/ilp32/libc_nano.a(lib_a-ungetc.o)
                0x0000000020401c24                __submore
 .text._ungetc_r
                0x0000000020401cae      0x118 /home/tanqinhan/Desktop/riscv/freedom-e-sdk/riscv64-unknown-elf-gcc-8.2.0-2019.02.0-x86_64-linux-ubuntu14/bin/../lib/gcc/riscv64-unknown-elf/8.2.0/../../../../riscv64-unknown-elf/lib/rv32imac/ilp32/libc_nano.a(lib_a-ungetc.o)
                0x0000000020401cae                _ungetc_r
 .text.__swbuf_r
                0x0000000020401dc6       0xc2 /home/tanqinhan/Desktop/riscv/freedom-e-sdk/riscv64-unknown-elf-gcc-8.2.0-2019.02.0-x86_64-linux-ubuntu14/bin/../lib/gcc/riscv64-unknown-elf/8.2.0/../../../../riscv64-unknown-elf/lib/rv32imac/ilp32/libc_nano.a(lib_a-wbuf.o)
                0x0000000020401dc6                __swbuf_r
 .text._write_r
                0x0000000020401e88       0x36 /home/tanqinhan/Desktop/riscv/freedom-e-sdk/riscv64-unknown-elf-gcc-8.2.0-2019.02.0-x86_64-linux-ubuntu14/bin/../lib/gcc/riscv64-unknown-elf/8.2.0/../../../../riscv64-unknown-elf/lib/rv32imac/ilp32/libc_nano.a(lib_a-writer.o)
                0x0000000020401e88                _write_r
 .text.__swsetup_r
                0x0000000020401ebe      0x114 /home/tanqinhan/Desktop/riscv/freedom-e-sdk/riscv64-unknown-elf-gcc-8.2.0-2019.02.0-x86_64-linux-ubuntu14/bin/../lib/gcc/riscv64-unknown-elf/8.2.0/../../../../riscv64-unknown-elf/lib/rv32imac/ilp32/libc_nano.a(lib_a-wsetup.o)
                0x0000000020401ebe                __swsetup_r
 .text._close_r
                0x0000000020401fd2       0x32 /home/tanqinhan/Desktop/riscv/freedom-e-sdk/riscv64-unknown-elf-gcc-8.2.0-2019.02.0-x86_64-linux-ubuntu14/bin/../lib/gcc/riscv64-unknown-elf/8.2.0/../../../../riscv64-unknown-elf/lib/rv32imac/ilp32/libc_nano.a(lib_a-closer.o)
                0x0000000020401fd2                _close_r
 .text.__sflush_r
                0x0000000020402004      0x13e /home/tanqinhan/Desktop/riscv/freedom-e-sdk/riscv64-unknown-elf-gcc-8.2.0-2019.02.0-x86_64-linux-ubuntu14/bin/../lib/gcc/riscv64-unknown-elf/8.2.0/../../../../riscv64-unknown-elf/lib/rv32imac/ilp32/libc_nano.a(lib_a-fflush.o)
                0x0000000020402004                __sflush_r
 .text._fflush_r
                0x0000000020402142       0x66 /home/tanqinhan/Desktop/riscv/freedom-e-sdk/riscv64-unknown-elf-gcc-8.2.0-2019.02.0-x86_64-linux-ubuntu14/bin/../lib/gcc/riscv64-unknown-elf/8.2.0/../../../../riscv64-unknown-elf/lib/rv32imac/ilp32/libc_nano.a(lib_a-fflush.o)
                0x0000000020402142                _fflush_r
 .text.fflush   0x00000000204021a8       0x26 /home/tanqinhan/Desktop/riscv/freedom-e-sdk/riscv64-unknown-elf-gcc-8.2.0-2019.02.0-x86_64-linux-ubuntu14/bin/../lib/gcc/riscv64-unknown-elf/8.2.0/../../../../riscv64-unknown-elf/lib/rv32imac/ilp32/libc_nano.a(lib_a-fflush.o)
                0x00000000204021a8                fflush
 .text.__locale_ctype_ptr_l
                0x00000000204021ce        0x6 /home/tanqinhan/Desktop/riscv/freedom-e-sdk/riscv64-unknown-elf-gcc-8.2.0-2019.02.0-x86_64-linux-ubuntu14/bin/../lib/gcc/riscv64-unknown-elf/8.2.0/../../../../riscv64-unknown-elf/lib/rv32imac/ilp32/libc_nano.a(lib_a-locale.o)
                0x00000000204021ce                __locale_ctype_ptr_l
 .text.__locale_ctype_ptr
                0x00000000204021d4       0x1c /home/tanqinhan/Desktop/riscv/freedom-e-sdk/riscv64-unknown-elf-gcc-8.2.0-2019.02.0-x86_64-linux-ubuntu14/bin/../lib/gcc/riscv64-unknown-elf/8.2.0/../../../../riscv64-unknown-elf/lib/rv32imac/ilp32/libc_nano.a(lib_a-locale.o)
                0x00000000204021d4                __locale_ctype_ptr
 .text._lseek_r
                0x00000000204021f0       0x36 /home/tanqinhan/Desktop/riscv/freedom-e-sdk/riscv64-unknown-elf-gcc-8.2.0-2019.02.0-x86_64-linux-ubuntu14/bin/../lib/gcc/riscv64-unknown-elf/8.2.0/../../../../riscv64-unknown-elf/lib/rv32imac/ilp32/libc_nano.a(lib_a-lseekr.o)
                0x00000000204021f0                _lseek_r
 .text.__swhatbuf_r
                0x0000000020402226       0x5a /home/tanqinhan/Desktop/riscv/freedom-e-sdk/riscv64-unknown-elf-gcc-8.2.0-2019.02.0-x86_64-linux-ubuntu14/bin/../lib/gcc/riscv64-unknown-elf/8.2.0/../../../../riscv64-unknown-elf/lib/rv32imac/ilp32/libc_nano.a(lib_a-makebuf.o)
                0x0000000020402226                __swhatbuf_r
 .text.__smakebuf_r
                0x0000000020402280       0xa0 /home/tanqinhan/Desktop/riscv/freedom-e-sdk/riscv64-unknown-elf-gcc-8.2.0-2019.02.0-x86_64-linux-ubuntu14/bin/../lib/gcc/riscv64-unknown-elf/8.2.0/../../../../riscv64-unknown-elf/lib/rv32imac/ilp32/libc_nano.a(lib_a-makebuf.o)
                0x0000000020402280                __smakebuf_r
 .text.__ascii_mbtowc
                0x0000000020402320       0x3a /home/tanqinhan/Desktop/riscv/freedom-e-sdk/riscv64-unknown-elf-gcc-8.2.0-2019.02.0-x86_64-linux-ubuntu14/bin/../lib/gcc/riscv64-unknown-elf/8.2.0/../../../../riscv64-unknown-elf/lib/rv32imac/ilp32/libc_nano.a(lib_a-mbtowc_r.o)
                0x0000000020402320                __ascii_mbtowc
 .text.memchr   0x000000002040235a       0x1a /home/tanqinhan/Desktop/riscv/freedom-e-sdk/riscv64-unknown-elf-gcc-8.2.0-2019.02.0-x86_64-linux-ubuntu14/bin/../lib/gcc/riscv64-unknown-elf/8.2.0/../../../../riscv64-unknown-elf/lib/rv32imac/ilp32/libc_nano.a(lib_a-memchr.o)
                0x000000002040235a                memchr
 .text._realloc_r
                0x0000000020402374       0x5a /home/tanqinhan/Desktop/riscv/freedom-e-sdk/riscv64-unknown-elf-gcc-8.2.0-2019.02.0-x86_64-linux-ubuntu14/bin/../lib/gcc/riscv64-unknown-elf/8.2.0/../../../../riscv64-unknown-elf/lib/rv32imac/ilp32/libc_nano.a(lib_a-nano-reallocr.o)
                0x0000000020402374                _realloc_r
 .text._printf_common
                0x00000000204023ce      0x10c /home/tanqinhan/Desktop/riscv/freedom-e-sdk/riscv64-unknown-elf-gcc-8.2.0-2019.02.0-x86_64-linux-ubuntu14/bin/../lib/gcc/riscv64-unknown-elf/8.2.0/../../../../riscv64-unknown-elf/lib/rv32imac/ilp32/libc_nano.a(lib_a-nano-vfprintf_i.o)
                0x00000000204023ce                _printf_common
 .text._printf_i
                0x00000000204024da      0x2a2 /home/tanqinhan/Desktop/riscv/freedom-e-sdk/riscv64-unknown-elf-gcc-8.2.0-2019.02.0-x86_64-linux-ubuntu14/bin/../lib/gcc/riscv64-unknown-elf/8.2.0/../../../../riscv64-unknown-elf/lib/rv32imac/ilp32/libc_nano.a(lib_a-nano-vfprintf_i.o)
                0x00000000204024da                _printf_i
 .text._scanf_chars
                0x000000002040277c       0xec /home/tanqinhan/Desktop/riscv/freedom-e-sdk/riscv64-unknown-elf-gcc-8.2.0-2019.02.0-x86_64-linux-ubuntu14/bin/../lib/gcc/riscv64-unknown-elf/8.2.0/../../../../riscv64-unknown-elf/lib/rv32imac/ilp32/libc_nano.a(lib_a-nano-vfscanf_i.o)
                0x000000002040277c                _scanf_chars
 .text._scanf_i
                0x0000000020402868      0x264 /home/tanqinhan/Desktop/riscv/freedom-e-sdk/riscv64-unknown-elf-gcc-8.2.0-2019.02.0-x86_64-linux-ubuntu14/bin/../lib/gcc/riscv64-unknown-elf/8.2.0/../../../../riscv64-unknown-elf/lib/rv32imac/ilp32/libc_nano.a(lib_a-nano-vfscanf_i.o)
                0x0000000020402868                _scanf_i
 .text._read_r  0x0000000020402acc       0x36 /home/tanqinhan/Desktop/riscv/freedom-e-sdk/riscv64-unknown-elf-gcc-8.2.0-2019.02.0-x86_64-linux-ubuntu14/bin/../lib/gcc/riscv64-unknown-elf/8.2.0/../../../../riscv64-unknown-elf/lib/rv32imac/ilp32/libc_nano.a(lib_a-readr.o)
                0x0000000020402acc                _read_r
 .text._strtol_l.isra.0
                0x0000000020402b02      0x144 /home/tanqinhan/Desktop/riscv/freedom-e-sdk/riscv64-unknown-elf-gcc-8.2.0-2019.02.0-x86_64-linux-ubuntu14/bin/../lib/gcc/riscv64-unknown-elf/8.2.0/../../../../riscv64-unknown-elf/lib/rv32imac/ilp32/libc_nano.a(lib_a-strtol.o)
 .text._strtol_r
                0x0000000020402c46       0x18 /home/tanqinhan/Desktop/riscv/freedom-e-sdk/riscv64-unknown-elf-gcc-8.2.0-2019.02.0-x86_64-linux-ubuntu14/bin/../lib/gcc/riscv64-unknown-elf/8.2.0/../../../../riscv64-unknown-elf/lib/rv32imac/ilp32/libc_nano.a(lib_a-strtol.o)
                0x0000000020402c46                _strtol_r
 .text._strtoul_l.isra.0
                0x0000000020402c5e      0x13a /home/tanqinhan/Desktop/riscv/freedom-e-sdk/riscv64-unknown-elf-gcc-8.2.0-2019.02.0-x86_64-linux-ubuntu14/bin/../lib/gcc/riscv64-unknown-elf/8.2.0/../../../../riscv64-unknown-elf/lib/rv32imac/ilp32/libc_nano.a(lib_a-strtoul.o)
 .text._strtoul_r
                0x0000000020402d98       0x18 /home/tanqinhan/Desktop/riscv/freedom-e-sdk/riscv64-unknown-elf-gcc-8.2.0-2019.02.0-x86_64-linux-ubuntu14/bin/../lib/gcc/riscv64-unknown-elf/8.2.0/../../../../riscv64-unknown-elf/lib/rv32imac/ilp32/libc_nano.a(lib_a-strtoul.o)
                0x0000000020402d98                _strtoul_r
 .text.__ascii_wctomb
                0x0000000020402db0       0x20 /home/tanqinhan/Desktop/riscv/freedom-e-sdk/riscv64-unknown-elf-gcc-8.2.0-2019.02.0-x86_64-linux-ubuntu14/bin/../lib/gcc/riscv64-unknown-elf/8.2.0/../../../../riscv64-unknown-elf/lib/rv32imac/ilp32/libc_nano.a(lib_a-wctomb_r.o)
                0x0000000020402db0                __ascii_wctomb
 .text._fstat_r
                0x0000000020402dd0       0x32 /home/tanqinhan/Desktop/riscv/freedom-e-sdk/riscv64-unknown-elf-gcc-8.2.0-2019.02.0-x86_64-linux-ubuntu14/bin/../lib/gcc/riscv64-unknown-elf/8.2.0/../../../../riscv64-unknown-elf/lib/rv32imac/ilp32/libc_nano.a(lib_a-fstatr.o)
                0x0000000020402dd0                _fstat_r
 .text._isatty_r
                0x0000000020402e02       0x30 /home/tanqinhan/Desktop/riscv/freedom-e-sdk/riscv64-unknown-elf-gcc-8.2.0-2019.02.0-x86_64-linux-ubuntu14/bin/../lib/gcc/riscv64-unknown-elf/8.2.0/../../../../riscv64-unknown-elf/lib/rv32imac/ilp32/libc_nano.a(lib_a-isattyr.o)
                0x0000000020402e02                _isatty_r
 .text._malloc_usable_size_r
                0x0000000020402e32       0x14 /home/tanqinhan/Desktop/riscv/freedom-e-sdk/riscv64-unknown-elf-gcc-8.2.0-2019.02.0-x86_64-linux-ubuntu14/bin/../lib/gcc/riscv64-unknown-elf/8.2.0/../../../../riscv64-unknown-elf/lib/rv32imac/ilp32/libc_nano.a(lib_a-nano-msizer.o)
                0x0000000020402e32                _malloc_usable_size_r
 .text          0x0000000020402e46      0x24a /home/tanqinhan/Desktop/riscv/freedom-e-sdk/riscv64-unknown-elf-gcc-8.2.0-2019.02.0-x86_64-linux-ubuntu14/bin/../lib/gcc/riscv64-unknown-elf/8.2.0/rv32imac/ilp32/libgcc.a(divsf3.o)
                0x0000000020402e46                __divsf3
 .text          0x0000000020403090      0x21c /home/tanqinhan/Desktop/riscv/freedom-e-sdk/riscv64-unknown-elf-gcc-8.2.0-2019.02.0-x86_64-linux-ubuntu14/bin/../lib/gcc/riscv64-unknown-elf/8.2.0/rv32imac/ilp32/libgcc.a(mulsf3.o)
                0x0000000020403090                __mulsf3
 .text          0x00000000204032ac       0x60 /home/tanqinhan/Desktop/riscv/freedom-e-sdk/riscv64-unknown-elf-gcc-8.2.0-2019.02.0-x86_64-linux-ubuntu14/bin/../lib/gcc/riscv64-unknown-elf/8.2.0/rv32imac/ilp32/libgcc.a(fixsfsi.o)
                0x00000000204032ac                __fixsfsi
 .text          0x000000002040330c       0xba /home/tanqinhan/Desktop/riscv/freedom-e-sdk/riscv64-unknown-elf-gcc-8.2.0-2019.02.0-x86_64-linux-ubuntu14/bin/../lib/gcc/riscv64-unknown-elf/8.2.0/rv32imac/ilp32/libgcc.a(floatsisf.o)
                0x000000002040330c                __floatsisf
 .text          0x00000000204033c6       0x3c /home/tanqinhan/Desktop/riscv/freedom-e-sdk/riscv64-unknown-elf-gcc-8.2.0-2019.02.0-x86_64-linux-ubuntu14/bin/../lib/gcc/riscv64-unknown-elf/8.2.0/rv32imac/ilp32/libgcc.a(_clzsi2.o)
                0x00000000204033c6                __clzsi2
 *fill*         0x0000000020403402        0x2 
 .text.metal.init.trapvec
                0x0000000020403404        0x2 /home/tanqinhan/Desktop/riscv/freedom-e-sdk/bsp/freedom-e310-arty/install/lib/debug//libmetal.a(libriscv__mmachine__freedom-e310-arty_a-entry.o)
 .text._close   0x0000000020403406       0x22 /home/tanqinhan/Desktop/riscv/freedom-e-sdk/bsp/freedom-e310-arty/install/lib/debug//libmetal-gloss.a(sys_close.o)
                0x0000000020403406                _close
 .text._fstat   0x0000000020403428       0x26 /home/tanqinhan/Desktop/riscv/freedom-e-sdk/bsp/freedom-e310-arty/install/lib/debug//libmetal-gloss.a(sys_fstat.o)
                0x0000000020403428                _fstat
 .text._gettimeofday
                0x000000002040344e       0x74 /home/tanqinhan/Desktop/riscv/freedom-e-sdk/bsp/freedom-e310-arty/install/lib/debug//libmetal-gloss.a(sys_gettimeofday.o)
                0x000000002040344e                _gettimeofday
 .text._isatty  0x00000000204034c2       0x20 /home/tanqinhan/Desktop/riscv/freedom-e-sdk/bsp/freedom-e310-arty/install/lib/debug//libmetal-gloss.a(sys_isatty.o)
                0x00000000204034c2                _isatty
 .text._lseek   0x00000000204034e2       0x2a /home/tanqinhan/Desktop/riscv/freedom-e-sdk/bsp/freedom-e310-arty/install/lib/debug//libmetal-gloss.a(sys_lseek.o)
                0x00000000204034e2                _lseek
 .text._read    0x000000002040350c       0x2a /home/tanqinhan/Desktop/riscv/freedom-e-sdk/bsp/freedom-e310-arty/install/lib/debug//libmetal-gloss.a(sys_read.o)
                0x000000002040350c                _read
 .text._sbrk    0x0000000020403536       0x7c /home/tanqinhan/Desktop/riscv/freedom-e-sdk/bsp/freedom-e310-arty/install/lib/debug//libmetal-gloss.a(sys_sbrk.o)
                0x0000000020403536                _sbrk
 .text._write   0x00000000204035b2       0x6e /home/tanqinhan/Desktop/riscv/freedom-e-sdk/bsp/freedom-e310-arty/install/lib/debug//libmetal-gloss.a(sys_write.o)
                0x00000000204035b2                _write
 .text.atexit   0x0000000020403620        0xa /home/tanqinhan/Desktop/riscv/freedom-e-sdk/riscv64-unknown-elf-gcc-8.2.0-2019.02.0-x86_64-linux-ubuntu14/bin/../lib/gcc/riscv64-unknown-elf/8.2.0/../../../../riscv64-unknown-elf/lib/rv32imac/ilp32/libc_nano.a(lib_a-atexit.o)
                0x0000000020403620                atexit
 .text.__errno  0x000000002040362a        0xc /home/tanqinhan/Desktop/riscv/freedom-e-sdk/riscv64-unknown-elf-gcc-8.2.0-2019.02.0-x86_64-linux-ubuntu14/bin/../lib/gcc/riscv64-unknown-elf/8.2.0/../../../../riscv64-unknown-elf/lib/rv32imac/ilp32/libc_nano.a(lib_a-errno.o)
                0x000000002040362a                __errno
 .text.exit     0x0000000020403636       0x2c /home/tanqinhan/Desktop/riscv/freedom-e-sdk/riscv64-unknown-elf-gcc-8.2.0-2019.02.0-x86_64-linux-ubuntu14/bin/../lib/gcc/riscv64-unknown-elf/8.2.0/../../../../riscv64-unknown-elf/lib/rv32imac/ilp32/libc_nano.a(lib_a-exit.o)
                0x0000000020403636                exit
 .text.__libc_fini_array
                0x0000000020403662       0x3a /home/tanqinhan/Desktop/riscv/freedom-e-sdk/riscv64-unknown-elf-gcc-8.2.0-2019.02.0-x86_64-linux-ubuntu14/bin/../lib/gcc/riscv64-unknown-elf/8.2.0/../../../../riscv64-unknown-elf/lib/rv32imac/ilp32/libc_nano.a(lib_a-fini.o)
                0x0000000020403662                __libc_fini_array
 .text.__libc_init_array
                0x000000002040369c       0x6e /home/tanqinhan/Desktop/riscv/freedom-e-sdk/riscv64-unknown-elf-gcc-8.2.0-2019.02.0-x86_64-linux-ubuntu14/bin/../lib/gcc/riscv64-unknown-elf/8.2.0/../../../../riscv64-unknown-elf/lib/rv32imac/ilp32/libc_nano.a(lib_a-init.o)
                0x000000002040369c                __libc_init_array
 .text.__register_exitproc
                0x000000002040370a       0x8c /home/tanqinhan/Desktop/riscv/freedom-e-sdk/riscv64-unknown-elf-gcc-8.2.0-2019.02.0-x86_64-linux-ubuntu14/bin/../lib/gcc/riscv64-unknown-elf/8.2.0/../../../../riscv64-unknown-elf/lib/rv32imac/ilp32/libc_nano.a(lib_a-__atexit.o)
                0x000000002040370a                __register_exitproc
 .text.__call_exitprocs
                0x0000000020403796       0xc8 /home/tanqinhan/Desktop/riscv/freedom-e-sdk/riscv64-unknown-elf-gcc-8.2.0-2019.02.0-x86_64-linux-ubuntu14/bin/../lib/gcc/riscv64-unknown-elf/8.2.0/../../../../riscv64-unknown-elf/lib/rv32imac/ilp32/libc_nano.a(lib_a-__call_atexit.o)
                0x0000000020403796                __call_exitprocs
 .text          0x000000002040385e      0x35e /home/tanqinhan/Desktop/riscv/freedom-e-sdk/riscv64-unknown-elf-gcc-8.2.0-2019.02.0-x86_64-linux-ubuntu14/bin/../lib/gcc/riscv64-unknown-elf/8.2.0/rv32imac/ilp32/libgcc.a(_udivdi3.o)
                0x000000002040385e                __udivdi3
 .text.metal_timer_get_cyclecount
                0x0000000020403bbc       0x48 /home/tanqinhan/Desktop/riscv/freedom-e-sdk/bsp/freedom-e310-arty/install/lib/debug//libmetal.a(libriscv__mmachine__freedom-e310-arty_a-timer.o)
                0x0000000020403bbc                metal_timer_get_cyclecount
 .text.metal_timer_get_timebase_frequency
                0x0000000020403c04       0x48 /home/tanqinhan/Desktop/riscv/freedom-e-sdk/bsp/freedom-e310-arty/install/lib/debug//libmetal.a(libriscv__mmachine__freedom-e310-arty_a-timer.o)
                0x0000000020403c04                metal_timer_get_timebase_frequency
 .text.metal_tty_putc
                0x0000000020403c4c       0x50 /home/tanqinhan/Desktop/riscv/freedom-e-sdk/bsp/freedom-e310-arty/install/lib/debug//libmetal.a(libriscv__mmachine__freedom-e310-arty_a-tty.o)
                0x0000000020403c4c                metal_tty_putc
 .text.metal_tty_init
                0x0000000020403c9c       0x22 /home/tanqinhan/Desktop/riscv/freedom-e-sdk/bsp/freedom-e310-arty/install/lib/debug//libmetal.a(libriscv__mmachine__freedom-e310-arty_a-tty.o)
 .text.metal_uart_init
                0x0000000020403cbe       0x2a /home/tanqinhan/Desktop/riscv/freedom-e-sdk/bsp/freedom-e310-arty/install/lib/debug//libmetal.a(libriscv__mmachine__freedom-e310-arty_a-uart.o)
                0x0000000020403cbe                metal_uart_init
 .text.metal_uart_putc
                0x0000000020403ce8       0x32 /home/tanqinhan/Desktop/riscv/freedom-e-sdk/bsp/freedom-e310-arty/install/lib/debug//libmetal.a(libriscv__mmachine__freedom-e310-arty_a-uart.o)
                0x0000000020403ce8                metal_uart_putc
 .text.metal_uart_set_baud_rate
                0x0000000020403d1a       0x2e /home/tanqinhan/Desktop/riscv/freedom-e-sdk/bsp/freedom-e310-arty/install/lib/debug//libmetal.a(libriscv__mmachine__freedom-e310-arty_a-uart.o)
                0x0000000020403d1a                metal_uart_set_baud_rate
 .text.__metal_driver_fixed_clock_get_rate_hz
                0x0000000020403d48       0x20 /home/tanqinhan/Desktop/riscv/freedom-e-sdk/bsp/freedom-e310-arty/install/lib/debug//libmetal.a(libriscv__mmachine__freedom-e310-arty_a-fixed-clock.o)
                0x0000000020403d48                __metal_driver_fixed_clock_get_rate_hz
 .text.__metal_driver_fixed_clock_set_rate_hz
                0x0000000020403d68       0x22 /home/tanqinhan/Desktop/riscv/freedom-e-sdk/bsp/freedom-e310-arty/install/lib/debug//libmetal.a(libriscv__mmachine__freedom-e310-arty_a-fixed-clock.o)
                0x0000000020403d68                __metal_driver_fixed_clock_set_rate_hz
 .text.__metal_clint0_mtime_get
                0x0000000020403d8a       0x76 /home/tanqinhan/Desktop/riscv/freedom-e-sdk/bsp/freedom-e310-arty/install/lib/debug//libmetal.a(libriscv__mmachine__freedom-e310-arty_a-riscv,clint0.o)
                0x0000000020403d8a                __metal_clint0_mtime_get
 .text.__metal_clint0_mtime_set
                0x0000000020403e00       0x58 /home/tanqinhan/Desktop/riscv/freedom-e-sdk/bsp/freedom-e310-arty/install/lib/debug//libmetal.a(libriscv__mmachine__freedom-e310-arty_a-riscv,clint0.o)
                0x0000000020403e00                __metal_clint0_mtime_set
 .text.__metal_driver_riscv_clint0_init
                0x0000000020403e58       0x7e /home/tanqinhan/Desktop/riscv/freedom-e-sdk/bsp/freedom-e310-arty/install/lib/debug//libmetal.a(libriscv__mmachine__freedom-e310-arty_a-riscv,clint0.o)
                0x0000000020403e58                __metal_driver_riscv_clint0_init
 .text.__metal_driver_riscv_clint0_register
                0x0000000020403ed6       0x62 /home/tanqinhan/Desktop/riscv/freedom-e-sdk/bsp/freedom-e310-arty/install/lib/debug//libmetal.a(libriscv__mmachine__freedom-e310-arty_a-riscv,clint0.o)
                0x0000000020403ed6                __metal_driver_riscv_clint0_register
 .text.__metal_driver_riscv_clint0_enable
                0x0000000020403f38       0x56 /home/tanqinhan/Desktop/riscv/freedom-e-sdk/bsp/freedom-e310-arty/install/lib/debug//libmetal.a(libriscv__mmachine__freedom-e310-arty_a-riscv,clint0.o)
                0x0000000020403f38                __metal_driver_riscv_clint0_enable
 .text.__metal_driver_riscv_clint0_disable
                0x0000000020403f8e       0x56 /home/tanqinhan/Desktop/riscv/freedom-e-sdk/bsp/freedom-e310-arty/install/lib/debug//libmetal.a(libriscv__mmachine__freedom-e310-arty_a-riscv,clint0.o)
                0x0000000020403f8e                __metal_driver_riscv_clint0_disable
 .text.__metal_driver_riscv_clint0_command_request
                0x0000000020403fe4      0x122 /home/tanqinhan/Desktop/riscv/freedom-e-sdk/bsp/freedom-e310-arty/install/lib/debug//libmetal.a(libriscv__mmachine__freedom-e310-arty_a-riscv,clint0.o)
                0x0000000020403fe4                __metal_driver_riscv_clint0_command_request
 .text.__metal_driver_cpu_get
                0x0000000020404106       0x2c /home/tanqinhan/Desktop/riscv/freedom-e-sdk/bsp/freedom-e310-arty/install/lib/debug//libmetal.a(libriscv__mmachine__freedom-e310-arty_a-riscv,cpu.o)
                0x0000000020404106                __metal_driver_cpu_get
 .text.__metal_myhart_id
                0x0000000020404132       0x1a /home/tanqinhan/Desktop/riscv/freedom-e-sdk/bsp/freedom-e310-arty/install/lib/debug//libmetal.a(libriscv__mmachine__freedom-e310-arty_a-riscv,cpu.o)
                0x0000000020404132                __metal_myhart_id
 .text.__metal_interrupt_global_enable
                0x000000002040414c       0x18 /home/tanqinhan/Desktop/riscv/freedom-e-sdk/bsp/freedom-e310-arty/install/lib/debug//libmetal.a(libriscv__mmachine__freedom-e310-arty_a-riscv,cpu.o)
                0x000000002040414c                __metal_interrupt_global_enable
 .text.__metal_interrupt_global_disable
                0x0000000020404164       0x18 /home/tanqinhan/Desktop/riscv/freedom-e-sdk/bsp/freedom-e310-arty/install/lib/debug//libmetal.a(libriscv__mmachine__freedom-e310-arty_a-riscv,cpu.o)
                0x0000000020404164                __metal_interrupt_global_disable
 .text.__metal_interrupt_software_enable
                0x000000002040417c       0x18 /home/tanqinhan/Desktop/riscv/freedom-e-sdk/bsp/freedom-e310-arty/install/lib/debug//libmetal.a(libriscv__mmachine__freedom-e310-arty_a-riscv,cpu.o)
                0x000000002040417c                __metal_interrupt_software_enable
 .text.__metal_interrupt_software_disable
                0x0000000020404194       0x18 /home/tanqinhan/Desktop/riscv/freedom-e-sdk/bsp/freedom-e310-arty/install/lib/debug//libmetal.a(libriscv__mmachine__freedom-e310-arty_a-riscv,cpu.o)
                0x0000000020404194                __metal_interrupt_software_disable
 .text.__metal_interrupt_timer_enable
                0x00000000204041ac       0x1a /home/tanqinhan/Desktop/riscv/freedom-e-sdk/bsp/freedom-e310-arty/install/lib/debug//libmetal.a(libriscv__mmachine__freedom-e310-arty_a-riscv,cpu.o)
                0x00000000204041ac                __metal_interrupt_timer_enable
 .text.__metal_interrupt_timer_disable
                0x00000000204041c6       0x1a /home/tanqinhan/Desktop/riscv/freedom-e-sdk/bsp/freedom-e310-arty/install/lib/debug//libmetal.a(libriscv__mmachine__freedom-e310-arty_a-riscv,cpu.o)
                0x00000000204041c6                __metal_interrupt_timer_disable
 .text.__metal_interrupt_external_enable
                0x00000000204041e0       0x1c /home/tanqinhan/Desktop/riscv/freedom-e-sdk/bsp/freedom-e310-arty/install/lib/debug//libmetal.a(libriscv__mmachine__freedom-e310-arty_a-riscv,cpu.o)
                0x00000000204041e0                __metal_interrupt_external_enable
 .text.__metal_interrupt_external_disable
                0x00000000204041fc       0x1c /home/tanqinhan/Desktop/riscv/freedom-e-sdk/bsp/freedom-e310-arty/install/lib/debug//libmetal.a(libriscv__mmachine__freedom-e310-arty_a-riscv,cpu.o)
                0x00000000204041fc                __metal_interrupt_external_disable
 .text.__metal_interrupt_local_enable
                0x0000000020404218       0x2c /home/tanqinhan/Desktop/riscv/freedom-e-sdk/bsp/freedom-e310-arty/install/lib/debug//libmetal.a(libriscv__mmachine__freedom-e310-arty_a-riscv,cpu.o)
                0x0000000020404218                __metal_interrupt_local_enable
 .text.__metal_interrupt_local_disable
                0x0000000020404244       0x2c /home/tanqinhan/Desktop/riscv/freedom-e-sdk/bsp/freedom-e310-arty/install/lib/debug//libmetal.a(libriscv__mmachine__freedom-e310-arty_a-riscv,cpu.o)
                0x0000000020404244                __metal_interrupt_local_disable
 .text.__metal_default_exception_handler
                0x0000000020404270       0x18 /home/tanqinhan/Desktop/riscv/freedom-e-sdk/bsp/freedom-e310-arty/install/lib/debug//libmetal.a(libriscv__mmachine__freedom-e310-arty_a-riscv,cpu.o)
                0x0000000020404270                __metal_default_exception_handler
 .text.__metal_default_interrupt_handler
                0x0000000020404288       0x18 /home/tanqinhan/Desktop/riscv/freedom-e-sdk/bsp/freedom-e310-arty/install/lib/debug//libmetal.a(libriscv__mmachine__freedom-e310-arty_a-riscv,cpu.o)
                0x0000000020404288                __metal_default_interrupt_handler
 .text.__metal_default_sw_handler
                0x00000000204042a0       0x64 /home/tanqinhan/Desktop/riscv/freedom-e-sdk/bsp/freedom-e310-arty/install/lib/debug//libmetal.a(libriscv__mmachine__freedom-e310-arty_a-riscv,cpu.o)
                0x00000000204042a0                __metal_default_sw_handler
 .text.__metal_default_timer_handler
                0x0000000020404304       0x66 /home/tanqinhan/Desktop/riscv/freedom-e-sdk/bsp/freedom-e310-arty/install/lib/debug//libmetal.a(libriscv__mmachine__freedom-e310-arty_a-riscv,cpu.o)
                0x0000000020404304                __metal_default_timer_handler
 *fill*         0x000000002040436a       0x16 
 .text.__metal_exception_handler
                0x0000000020404380      0x178 /home/tanqinhan/Desktop/riscv/freedom-e-sdk/bsp/freedom-e310-arty/install/lib/debug//libmetal.a(libriscv__mmachine__freedom-e310-arty_a-riscv,cpu.o)
                0x0000000020404380                __metal_exception_handler
 .text.__metal_controller_interrupt_vector
                0x00000000204044f8       0xa6 /home/tanqinhan/Desktop/riscv/freedom-e-sdk/bsp/freedom-e310-arty/install/lib/debug//libmetal.a(libriscv__mmachine__freedom-e310-arty_a-riscv,cpu.o)
                0x00000000204044f8                __metal_controller_interrupt_vector
 .text.__metal_valid_interrupt_id
                0x000000002040459e       0x38 /home/tanqinhan/Desktop/riscv/freedom-e-sdk/bsp/freedom-e310-arty/install/lib/debug//libmetal.a(libriscv__mmachine__freedom-e310-arty_a-riscv,cpu.o)
                0x000000002040459e                __metal_valid_interrupt_id
 .text.__metal_local_interrupt_enable
                0x00000000204045d6       0xb6 /home/tanqinhan/Desktop/riscv/freedom-e-sdk/bsp/freedom-e310-arty/install/lib/debug//libmetal.a(libriscv__mmachine__freedom-e310-arty_a-riscv,cpu.o)
                0x00000000204045d6                __metal_local_interrupt_enable
 .text.__metal_exception_register
                0x000000002040468c       0x4e /home/tanqinhan/Desktop/riscv/freedom-e-sdk/bsp/freedom-e310-arty/install/lib/debug//libmetal.a(libriscv__mmachine__freedom-e310-arty_a-riscv,cpu.o)
                0x000000002040468c                __metal_exception_register
 .text.__metal_driver_riscv_cpu_controller_interrupt_init
                0x00000000204046da       0xf4 /home/tanqinhan/Desktop/riscv/freedom-e-sdk/bsp/freedom-e310-arty/install/lib/debug//libmetal.a(libriscv__mmachine__freedom-e310-arty_a-riscv,cpu.o)
                0x00000000204046da                __metal_driver_riscv_cpu_controller_interrupt_init
 .text.__metal_driver_riscv_cpu_controller_interrupt_register
                0x00000000204047ce      0x148 /home/tanqinhan/Desktop/riscv/freedom-e-sdk/bsp/freedom-e310-arty/install/lib/debug//libmetal.a(libriscv__mmachine__freedom-e310-arty_a-riscv,cpu.o)
                0x00000000204047ce                __metal_driver_riscv_cpu_controller_interrupt_register
 .text.__metal_driver_riscv_cpu_controller_interrupt_enable
                0x0000000020404916       0x2c /home/tanqinhan/Desktop/riscv/freedom-e-sdk/bsp/freedom-e310-arty/install/lib/debug//libmetal.a(libriscv__mmachine__freedom-e310-arty_a-riscv,cpu.o)
                0x0000000020404916                __metal_driver_riscv_cpu_controller_interrupt_enable
 .text.__metal_driver_riscv_cpu_controller_interrupt_disable
                0x0000000020404942       0x2c /home/tanqinhan/Desktop/riscv/freedom-e-sdk/bsp/freedom-e310-arty/install/lib/debug//libmetal.a(libriscv__mmachine__freedom-e310-arty_a-riscv,cpu.o)
                0x0000000020404942                __metal_driver_riscv_cpu_controller_interrupt_disable
 .text.__metal_driver_riscv_cpu_controller_interrupt_enable_vector
                0x000000002040496e       0x66 /home/tanqinhan/Desktop/riscv/freedom-e-sdk/bsp/freedom-e310-arty/install/lib/debug//libmetal.a(libriscv__mmachine__freedom-e310-arty_a-riscv,cpu.o)
                0x000000002040496e                __metal_driver_riscv_cpu_controller_interrupt_enable_vector
 .text.__metal_driver_riscv_cpu_controller_interrupt_disable_vector
                0x00000000204049d4       0x3c /home/tanqinhan/Desktop/riscv/freedom-e-sdk/bsp/freedom-e310-arty/install/lib/debug//libmetal.a(libriscv__mmachine__freedom-e310-arty_a-riscv,cpu.o)
                0x00000000204049d4                __metal_driver_riscv_cpu_controller_interrupt_disable_vector
 .text.__metal_driver_riscv_cpu_controller_command_request
                0x0000000020404a10       0x1c /home/tanqinhan/Desktop/riscv/freedom-e-sdk/bsp/freedom-e310-arty/install/lib/debug//libmetal.a(libriscv__mmachine__freedom-e310-arty_a-riscv,cpu.o)
                0x0000000020404a10                __metal_driver_riscv_cpu_controller_command_request
 .text.__metal_driver_cpu_timer_get
                0x0000000020404a2c       0x72 /home/tanqinhan/Desktop/riscv/freedom-e-sdk/bsp/freedom-e310-arty/install/lib/debug//libmetal.a(libriscv__mmachine__freedom-e310-arty_a-riscv,cpu.o)
                0x0000000020404a2c                __metal_driver_cpu_timer_get
 .text.__metal_driver_cpu_timebase_get
                0x0000000020404a9e       0x34 /home/tanqinhan/Desktop/riscv/freedom-e-sdk/bsp/freedom-e310-arty/install/lib/debug//libmetal.a(libriscv__mmachine__freedom-e310-arty_a-riscv,cpu.o)
                0x0000000020404a9e                __metal_driver_cpu_timebase_get
 .text.__metal_driver_cpu_mtime_get
                0x0000000020404ad2       0x6e /home/tanqinhan/Desktop/riscv/freedom-e-sdk/bsp/freedom-e310-arty/install/lib/debug//libmetal.a(libriscv__mmachine__freedom-e310-arty_a-riscv,cpu.o)
                0x0000000020404ad2                __metal_driver_cpu_mtime_get
 .text.__metal_driver_cpu_mtimecmp_set
                0x0000000020404b40       0x6e /home/tanqinhan/Desktop/riscv/freedom-e-sdk/bsp/freedom-e310-arty/install/lib/debug//libmetal.a(libriscv__mmachine__freedom-e310-arty_a-riscv,cpu.o)
                0x0000000020404b40                __metal_driver_cpu_mtimecmp_set
 .text.__metal_driver_cpu_timer_controller_interrupt
                0x0000000020404bae       0x1a /home/tanqinhan/Desktop/riscv/freedom-e-sdk/bsp/freedom-e310-arty/install/lib/debug//libmetal.a(libriscv__mmachine__freedom-e310-arty_a-riscv,cpu.o)
                0x0000000020404bae                __metal_driver_cpu_timer_controller_interrupt
 .text.__metal_driver_cpu_get_timer_interrupt_id
                0x0000000020404bc8       0x14 /home/tanqinhan/Desktop/riscv/freedom-e-sdk/bsp/freedom-e310-arty/install/lib/debug//libmetal.a(libriscv__mmachine__freedom-e310-arty_a-riscv,cpu.o)
                0x0000000020404bc8                __metal_driver_cpu_get_timer_interrupt_id
 .text.__metal_driver_cpu_sw_controller_interrupt
                0x0000000020404bdc       0x1a /home/tanqinhan/Desktop/riscv/freedom-e-sdk/bsp/freedom-e310-arty/install/lib/debug//libmetal.a(libriscv__mmachine__freedom-e310-arty_a-riscv,cpu.o)
                0x0000000020404bdc                __metal_driver_cpu_sw_controller_interrupt
 .text.__metal_driver_cpu_get_sw_interrupt_id
                0x0000000020404bf6       0x14 /home/tanqinhan/Desktop/riscv/freedom-e-sdk/bsp/freedom-e310-arty/install/lib/debug//libmetal.a(libriscv__mmachine__freedom-e310-arty_a-riscv,cpu.o)
                0x0000000020404bf6                __metal_driver_cpu_get_sw_interrupt_id
 .text.__metal_driver_cpu_set_sw_ipi
                0x0000000020404c0a       0x6a /home/tanqinhan/Desktop/riscv/freedom-e-sdk/bsp/freedom-e310-arty/install/lib/debug//libmetal.a(libriscv__mmachine__freedom-e310-arty_a-riscv,cpu.o)
                0x0000000020404c0a                __metal_driver_cpu_set_sw_ipi
 .text.__metal_driver_cpu_clear_sw_ipi
                0x0000000020404c74       0x6a /home/tanqinhan/Desktop/riscv/freedom-e-sdk/bsp/freedom-e310-arty/install/lib/debug//libmetal.a(libriscv__mmachine__freedom-e310-arty_a-riscv,cpu.o)
                0x0000000020404c74                __metal_driver_cpu_clear_sw_ipi
 .text.__metal_driver_cpu_get_msip
                0x0000000020404cde       0x68 /home/tanqinhan/Desktop/riscv/freedom-e-sdk/bsp/freedom-e310-arty/install/lib/debug//libmetal.a(libriscv__mmachine__freedom-e310-arty_a-riscv,cpu.o)
                0x0000000020404cde                __metal_driver_cpu_get_msip
 .text.__metal_driver_cpu_controller_interrupt
                0x0000000020404d46       0x20 /home/tanqinhan/Desktop/riscv/freedom-e-sdk/bsp/freedom-e310-arty/install/lib/debug//libmetal.a(libriscv__mmachine__freedom-e310-arty_a-riscv,cpu.o)
                0x0000000020404d46                __metal_driver_cpu_controller_interrupt
 .text.__metal_driver_cpu_exception_register
                0x0000000020404d66       0x48 /home/tanqinhan/Desktop/riscv/freedom-e-sdk/bsp/freedom-e310-arty/install/lib/debug//libmetal.a(libriscv__mmachine__freedom-e310-arty_a-riscv,cpu.o)
                0x0000000020404d66                __metal_driver_cpu_exception_register
 .text.__metal_driver_cpu_get_instruction_length
                0x0000000020404dae       0x28 /home/tanqinhan/Desktop/riscv/freedom-e-sdk/bsp/freedom-e310-arty/install/lib/debug//libmetal.a(libriscv__mmachine__freedom-e310-arty_a-riscv,cpu.o)
                0x0000000020404dae                __metal_driver_cpu_get_instruction_length
 .text.__metal_driver_cpu_get_exception_pc
                0x0000000020404dd6       0x1e /home/tanqinhan/Desktop/riscv/freedom-e-sdk/bsp/freedom-e310-arty/install/lib/debug//libmetal.a(libriscv__mmachine__freedom-e310-arty_a-riscv,cpu.o)
                0x0000000020404dd6                __metal_driver_cpu_get_exception_pc
 .text.__metal_driver_cpu_set_exception_pc
                0x0000000020404df4       0x20 /home/tanqinhan/Desktop/riscv/freedom-e-sdk/bsp/freedom-e310-arty/install/lib/debug//libmetal.a(libriscv__mmachine__freedom-e310-arty_a-riscv,cpu.o)
                0x0000000020404df4                __metal_driver_cpu_set_exception_pc
 .text.__metal_plic0_claim_interrupt
                0x0000000020404e14       0x22 /home/tanqinhan/Desktop/riscv/freedom-e-sdk/bsp/freedom-e310-arty/install/lib/debug//libmetal.a(libriscv__mmachine__freedom-e310-arty_a-riscv,plic0.o)
                0x0000000020404e14                __metal_plic0_claim_interrupt
 .text.__metal_plic0_complete_interrupt
                0x0000000020404e36       0x2c /home/tanqinhan/Desktop/riscv/freedom-e-sdk/bsp/freedom-e310-arty/install/lib/debug//libmetal.a(libriscv__mmachine__freedom-e310-arty_a-riscv,plic0.o)
                0x0000000020404e36                __metal_plic0_complete_interrupt
 .text.__metal_plic0_set_threshold
                0x0000000020404e62       0x2a /home/tanqinhan/Desktop/riscv/freedom-e-sdk/bsp/freedom-e310-arty/install/lib/debug//libmetal.a(libriscv__mmachine__freedom-e310-arty_a-riscv,plic0.o)
                0x0000000020404e62                __metal_plic0_set_threshold
 .text.__metal_plic0_set_priority
                0x0000000020404e8c       0x48 /home/tanqinhan/Desktop/riscv/freedom-e-sdk/bsp/freedom-e310-arty/install/lib/debug//libmetal.a(libriscv__mmachine__freedom-e310-arty_a-riscv,plic0.o)
                0x0000000020404e8c                __metal_plic0_set_priority
 .text.__metal_plic0_enable
                0x0000000020404ed4       0x8a /home/tanqinhan/Desktop/riscv/freedom-e-sdk/bsp/freedom-e310-arty/install/lib/debug//libmetal.a(libriscv__mmachine__freedom-e310-arty_a-riscv,plic0.o)
                0x0000000020404ed4                __metal_plic0_enable
 .text.__metal_plic0_default_handler
                0x0000000020404f5e       0x18 /home/tanqinhan/Desktop/riscv/freedom-e-sdk/bsp/freedom-e310-arty/install/lib/debug//libmetal.a(libriscv__mmachine__freedom-e310-arty_a-riscv,plic0.o)
                0x0000000020404f5e                __metal_plic0_default_handler
 .text.__metal_plic0_handler
                0x0000000020404f76       0x8a /home/tanqinhan/Desktop/riscv/freedom-e-sdk/bsp/freedom-e310-arty/install/lib/debug//libmetal.a(libriscv__mmachine__freedom-e310-arty_a-riscv,plic0.o)
                0x0000000020404f76                __metal_plic0_handler
 .text.__metal_driver_riscv_plic0_init
                0x0000000020405000      0x11a /home/tanqinhan/Desktop/riscv/freedom-e-sdk/bsp/freedom-e310-arty/install/lib/debug//libmetal.a(libriscv__mmachine__freedom-e310-arty_a-riscv,plic0.o)
                0x0000000020405000                __metal_driver_riscv_plic0_init
 .text.__metal_driver_riscv_plic0_register
                0x000000002040511a       0xc0 /home/tanqinhan/Desktop/riscv/freedom-e-sdk/bsp/freedom-e310-arty/install/lib/debug//libmetal.a(libriscv__mmachine__freedom-e310-arty_a-riscv,plic0.o)
                0x000000002040511a                __metal_driver_riscv_plic0_register
 .text.__metal_driver_riscv_plic0_enable
                0x00000000204051da       0x44 /home/tanqinhan/Desktop/riscv/freedom-e-sdk/bsp/freedom-e310-arty/install/lib/debug//libmetal.a(libriscv__mmachine__freedom-e310-arty_a-riscv,plic0.o)
                0x00000000204051da                __metal_driver_riscv_plic0_enable
 .text.__metal_driver_riscv_plic0_disable
                0x000000002040521e       0x44 /home/tanqinhan/Desktop/riscv/freedom-e-sdk/bsp/freedom-e310-arty/install/lib/debug//libmetal.a(libriscv__mmachine__freedom-e310-arty_a-riscv,plic0.o)
                0x000000002040521e                __metal_driver_riscv_plic0_disable
 .text.__metal_driver_sifive_gpio0_disable_input
                0x0000000020405262       0x40 /home/tanqinhan/Desktop/riscv/freedom-e-sdk/bsp/freedom-e310-arty/install/lib/debug//libmetal.a(libriscv__mmachine__freedom-e310-arty_a-sifive,gpio0.o)
                0x0000000020405262                __metal_driver_sifive_gpio0_disable_input
 .text.__metal_driver_sifive_gpio0_output
                0x00000000204052a2       0x24 /home/tanqinhan/Desktop/riscv/freedom-e-sdk/bsp/freedom-e310-arty/install/lib/debug//libmetal.a(libriscv__mmachine__freedom-e310-arty_a-sifive,gpio0.o)
                0x00000000204052a2                __metal_driver_sifive_gpio0_output
 .text.__metal_driver_sifive_gpio0_enable_output
                0x00000000204052c6       0x3a /home/tanqinhan/Desktop/riscv/freedom-e-sdk/bsp/freedom-e310-arty/install/lib/debug//libmetal.a(libriscv__mmachine__freedom-e310-arty_a-sifive,gpio0.o)
                0x00000000204052c6                __metal_driver_sifive_gpio0_enable_output
 .text.__metal_driver_sifive_gpio0_output_set
                0x0000000020405300       0x3a /home/tanqinhan/Desktop/riscv/freedom-e-sdk/bsp/freedom-e310-arty/install/lib/debug//libmetal.a(libriscv__mmachine__freedom-e310-arty_a-sifive,gpio0.o)
                0x0000000020405300                __metal_driver_sifive_gpio0_output_set
 .text.__metal_driver_sifive_gpio0_output_clear
                0x000000002040533a       0x40 /home/tanqinhan/Desktop/riscv/freedom-e-sdk/bsp/freedom-e310-arty/install/lib/debug//libmetal.a(libriscv__mmachine__freedom-e310-arty_a-sifive,gpio0.o)
                0x000000002040533a                __metal_driver_sifive_gpio0_output_clear
 .text.__metal_driver_sifive_gpio0_output_toggle
                0x000000002040537a       0x3a /home/tanqinhan/Desktop/riscv/freedom-e-sdk/bsp/freedom-e310-arty/install/lib/debug//libmetal.a(libriscv__mmachine__freedom-e310-arty_a-sifive,gpio0.o)
                0x000000002040537a                __metal_driver_sifive_gpio0_output_toggle
 .text.__metal_driver_sifive_gpio0_enable_io
                0x00000000204053b4       0x66 /home/tanqinhan/Desktop/riscv/freedom-e-sdk/bsp/freedom-e310-arty/install/lib/debug//libmetal.a(libriscv__mmachine__freedom-e310-arty_a-sifive,gpio0.o)
                0x00000000204053b4                __metal_driver_sifive_gpio0_enable_io
 .text.__metal_driver_sifive_uart0_interrupt_controller
                0x000000002040541a       0x20 /home/tanqinhan/Desktop/riscv/freedom-e-sdk/bsp/freedom-e310-arty/install/lib/debug//libmetal.a(libriscv__mmachine__freedom-e310-arty_a-sifive,uart0.o)
                0x000000002040541a                __metal_driver_sifive_uart0_interrupt_controller
 .text.__metal_driver_sifive_uart0_get_interrupt_id
                0x000000002040543a       0x24 /home/tanqinhan/Desktop/riscv/freedom-e-sdk/bsp/freedom-e310-arty/install/lib/debug//libmetal.a(libriscv__mmachine__freedom-e310-arty_a-sifive,uart0.o)
                0x000000002040543a                __metal_driver_sifive_uart0_get_interrupt_id
 .text.__metal_driver_sifive_uart0_putc
                0x000000002040545e       0x36 /home/tanqinhan/Desktop/riscv/freedom-e-sdk/bsp/freedom-e310-arty/install/lib/debug//libmetal.a(libriscv__mmachine__freedom-e310-arty_a-sifive,uart0.o)
                0x000000002040545e                __metal_driver_sifive_uart0_putc
 .text.__metal_driver_sifive_uart0_getc
                0x0000000020405494       0x48 /home/tanqinhan/Desktop/riscv/freedom-e-sdk/bsp/freedom-e310-arty/install/lib/debug//libmetal.a(libriscv__mmachine__freedom-e310-arty_a-sifive,uart0.o)
                0x0000000020405494                __metal_driver_sifive_uart0_getc
 .text.__metal_driver_sifive_uart0_get_baud_rate
                0x00000000204054dc       0x20 /home/tanqinhan/Desktop/riscv/freedom-e-sdk/bsp/freedom-e310-arty/install/lib/debug//libmetal.a(libriscv__mmachine__freedom-e310-arty_a-sifive,uart0.o)
                0x00000000204054dc                __metal_driver_sifive_uart0_get_baud_rate
 .text.__metal_driver_sifive_uart0_set_baud_rate
                0x00000000204054fc       0x98 /home/tanqinhan/Desktop/riscv/freedom-e-sdk/bsp/freedom-e310-arty/install/lib/debug//libmetal.a(libriscv__mmachine__freedom-e310-arty_a-sifive,uart0.o)
                0x00000000204054fc                __metal_driver_sifive_uart0_set_baud_rate
 .text.pre_rate_change_callback
                0x0000000020405594       0xd0 /home/tanqinhan/Desktop/riscv/freedom-e-sdk/bsp/freedom-e310-arty/install/lib/debug//libmetal.a(libriscv__mmachine__freedom-e310-arty_a-sifive,uart0.o)
 .text.post_rate_change_callback
                0x0000000020405664       0x30 /home/tanqinhan/Desktop/riscv/freedom-e-sdk/bsp/freedom-e310-arty/install/lib/debug//libmetal.a(libriscv__mmachine__freedom-e310-arty_a-sifive,uart0.o)
 .text.__metal_driver_sifive_uart0_init
                0x0000000020405694       0x94 /home/tanqinhan/Desktop/riscv/freedom-e-sdk/bsp/freedom-e310-arty/install/lib/debug//libmetal.a(libriscv__mmachine__freedom-e310-arty_a-sifive,uart0.o)
                0x0000000020405694                __metal_driver_sifive_uart0_init
 .text.metal_clock_register_pre_rate_change_callback
                0x0000000020405728       0x2e /home/tanqinhan/Desktop/riscv/freedom-e-sdk/bsp/freedom-e310-arty/install/lib/debug//libmetal.a(libriscv__mmachine__freedom-e310-arty_a-clock.o)
                0x0000000020405728                metal_clock_register_pre_rate_change_callback
 .text.metal_clock_register_post_rate_change_callback
                0x0000000020405756       0x2e /home/tanqinhan/Desktop/riscv/freedom-e-sdk/bsp/freedom-e310-arty/install/lib/debug//libmetal.a(libriscv__mmachine__freedom-e310-arty_a-clock.o)
                0x0000000020405756                metal_clock_register_post_rate_change_callback
 .text.metal_cpu_get_timer
                0x0000000020405784       0x2a /home/tanqinhan/Desktop/riscv/freedom-e-sdk/bsp/freedom-e310-arty/install/lib/debug//libmetal.a(libriscv__mmachine__freedom-e310-arty_a-cpu.o)
                0x0000000020405784                metal_cpu_get_timer
 .text.metal_cpu_get_timebase
                0x00000000204057ae       0x2a /home/tanqinhan/Desktop/riscv/freedom-e-sdk/bsp/freedom-e310-arty/install/lib/debug//libmetal.a(libriscv__mmachine__freedom-e310-arty_a-cpu.o)
                0x00000000204057ae                metal_cpu_get_timebase
 .text.metal_cpu_get
                0x00000000204057d8       0x2c /home/tanqinhan/Desktop/riscv/freedom-e-sdk/bsp/freedom-e310-arty/install/lib/debug//libmetal.a(libriscv__mmachine__freedom-e310-arty_a-cpu.o)
                0x00000000204057d8                metal_cpu_get
 .text.metal_shutdown
                0x0000000020405804        0xe /home/tanqinhan/Desktop/riscv/freedom-e-sdk/bsp/freedom-e310-arty/install/lib/debug//libmetal.a(libriscv__mmachine__freedom-e310-arty_a-shutdown.o)
                0x0000000020405804                metal_shutdown
 .text._exit    0x0000000020405812       0x12 /home/tanqinhan/Desktop/riscv/freedom-e-sdk/bsp/freedom-e310-arty/install/lib/debug//libmetal-gloss.a(sys_exit.o)
                0x0000000020405812                _exit
 *(.gnu.linkonce.t.*)

.fini
 *(SORT_NONE(.fini))
                [!provide]                        PROVIDE (__etext = .)
                [!provide]                        PROVIDE (_etext = .)
                [!provide]                        PROVIDE (etext = .)

.rodata         0x0000000020405824      0xbac
 *(.rdata)
 *(.rodata .rodata.*)
 .rodata.main.cst4
                0x0000000020405824        0x8 dhry_1.o
 .rodata.main.str1.4
                0x000000002040582c      0x5fb dhry_1.o
                                        0x5ff (size before relaxing)
 *fill*         0x0000000020405e27        0x1 
 .rodata.__sf_fake_stderr
                0x0000000020405e28       0x20 /home/tanqinhan/Desktop/riscv/freedom-e-sdk/riscv64-unknown-elf-gcc-8.2.0-2019.02.0-x86_64-linux-ubuntu14/bin/../lib/gcc/riscv64-unknown-elf/8.2.0/../../../../riscv64-unknown-elf/lib/rv32imac/ilp32/libc_nano.a(lib_a-findfp.o)
                0x0000000020405e28                __sf_fake_stderr
 .rodata.__sf_fake_stdin
                0x0000000020405e48       0x20 /home/tanqinhan/Desktop/riscv/freedom-e-sdk/riscv64-unknown-elf-gcc-8.2.0-2019.02.0-x86_64-linux-ubuntu14/bin/../lib/gcc/riscv64-unknown-elf/8.2.0/../../../../riscv64-unknown-elf/lib/rv32imac/ilp32/libc_nano.a(lib_a-findfp.o)
                0x0000000020405e48                __sf_fake_stdin
 .rodata.__sf_fake_stdout
                0x0000000020405e68       0x20 /home/tanqinhan/Desktop/riscv/freedom-e-sdk/riscv64-unknown-elf-gcc-8.2.0-2019.02.0-x86_64-linux-ubuntu14/bin/../lib/gcc/riscv64-unknown-elf/8.2.0/../../../../riscv64-unknown-elf/lib/rv32imac/ilp32/libc_nano.a(lib_a-findfp.o)
                0x0000000020405e68                __sf_fake_stdout
 .rodata._vfprintf_r.str1.4
                0x0000000020405e88       0x13 /home/tanqinhan/Desktop/riscv/freedom-e-sdk/riscv64-unknown-elf-gcc-8.2.0-2019.02.0-x86_64-linux-ubuntu14/bin/../lib/gcc/riscv64-unknown-elf/8.2.0/../../../../riscv64-unknown-elf/lib/rv32imac/ilp32/libc_nano.a(lib_a-nano-vfprintf.o)
 .rodata.__svfscanf_r.str1.4
                0x0000000020405e9b        0x4 /home/tanqinhan/Desktop/riscv/freedom-e-sdk/riscv64-unknown-elf-gcc-8.2.0-2019.02.0-x86_64-linux-ubuntu14/bin/../lib/gcc/riscv64-unknown-elf/8.2.0/../../../../riscv64-unknown-elf/lib/rv32imac/ilp32/libc_nano.a(lib_a-nano-vfscanf.o)
 *fill*         0x0000000020405e9b        0x1 
 .rodata._setlocale_r.str1.4
                0x0000000020405e9c        0xa /home/tanqinhan/Desktop/riscv/freedom-e-sdk/riscv64-unknown-elf-gcc-8.2.0-2019.02.0-x86_64-linux-ubuntu14/bin/../lib/gcc/riscv64-unknown-elf/8.2.0/../../../../riscv64-unknown-elf/lib/rv32imac/ilp32/libc_nano.a(lib_a-locale.o)
                                          0xd (size before relaxing)
 *fill*         0x0000000020405ea6        0x2 
 .rodata.str1.4
                0x0000000020405ea8        0x2 /home/tanqinhan/Desktop/riscv/freedom-e-sdk/riscv64-unknown-elf-gcc-8.2.0-2019.02.0-x86_64-linux-ubuntu14/bin/../lib/gcc/riscv64-unknown-elf/8.2.0/../../../../riscv64-unknown-elf/lib/rv32imac/ilp32/libc_nano.a(lib_a-locale.o)
 *fill*         0x0000000020405eaa        0x2 
 .rodata._printf_i.str1.4
                0x0000000020405eac       0x25 /home/tanqinhan/Desktop/riscv/freedom-e-sdk/riscv64-unknown-elf-gcc-8.2.0-2019.02.0-x86_64-linux-ubuntu14/bin/../lib/gcc/riscv64-unknown-elf/8.2.0/../../../../riscv64-unknown-elf/lib/rv32imac/ilp32/libc_nano.a(lib_a-nano-vfprintf_i.o)
 *fill*         0x0000000020405ed1        0x3 
 .rodata._scanf_i.str1.4
                0x0000000020405ed4       0x12 /home/tanqinhan/Desktop/riscv/freedom-e-sdk/riscv64-unknown-elf-gcc-8.2.0-2019.02.0-x86_64-linux-ubuntu14/bin/../lib/gcc/riscv64-unknown-elf/8.2.0/../../../../riscv64-unknown-elf/lib/rv32imac/ilp32/libc_nano.a(lib_a-nano-vfscanf_i.o)
 *fill*         0x0000000020405ee6        0x2 
 .rodata.str1.4
                0x0000000020405ee8        0xc /home/tanqinhan/Desktop/riscv/freedom-e-sdk/riscv64-unknown-elf-gcc-8.2.0-2019.02.0-x86_64-linux-ubuntu14/bin/../lib/gcc/riscv64-unknown-elf/8.2.0/../../../../riscv64-unknown-elf/lib/rv32imac/ilp32/libc_nano.a(lib_a-nano-vfscanf_i.o)
                                          0xb (size before relaxing)
 .rodata._ctype_
                0x0000000020405ef4      0x101 /home/tanqinhan/Desktop/riscv/freedom-e-sdk/riscv64-unknown-elf-gcc-8.2.0-2019.02.0-x86_64-linux-ubuntu14/bin/../lib/gcc/riscv64-unknown-elf/8.2.0/../../../../riscv64-unknown-elf/lib/rv32imac/ilp32/libc_nano.a(lib_a-ctype_.o)
                0x0000000020405ef4                _ctype_
 *fill*         0x0000000020405ff5        0x3 
 .rodata        0x0000000020405ff8       0x3c /home/tanqinhan/Desktop/riscv/freedom-e-sdk/riscv64-unknown-elf-gcc-8.2.0-2019.02.0-x86_64-linux-ubuntu14/bin/../lib/gcc/riscv64-unknown-elf/8.2.0/rv32imac/ilp32/libgcc.a(divsf3.o)
 .rodata        0x0000000020406034       0x3c /home/tanqinhan/Desktop/riscv/freedom-e-sdk/riscv64-unknown-elf-gcc-8.2.0-2019.02.0-x86_64-linux-ubuntu14/bin/../lib/gcc/riscv64-unknown-elf/8.2.0/rv32imac/ilp32/libgcc.a(mulsf3.o)
 .rodata        0x0000000020406070      0x100 /home/tanqinhan/Desktop/riscv/freedom-e-sdk/riscv64-unknown-elf-gcc-8.2.0-2019.02.0-x86_64-linux-ubuntu14/bin/../lib/gcc/riscv64-unknown-elf/8.2.0/rv32imac/ilp32/libgcc.a(_clz.o)
                0x0000000020406070                __clz_tab
 .rodata.libgloss.start
                0x0000000020406170       0x11 /home/tanqinhan/Desktop/riscv/freedom-e-sdk/bsp/freedom-e310-arty/install/lib/debug//libmetal-gloss.a(crt0.o)
 *fill*         0x0000000020406181        0x3 
 .rodata.__metal_driver_vtable_riscv_cpu_intc
                0x0000000020406184       0x1c /home/tanqinhan/Desktop/riscv/freedom-e-sdk/bsp/freedom-e310-arty/install/lib/debug//libmetal.a(libriscv__mmachine__freedom-e310-arty_a-timer.o)
                0x0000000020406184                __metal_driver_vtable_riscv_cpu_intc
 .rodata.__metal_driver_vtable_cpu
                0x00000000204061a0       0x40 /home/tanqinhan/Desktop/riscv/freedom-e-sdk/bsp/freedom-e310-arty/install/lib/debug//libmetal.a(libriscv__mmachine__freedom-e310-arty_a-timer.o)
                0x00000000204061a0                __metal_driver_vtable_cpu
 .rodata.__metal_driver_vtable_riscv_clint0
                0x00000000204061e0       0x1c /home/tanqinhan/Desktop/riscv/freedom-e-sdk/bsp/freedom-e310-arty/install/lib/debug//libmetal.a(libriscv__mmachine__freedom-e310-arty_a-timer.o)
                0x00000000204061e0                __metal_driver_vtable_riscv_clint0
 .rodata.__metal_driver_vtable_riscv_plic0
                0x00000000204061fc       0x1c /home/tanqinhan/Desktop/riscv/freedom-e-sdk/bsp/freedom-e310-arty/install/lib/debug//libmetal.a(libriscv__mmachine__freedom-e310-arty_a-timer.o)
                0x00000000204061fc                __metal_driver_vtable_riscv_plic0
 .rodata.__metal_driver_vtable_sifive_gpio0
                0x0000000020406218       0x1c /home/tanqinhan/Desktop/riscv/freedom-e-sdk/bsp/freedom-e310-arty/install/lib/debug//libmetal.a(libriscv__mmachine__freedom-e310-arty_a-timer.o)
                0x0000000020406218                __metal_driver_vtable_sifive_gpio0
 .rodata.__metal_driver_vtable_sifive_uart0
                0x0000000020406234       0x1c /home/tanqinhan/Desktop/riscv/freedom-e-sdk/bsp/freedom-e310-arty/install/lib/debug//libmetal.a(libriscv__mmachine__freedom-e310-arty_a-timer.o)
                0x0000000020406234                __metal_driver_vtable_sifive_uart0
 .rodata.__metal_driver_riscv_clint0_command_request
                0x0000000020406250       0x18 /home/tanqinhan/Desktop/riscv/freedom-e-sdk/bsp/freedom-e310-arty/install/lib/debug//libmetal.a(libriscv__mmachine__freedom-e310-arty_a-riscv,clint0.o)
 .rodata.__metal_valid_interrupt_id
                0x0000000020406268       0x74 /home/tanqinhan/Desktop/riscv/freedom-e-sdk/bsp/freedom-e310-arty/install/lib/debug//libmetal.a(libriscv__mmachine__freedom-e310-arty_a-riscv,cpu.o)
 .rodata.__metal_local_interrupt_enable
                0x00000000204062dc       0x80 /home/tanqinhan/Desktop/riscv/freedom-e-sdk/bsp/freedom-e310-arty/install/lib/debug//libmetal.a(libriscv__mmachine__freedom-e310-arty_a-riscv,cpu.o)
 .rodata.__metal_driver_riscv_cpu_controller_interrupt_register
                0x000000002040635c       0x74 /home/tanqinhan/Desktop/riscv/freedom-e-sdk/bsp/freedom-e310-arty/install/lib/debug//libmetal.a(libriscv__mmachine__freedom-e310-arty_a-riscv,cpu.o)
 *(.gnu.linkonce.r.*)

.rela.dyn       0x00000000204063d0        0x0
 .rela.text._sbrk_r
                0x00000000204063d0        0x0 dhry_1.o
 .rela.text._gettimeofday_r
                0x00000000204063d0        0x0 dhry_1.o
 .rela.text._vfprintf_r
                0x00000000204063d0        0x0 dhry_1.o
 .rela.text.__svfscanf_r
                0x00000000204063d0        0x0 dhry_1.o
 .rela.text._write_r
                0x00000000204063d0        0x0 dhry_1.o
 .rela.text._close_r
                0x00000000204063d0        0x0 dhry_1.o
 .rela.text._lseek_r
                0x00000000204063d0        0x0 dhry_1.o
 .rela.text._read_r
                0x00000000204063d0        0x0 dhry_1.o
 .rela.text._fstat_r
                0x00000000204063d0        0x0 dhry_1.o
 .rela.text._isatty_r
                0x00000000204063d0        0x0 dhry_1.o
 .rela.text.metal.init.enter
                0x00000000204063d0        0x0 dhry_1.o
 .rela.text.libgloss.start
                0x00000000204063d0        0x0 dhry_1.o
 .rela.sdata.brk
                0x00000000204063d0        0x0 dhry_1.o
 .rela.text._sbrk
                0x00000000204063d0        0x0 dhry_1.o
 .rela.text.__libc_fini_array
                0x00000000204063d0        0x0 dhry_1.o
 .rela.text.__libc_init_array
                0x00000000204063d0        0x0 dhry_1.o
 .rela.text.__register_exitproc
                0x00000000204063d0        0x0 dhry_1.o
 .rela.text.startup.register_fini
                0x00000000204063d0        0x0 dhry_1.o
 .rela.data.__metal_dt_clock_0
                0x00000000204063d0        0x0 dhry_1.o
 .rela.data.__metal_dt_clint_2000000
                0x00000000204063d0        0x0 dhry_1.o
 .rela.data.__metal_dt_cpu_0
                0x00000000204063d0        0x0 dhry_1.o
 .rela.data.__metal_dt_interrupt_controller
                0x00000000204063d0        0x0 dhry_1.o
 .rela.data.__metal_dt_interrupt_controller_c000000
                0x00000000204063d0        0x0 dhry_1.o
 .rela.data.__metal_dt_gpio_10012000
                0x00000000204063d0        0x0 dhry_1.o
 .rela.data.__metal_dt_serial_10013000
                0x00000000204063d0        0x0 dhry_1.o
 .rela.sdata.__metal_cpu_table
                0x00000000204063d0        0x0 dhry_1.o
 .rela.text.metal_tty_putc
                0x00000000204063d0        0x0 dhry_1.o
 .rela.text.metal_tty_init
                0x00000000204063d0        0x0 dhry_1.o
 .rela.text.__metal_driver_cpu_get
                0x00000000204063d0        0x0 dhry_1.o
 .rela.text.__metal_default_sw_handler
                0x00000000204063d0        0x0 dhry_1.o
 .rela.text.__metal_exception_handler
                0x00000000204063d0        0x0 dhry_1.o
 .rela.text.__metal_driver_cpu_timer_controller_interrupt
                0x00000000204063d0        0x0 dhry_1.o
 .rela.text.__metal_driver_cpu_sw_controller_interrupt
                0x00000000204063d0        0x0 dhry_1.o
 .rela.text.metal_cpu_get
                0x00000000204063d0        0x0 dhry_1.o
                0x00000000204063d0                . = ALIGN (0x4)

.preinit_array  0x00000000204063d0        0x0
                0x00000000204063d0                PROVIDE (__preinit_array_start = .)
 *(.preinit_array)
                0x00000000204063d0                PROVIDE (__preinit_array_end = .)

.init_array     0x00000000204063d0        0x8
                0x00000000204063d0                PROVIDE (__init_array_start = .)
 *(SORT_BY_INIT_PRIORITY(.init_array.*) SORT_BY_INIT_PRIORITY(.ctors.*))
 .init_array.00000
                0x00000000204063d0        0x4 /home/tanqinhan/Desktop/riscv/freedom-e-sdk/riscv64-unknown-elf-gcc-8.2.0-2019.02.0-x86_64-linux-ubuntu14/bin/../lib/gcc/riscv64-unknown-elf/8.2.0/../../../../riscv64-unknown-elf/lib/rv32imac/ilp32/libc_nano.a(lib_a-__call_atexit.o)
 *(.init_array EXCLUDE_FILE(*crtend?.o *crtend.o *crtbegin?.o *crtbegin.o) .ctors)
 .init_array    0x00000000204063d4        0x4 /home/tanqinhan/Desktop/riscv/freedom-e-sdk/bsp/freedom-e310-arty/install/lib/debug//libmetal.a(libriscv__mmachine__freedom-e310-arty_a-tty.o)
                0x00000000204063d8                PROVIDE (__init_array_end = .)

.finit_array    0x00000000204063d8        0x0
                [!provide]                        PROVIDE (__finit_array_start = .)
 *(SORT_BY_INIT_PRIORITY(.fini_array.*) SORT_BY_INIT_PRIORITY(.dtors.*))
 *(.fini_array EXCLUDE_FILE(*crtend?.o *crtend.o *crtbegin?.o *crtbegin.o) .dtors)
                [!provide]                        PROVIDE (__finit_array_end = .)

.ctors
 *crtbegin.o(.ctors)
 *crtbegin?.o(.ctors)
 *(EXCLUDE_FILE(*crtend?.o *crtend.o) .ctors)
 *(SORT_BY_NAME(.ctors.*))
 *(.ctors)

.dtors
 *crtbegin.o(.dtors)
 *crtbegin?.o(.dtors)
 *(EXCLUDE_FILE(*crtend?.o *crtend.o) .dtors)
 *(SORT_BY_NAME(.dtors.*))
 *(.dtors)

.litimalign     0x00000000204063d8        0x0
                0x00000000204063d8                . = ALIGN (0x4)
                0x00000000204063d8                PROVIDE (metal_segment_itim_source_start = .)

.ditimalign     0x0000000008000000        0x0 load address 0x00000000204063d8
                0x0000000008000000                . = ALIGN (0x4)
                0x0000000008000000                PROVIDE (metal_segment_itim_target_start = .)

.itim
 *(.itim .itim.*)
                0x0000000008000000                . = ALIGN (0x8)
                0x0000000008000000                PROVIDE (metal_segment_itim_target_end = .)

.lalign         0x00000000204063d8        0x0
                0x00000000204063d8                . = ALIGN (0x4)
                [!provide]                        PROVIDE (_data_lma = .)
                0x00000000204063d8                PROVIDE (metal_segment_data_source_start = .)

.dalign         0x0000000080000000        0x0 load address 0x00000000204063d8
                0x0000000080000000                . = ALIGN (0x4)
                0x0000000080000000                PROVIDE (metal_segment_data_target_start = .)

.data           0x0000000080000000      0x9a0 load address 0x00000000204063d8
 *(.data .data.*)
 .data.impure_data
                0x0000000080000000       0x60 /home/tanqinhan/Desktop/riscv/freedom-e-sdk/riscv64-unknown-elf-gcc-8.2.0-2019.02.0-x86_64-linux-ubuntu14/bin/../lib/gcc/riscv64-unknown-elf/8.2.0/../../../../riscv64-unknown-elf/lib/rv32imac/ilp32/libc_nano.a(lib_a-impure.o)
 .data.__global_locale
                0x0000000080000060      0x16c /home/tanqinhan/Desktop/riscv/freedom-e-sdk/riscv64-unknown-elf-gcc-8.2.0-2019.02.0-x86_64-linux-ubuntu14/bin/../lib/gcc/riscv64-unknown-elf/8.2.0/../../../../riscv64-unknown-elf/lib/rv32imac/ilp32/libc_nano.a(lib_a-locale.o)
                0x0000000080000060                __global_locale
 .data.__metal_dt_clock_0
                0x00000000800001cc       0x1c /home/tanqinhan/Desktop/riscv/freedom-e-sdk/bsp/freedom-e310-arty/install/lib/debug//libmetal.a(libriscv__mmachine__freedom-e310-arty_a-timer.o)
                0x00000000800001cc                __metal_dt_clock_0
 .data.__metal_dt_clint_2000000
                0x00000000800001e8       0x24 /home/tanqinhan/Desktop/riscv/freedom-e-sdk/bsp/freedom-e310-arty/install/lib/debug//libmetal.a(libriscv__mmachine__freedom-e310-arty_a-timer.o)
                0x00000000800001e8                __metal_dt_clint_2000000
 .data.__metal_dt_cpu_0
                0x000000008000020c       0x10 /home/tanqinhan/Desktop/riscv/freedom-e-sdk/bsp/freedom-e310-arty/install/lib/debug//libmetal.a(libriscv__mmachine__freedom-e310-arty_a-timer.o)
                0x000000008000020c                __metal_dt_cpu_0
 *fill*         0x000000008000021c        0x4 
 .data.__metal_dt_interrupt_controller
                0x0000000080000220      0x3c0 /home/tanqinhan/Desktop/riscv/freedom-e-sdk/bsp/freedom-e310-arty/install/lib/debug//libmetal.a(libriscv__mmachine__freedom-e310-arty_a-timer.o)
                0x0000000080000220                __metal_dt_interrupt_controller
 .data.__metal_dt_interrupt_controller_c000000
                0x00000000800005e0      0x320 /home/tanqinhan/Desktop/riscv/freedom-e-sdk/bsp/freedom-e310-arty/install/lib/debug//libmetal.a(libriscv__mmachine__freedom-e310-arty_a-timer.o)
                0x00000000800005e0                __metal_dt_interrupt_controller_c000000
 .data.__metal_dt_gpio_10012000
                0x0000000080000900       0x58 /home/tanqinhan/Desktop/riscv/freedom-e-sdk/bsp/freedom-e310-arty/install/lib/debug//libmetal.a(libriscv__mmachine__freedom-e310-arty_a-timer.o)
                0x0000000080000900                __metal_dt_gpio_10012000
 .data.__metal_dt_serial_10013000
                0x0000000080000958       0x30 /home/tanqinhan/Desktop/riscv/freedom-e-sdk/bsp/freedom-e310-arty/install/lib/debug//libmetal.a(libriscv__mmachine__freedom-e310-arty_a-timer.o)
                0x0000000080000958                __metal_dt_serial_10013000
 *(.gnu.linkonce.d.*)
                0x0000000080000988                . = ALIGN (0x8)
                0x0000000080001188                PROVIDE (__global_pointer$ = (. + 0x800))
 *(.sdata .sdata.* .sdata2.*)
 .sdata._impure_ptr
                0x0000000080000988        0x4 /home/tanqinhan/Desktop/riscv/freedom-e-sdk/riscv64-unknown-elf-gcc-8.2.0-2019.02.0-x86_64-linux-ubuntu14/bin/../lib/gcc/riscv64-unknown-elf/8.2.0/../../../../riscv64-unknown-elf/lib/rv32imac/ilp32/libc_nano.a(lib_a-impure.o)
                0x0000000080000988                _impure_ptr
 .sdata2._global_impure_ptr
                0x000000008000098c        0x4 /home/tanqinhan/Desktop/riscv/freedom-e-sdk/riscv64-unknown-elf-gcc-8.2.0-2019.02.0-x86_64-linux-ubuntu14/bin/../lib/gcc/riscv64-unknown-elf/8.2.0/../../../../riscv64-unknown-elf/lib/rv32imac/ilp32/libc_nano.a(lib_a-impure.o)
                0x000000008000098c                _global_impure_ptr
 .sdata.brk     0x0000000080000990        0x4 /home/tanqinhan/Desktop/riscv/freedom-e-sdk/bsp/freedom-e310-arty/install/lib/debug//libmetal-gloss.a(sys_sbrk.o)
 .sdata2.__metal_driver_vtable_fixed_clock
                0x0000000080000994        0x8 /home/tanqinhan/Desktop/riscv/freedom-e-sdk/bsp/freedom-e310-arty/install/lib/debug//libmetal.a(libriscv__mmachine__freedom-e310-arty_a-timer.o)
                0x0000000080000994                __metal_driver_vtable_fixed_clock
 .sdata.__metal_cpu_table
                0x000000008000099c        0x4 /home/tanqinhan/Desktop/riscv/freedom-e-sdk/bsp/freedom-e310-arty/install/lib/debug//libmetal.a(libriscv__mmachine__freedom-e310-arty_a-timer.o)
                0x000000008000099c                __metal_cpu_table
 *(.gnu.linkonce.s.*)
                0x00000000800009a0                . = ALIGN (0x8)
 *(.srodata.cst16)
 *(.srodata.cst8)
 *(.srodata.cst4)
 *(.srodata.cst2)
 *(.srodata .srodata.*)
                0x00000000800009a0                . = ALIGN (0x4)
                [!provide]                        PROVIDE (_edata = .)
                [!provide]                        PROVIDE (edata = .)
                0x00000000800009a0                PROVIDE (metal_segment_data_target_end = .)
                [!provide]                        PROVIDE (_fbss = .)
                [!provide]                        PROVIDE (__bss_start = .)
                0x00000000800009a0                PROVIDE (metal_segment_bss_target_start = .)

.bss            0x00000000800009a0     0x28a0
 *(.sbss*)
 .sbss.Begin_Time
                0x00000000800009a0        0x4 dhry_1.o
                0x00000000800009a0                Begin_Time
 .sbss.Bool_Glob
                0x00000000800009a4        0x4 dhry_1.o
                0x00000000800009a4                Bool_Glob
 .sbss.Ch_1_Glob
                0x00000000800009a8        0x1 dhry_1.o
                0x00000000800009a8                Ch_1_Glob
 .sbss.Ch_2_Glob
                0x00000000800009a9        0x1 dhry_1.o
                0x00000000800009a9                Ch_2_Glob
 *fill*         0x00000000800009aa        0x2 
 .sbss.Dhrystones_Per_Second
                0x00000000800009ac        0x4 dhry_1.o
                0x00000000800009ac                Dhrystones_Per_Second
 .sbss.End_Time
                0x00000000800009b0        0x4 dhry_1.o
                0x00000000800009b0                End_Time
 .sbss.Int_Glob
                0x00000000800009b4        0x4 dhry_1.o
                0x00000000800009b4                Int_Glob
 .sbss.Microseconds
                0x00000000800009b8        0x4 dhry_1.o
                0x00000000800009b8                Microseconds
 .sbss.Next_Ptr_Glob
                0x00000000800009bc        0x4 dhry_1.o
                0x00000000800009bc                Next_Ptr_Glob
 .sbss.Ptr_Glob
                0x00000000800009c0        0x4 dhry_1.o
                0x00000000800009c0                Ptr_Glob
 .sbss.Reg      0x00000000800009c4        0x4 dhry_1.o
                0x00000000800009c4                Reg
 .sbss.User_Time
                0x00000000800009c8        0x4 dhry_1.o
                0x00000000800009c8                User_Time
 .sbss.__malloc_free_list
                0x00000000800009cc        0x4 /home/tanqinhan/Desktop/riscv/freedom-e-sdk/riscv64-unknown-elf-gcc-8.2.0-2019.02.0-x86_64-linux-ubuntu14/bin/../lib/gcc/riscv64-unknown-elf/8.2.0/../../../../riscv64-unknown-elf/lib/rv32imac/ilp32/libc_nano.a(lib_a-nano-mallocr.o)
                0x00000000800009cc                __malloc_free_list
 .sbss.__malloc_sbrk_start
                0x00000000800009d0        0x4 /home/tanqinhan/Desktop/riscv/freedom-e-sdk/riscv64-unknown-elf-gcc-8.2.0-2019.02.0-x86_64-linux-ubuntu14/bin/../lib/gcc/riscv64-unknown-elf/8.2.0/../../../../riscv64-unknown-elf/lib/rv32imac/ilp32/libc_nano.a(lib_a-nano-mallocr.o)
                0x00000000800009d0                __malloc_sbrk_start
 .sbss._global_atexit
                0x00000000800009d4        0x4 /home/tanqinhan/Desktop/riscv/freedom-e-sdk/riscv64-unknown-elf-gcc-8.2.0-2019.02.0-x86_64-linux-ubuntu14/bin/../lib/gcc/riscv64-unknown-elf/8.2.0/../../../../riscv64-unknown-elf/lib/rv32imac/ilp32/libc_nano.a(lib_a-__call_atexit.o)
                0x00000000800009d4                _global_atexit
 *(.gnu.linkonce.sb.*)
 *(.bss .bss.*)
 .bss.Arr_1_Glob
                0x00000000800009d8       0xc8 dhry_1.o
                0x00000000800009d8                Arr_1_Glob
 .bss.Arr_2_Glob
                0x0000000080000aa0     0x2710 dhry_1.o
                0x0000000080000aa0                Arr_2_Glob
 .bss._global_atexit0
                0x00000000800031b0       0x8c /home/tanqinhan/Desktop/riscv/freedom-e-sdk/riscv64-unknown-elf-gcc-8.2.0-2019.02.0-x86_64-linux-ubuntu14/bin/../lib/gcc/riscv64-unknown-elf/8.2.0/../../../../riscv64-unknown-elf/lib/rv32imac/ilp32/libc_nano.a(lib_a-__atexit.o)
 *(.gnu.linkonce.b.*)
 *(COMMON)
 COMMON         0x000000008000323c        0x4 /home/tanqinhan/Desktop/riscv/freedom-e-sdk/riscv64-unknown-elf-gcc-8.2.0-2019.02.0-x86_64-linux-ubuntu14/bin/../lib/gcc/riscv64-unknown-elf/8.2.0/../../../../riscv64-unknown-elf/lib/rv32imac/ilp32/libc_nano.a(lib_a-reent.o)
                0x000000008000323c                errno
                0x0000000080003240                . = ALIGN (0x4)
                0x0000000080003240                . = ALIGN (0x8)
                [!provide]                        PROVIDE (_end = .)
                [!provide]                        PROVIDE (end = .)
                0x0000000080003240                PROVIDE (metal_segment_bss_target_end = .)

.stack          0x0000000080003240      0x800
                [!provide]                        PROVIDE (metal_segment_stack_begin = .)
                0x0000000000000800                . = __stack_size
 *fill*         0x0000000080003240      0x800 
                [!provide]                        PROVIDE (_sp = .)
                0x0000000080003a40                PROVIDE (metal_segment_stack_end = .)

.heap           0x0000000080003a40      0x5c0
                0x0000000080003a40                PROVIDE (metal_segment_heap_target_start = .)
                0x0000000000000400                . = __heap_size
 *fill*         0x0000000080003a40      0x400 
                0x0000000080004000                . = (__heap_size == 0x0)?0x0:(ORIGIN (ram) + LENGTH (ram))
 *fill*         0x0000000080003e40      0x1c0 
                0x0000000080004000                PROVIDE (metal_segment_heap_target_end = .)
                [!provide]                        PROVIDE (_heap_end = .)
OUTPUT(dhrystone elf32-littleriscv)

.debug_info     0x0000000000000000    0x13890
 .debug_info    0x0000000000000000     0x1704 dhry_1.o
 .debug_info    0x0000000000001704      0xc03 dhry_2.o
 .debug_info    0x0000000000002307      0x3bf /home/tanqinhan/Desktop/riscv/freedom-e-sdk/riscv64-unknown-elf-gcc-8.2.0-2019.02.0-x86_64-linux-ubuntu14/bin/../lib/gcc/riscv64-unknown-elf/8.2.0/rv32imac/ilp32/libgcc.a(divsf3.o)
 .debug_info    0x00000000000026c6      0x3ac /home/tanqinhan/Desktop/riscv/freedom-e-sdk/riscv64-unknown-elf-gcc-8.2.0-2019.02.0-x86_64-linux-ubuntu14/bin/../lib/gcc/riscv64-unknown-elf/8.2.0/rv32imac/ilp32/libgcc.a(mulsf3.o)
 .debug_info    0x0000000000002a72      0x1f7 /home/tanqinhan/Desktop/riscv/freedom-e-sdk/riscv64-unknown-elf-gcc-8.2.0-2019.02.0-x86_64-linux-ubuntu14/bin/../lib/gcc/riscv64-unknown-elf/8.2.0/rv32imac/ilp32/libgcc.a(fixsfsi.o)
 .debug_info    0x0000000000002c69      0x25d /home/tanqinhan/Desktop/riscv/freedom-e-sdk/riscv64-unknown-elf-gcc-8.2.0-2019.02.0-x86_64-linux-ubuntu14/bin/../lib/gcc/riscv64-unknown-elf/8.2.0/rv32imac/ilp32/libgcc.a(floatsisf.o)
 .debug_info    0x0000000000002ec6      0xbac /home/tanqinhan/Desktop/riscv/freedom-e-sdk/riscv64-unknown-elf-gcc-8.2.0-2019.02.0-x86_64-linux-ubuntu14/bin/../lib/gcc/riscv64-unknown-elf/8.2.0/rv32imac/ilp32/libgcc.a(_clzsi2.o)
 .debug_info    0x0000000000003a72      0xb3f /home/tanqinhan/Desktop/riscv/freedom-e-sdk/riscv64-unknown-elf-gcc-8.2.0-2019.02.0-x86_64-linux-ubuntu14/bin/../lib/gcc/riscv64-unknown-elf/8.2.0/rv32imac/ilp32/libgcc.a(_clz.o)
 .debug_info    0x00000000000045b1       0x22 /home/tanqinhan/Desktop/riscv/freedom-e-sdk/bsp/freedom-e310-arty/install/lib/debug//libmetal.a(libriscv__mmachine__freedom-e310-arty_a-entry.o)
 .debug_info    0x00000000000045d3       0x26 /home/tanqinhan/Desktop/riscv/freedom-e-sdk/bsp/freedom-e310-arty/install/lib/debug//libmetal-gloss.a(crt0.o)
 .debug_info    0x00000000000045f9      0x969 /home/tanqinhan/Desktop/riscv/freedom-e-sdk/bsp/freedom-e310-arty/install/lib/debug//libmetal-gloss.a(sys_close.o)
 .debug_info    0x0000000000004f62      0xbac /home/tanqinhan/Desktop/riscv/freedom-e-sdk/bsp/freedom-e310-arty/install/lib/debug//libmetal-gloss.a(sys_fstat.o)
 .debug_info    0x0000000000005b0e      0xa39 /home/tanqinhan/Desktop/riscv/freedom-e-sdk/bsp/freedom-e310-arty/install/lib/debug//libmetal-gloss.a(sys_gettimeofday.o)
 .debug_info    0x0000000000006547       0xf4 /home/tanqinhan/Desktop/riscv/freedom-e-sdk/bsp/freedom-e310-arty/install/lib/debug//libmetal-gloss.a(sys_isatty.o)
 .debug_info    0x000000000000663b      0x99f /home/tanqinhan/Desktop/riscv/freedom-e-sdk/bsp/freedom-e310-arty/install/lib/debug//libmetal-gloss.a(sys_lseek.o)
 .debug_info    0x0000000000006fda      0x99f /home/tanqinhan/Desktop/riscv/freedom-e-sdk/bsp/freedom-e310-arty/install/lib/debug//libmetal-gloss.a(sys_read.o)
 .debug_info    0x0000000000007979      0x117 /home/tanqinhan/Desktop/riscv/freedom-e-sdk/bsp/freedom-e310-arty/install/lib/debug//libmetal-gloss.a(sys_sbrk.o)
 .debug_info    0x0000000000007a90      0xa1e /home/tanqinhan/Desktop/riscv/freedom-e-sdk/bsp/freedom-e310-arty/install/lib/debug//libmetal-gloss.a(sys_write.o)
 .debug_info    0x00000000000084ae     0x121a /home/tanqinhan/Desktop/riscv/freedom-e-sdk/riscv64-unknown-elf-gcc-8.2.0-2019.02.0-x86_64-linux-ubuntu14/bin/../lib/gcc/riscv64-unknown-elf/8.2.0/rv32imac/ilp32/libgcc.a(_udivdi3.o)
 .debug_info    0x00000000000096c8     0x1c00 /home/tanqinhan/Desktop/riscv/freedom-e-sdk/bsp/freedom-e310-arty/install/lib/debug//libmetal.a(libriscv__mmachine__freedom-e310-arty_a-timer.o)
 .debug_info    0x000000000000b2c8     0x1285 /home/tanqinhan/Desktop/riscv/freedom-e-sdk/bsp/freedom-e310-arty/install/lib/debug//libmetal.a(libriscv__mmachine__freedom-e310-arty_a-tty.o)
 .debug_info    0x000000000000c54d      0x3f1 /home/tanqinhan/Desktop/riscv/freedom-e-sdk/bsp/freedom-e310-arty/install/lib/debug//libmetal.a(libriscv__mmachine__freedom-e310-arty_a-uart.o)
 .debug_info    0x000000000000c93e      0x220 /home/tanqinhan/Desktop/riscv/freedom-e-sdk/bsp/freedom-e310-arty/install/lib/debug//libmetal.a(libriscv__mmachine__freedom-e310-arty_a-fixed-clock.o)
 .debug_info    0x000000000000cb5e      0x822 /home/tanqinhan/Desktop/riscv/freedom-e-sdk/bsp/freedom-e310-arty/install/lib/debug//libmetal.a(libriscv__mmachine__freedom-e310-arty_a-riscv,clint0.o)
 .debug_info    0x000000000000d380     0x20eb /home/tanqinhan/Desktop/riscv/freedom-e-sdk/bsp/freedom-e310-arty/install/lib/debug//libmetal.a(libriscv__mmachine__freedom-e310-arty_a-riscv,cpu.o)
 .debug_info    0x000000000000f46b      0x8da /home/tanqinhan/Desktop/riscv/freedom-e-sdk/bsp/freedom-e310-arty/install/lib/debug//libmetal.a(libriscv__mmachine__freedom-e310-arty_a-riscv,plic0.o)
 .debug_info    0x000000000000fd45      0x3fc /home/tanqinhan/Desktop/riscv/freedom-e-sdk/bsp/freedom-e310-arty/install/lib/debug//libmetal.a(libriscv__mmachine__freedom-e310-arty_a-sifive,gpio0.o)
 .debug_info    0x0000000000010141      0xc6d /home/tanqinhan/Desktop/riscv/freedom-e-sdk/bsp/freedom-e310-arty/install/lib/debug//libmetal.a(libriscv__mmachine__freedom-e310-arty_a-sifive,uart0.o)
 .debug_info    0x0000000000010dae      0x229 /home/tanqinhan/Desktop/riscv/freedom-e-sdk/bsp/freedom-e310-arty/install/lib/debug//libmetal.a(libriscv__mmachine__freedom-e310-arty_a-clock.o)
 .debug_info    0x0000000000010fd7     0x1577 /home/tanqinhan/Desktop/riscv/freedom-e-sdk/bsp/freedom-e310-arty/install/lib/debug//libmetal.a(libriscv__mmachine__freedom-e310-arty_a-cpu.o)
 .debug_info    0x000000000001254e     0x12f3 /home/tanqinhan/Desktop/riscv/freedom-e-sdk/bsp/freedom-e310-arty/install/lib/debug//libmetal.a(libriscv__mmachine__freedom-e310-arty_a-shutdown.o)
 .debug_info    0x0000000000013841       0x4f /home/tanqinhan/Desktop/riscv/freedom-e-sdk/bsp/freedom-e310-arty/install/lib/debug//libmetal-gloss.a(sys_exit.o)

.debug_abbrev   0x0000000000000000     0x35b8
 .debug_abbrev  0x0000000000000000      0x328 dhry_1.o
 .debug_abbrev  0x0000000000000328      0x249 dhry_2.o
 .debug_abbrev  0x0000000000000571      0x17a /home/tanqinhan/Desktop/riscv/freedom-e-sdk/riscv64-unknown-elf-gcc-8.2.0-2019.02.0-x86_64-linux-ubuntu14/bin/../lib/gcc/riscv64-unknown-elf/8.2.0/rv32imac/ilp32/libgcc.a(divsf3.o)
 .debug_abbrev  0x00000000000006eb      0x17a /home/tanqinhan/Desktop/riscv/freedom-e-sdk/riscv64-unknown-elf-gcc-8.2.0-2019.02.0-x86_64-linux-ubuntu14/bin/../lib/gcc/riscv64-unknown-elf/8.2.0/rv32imac/ilp32/libgcc.a(mulsf3.o)
 .debug_abbrev  0x0000000000000865      0x18a /home/tanqinhan/Desktop/riscv/freedom-e-sdk/riscv64-unknown-elf-gcc-8.2.0-2019.02.0-x86_64-linux-ubuntu14/bin/../lib/gcc/riscv64-unknown-elf/8.2.0/rv32imac/ilp32/libgcc.a(fixsfsi.o)
 .debug_abbrev  0x00000000000009ef      0x198 /home/tanqinhan/Desktop/riscv/freedom-e-sdk/riscv64-unknown-elf-gcc-8.2.0-2019.02.0-x86_64-linux-ubuntu14/bin/../lib/gcc/riscv64-unknown-elf/8.2.0/rv32imac/ilp32/libgcc.a(floatsisf.o)
 .debug_abbrev  0x0000000000000b87      0x242 /home/tanqinhan/Desktop/riscv/freedom-e-sdk/riscv64-unknown-elf-gcc-8.2.0-2019.02.0-x86_64-linux-ubuntu14/bin/../lib/gcc/riscv64-unknown-elf/8.2.0/rv32imac/ilp32/libgcc.a(_clzsi2.o)
 .debug_abbrev  0x0000000000000dc9      0x1e8 /home/tanqinhan/Desktop/riscv/freedom-e-sdk/riscv64-unknown-elf-gcc-8.2.0-2019.02.0-x86_64-linux-ubuntu14/bin/../lib/gcc/riscv64-unknown-elf/8.2.0/rv32imac/ilp32/libgcc.a(_clz.o)
 .debug_abbrev  0x0000000000000fb1       0x12 /home/tanqinhan/Desktop/riscv/freedom-e-sdk/bsp/freedom-e310-arty/install/lib/debug//libmetal.a(libriscv__mmachine__freedom-e310-arty_a-entry.o)
 .debug_abbrev  0x0000000000000fc3       0x14 /home/tanqinhan/Desktop/riscv/freedom-e-sdk/bsp/freedom-e310-arty/install/lib/debug//libmetal-gloss.a(crt0.o)
 .debug_abbrev  0x0000000000000fd7      0x1e7 /home/tanqinhan/Desktop/riscv/freedom-e-sdk/bsp/freedom-e310-arty/install/lib/debug//libmetal-gloss.a(sys_close.o)
 .debug_abbrev  0x00000000000011be      0x1fa /home/tanqinhan/Desktop/riscv/freedom-e-sdk/bsp/freedom-e310-arty/install/lib/debug//libmetal-gloss.a(sys_fstat.o)