Archive member included to satisfy reference by file (symbol)

/home/tanqinhan/Desktop/riscv/freedom-e-sdk/riscv64-unknown-elf-gcc-8.2.0-2019.02.0-x86_64-linux-ubuntu14/bin/../lib/gcc/riscv64-unknown-elf/8.2.0/../../../../riscv64-unknown-elf/lib/rv32imac/ilp32/libc.a(lib_a-puts.o)
                              /tmp/ccy1M8rN.o (puts)
/home/tanqinhan/Desktop/riscv/freedom-e-sdk/riscv64-unknown-elf-gcc-8.2.0-2019.02.0-x86_64-linux-ubuntu14/bin/../lib/gcc/riscv64-unknown-elf/8.2.0/../../../../riscv64-unknown-elf/lib/rv32imac/ilp32/libc.a(lib_a-strlen.o)
                              /home/tanqinhan/Desktop/riscv/freedom-e-sdk/riscv64-unknown-elf-gcc-8.2.0-2019.02.0-x86_64-linux-ubuntu14/bin/../lib/gcc/riscv64-unknown-elf/8.2.0/../../../../riscv64-unknown-elf/lib/rv32imac/ilp32/libc.a(lib_a-puts.o) (strlen)
/home/tanqinhan/Desktop/riscv/freedom-e-sdk/riscv64-unknown-elf-gcc-8.2.0-2019.02.0-x86_64-linux-ubuntu14/bin/../lib/gcc/riscv64-unknown-elf/8.2.0/../../../../riscv64-unknown-elf/lib/rv32imac/ilp32/libc.a(lib_a-findfp.o)
                              /home/tanqinhan/Desktop/riscv/freedom-e-sdk/riscv64-unknown-elf-gcc-8.2.0-2019.02.0-x86_64-linux-ubuntu14/bin/../lib/gcc/riscv64-unknown-elf/8.2.0/../../../../riscv64-unknown-elf/lib/rv32imac/ilp32/libc.a(lib_a-puts.o) (__sinit)
/home/tanqinhan/Desktop/riscv/freedom-e-sdk/riscv64-unknown-elf-gcc-8.2.0-2019.02.0-x86_64-linux-ubuntu14/bin/../lib/gcc/riscv64-unknown-elf/8.2.0/../../../../riscv64-unknown-elf/lib/rv32imac/ilp32/libc.a(lib_a-fvwrite.o)
                              /home/tanqinhan/Desktop/riscv/freedom-e-sdk/riscv64-unknown-elf-gcc-8.2.0-2019.02.0-x86_64-linux-ubuntu14/bin/../lib/gcc/riscv64-unknown-elf/8.2.0/../../../../riscv64-unknown-elf/lib/rv32imac/ilp32/libc.a(lib_a-puts.o) (__sfvwrite_r)
/home/tanqinhan/Desktop/riscv/freedom-e-sdk/riscv64-unknown-elf-gcc-8.2.0-2019.02.0-x86_64-linux-ubuntu14/bin/../lib/gcc/riscv64-unknown-elf/8.2.0/../../../../riscv64-unknown-elf/lib/rv32imac/ilp32/libc.a(lib_a-fwalk.o)
                              /home/tanqinhan/Desktop/riscv/freedom-e-sdk/riscv64-unknown-elf-gcc-8.2.0-2019.02.0-x86_64-linux-ubuntu14/bin/../lib/gcc/riscv64-unknown-elf/8.2.0/../../../../riscv64-unknown-elf/lib/rv32imac/ilp32/libc.a(lib_a-findfp.o) (_fwalk)
/home/tanqinhan/Desktop/riscv/freedom-e-sdk/riscv64-unknown-elf-gcc-8.2.0-2019.02.0-x86_64-linux-ubuntu14/bin/../lib/gcc/riscv64-unknown-elf/8.2.0/../../../../riscv64-unknown-elf/lib/rv32imac/ilp32/libc.a(lib_a-impure.o)
                              /home/tanqinhan/Desktop/riscv/freedom-e-sdk/riscv64-unknown-elf-gcc-8.2.0-2019.02.0-x86_64-linux-ubuntu14/bin/../lib/gcc/riscv64-unknown-elf/8.2.0/../../../../riscv64-unknown-elf/lib/rv32imac/ilp32/libc.a(lib_a-findfp.o) (_global_impure_ptr)
/home/tanqinhan/Desktop/riscv/freedom-e-sdk/riscv64-unknown-elf-gcc-8.2.0-2019.02.0-x86_64-linux-ubuntu14/bin/../lib/gcc/riscv64-unknown-elf/8.2.0/../../../../riscv64-unknown-elf/lib/rv32imac/ilp32/libc.a(lib_a-mallocr.o)
                              /home/tanqinhan/Desktop/riscv/freedom-e-sdk/riscv64-unknown-elf-gcc-8.2.0-2019.02.0-x86_64-linux-ubuntu14/bin/../lib/gcc/riscv64-unknown-elf/8.2.0/../../../../riscv64-unknown-elf/lib/rv32imac/ilp32/libc.a(lib_a-findfp.o) (_malloc_r)
/home/tanqinhan/Desktop/riscv/freedom-e-sdk/riscv64-unknown-elf-gcc-8.2.0-2019.02.0-x86_64-linux-ubuntu14/bin/../lib/gcc/riscv64-unknown-elf/8.2.0/../../../../riscv64-unknown-elf/lib/rv32imac/ilp32/libc.a(lib_a-memchr.o)
                              /home/tanqinhan/Desktop/riscv/freedom-e-sdk/riscv64-unknown-elf-gcc-8.2.0-2019.02.0-x86_64-linux-ubuntu14/bin/../lib/gcc/riscv64-unknown-elf/8.2.0/../../../../riscv64-unknown-elf/lib/rv32imac/ilp32/libc.a(lib_a-fvwrite.o) (memchr)
/home/tanqinhan/Desktop/riscv/freedom-e-sdk/riscv64-unknown-elf-gcc-8.2.0-2019.02.0-x86_64-linux-ubuntu14/bin/../lib/gcc/riscv64-unknown-elf/8.2.0/../../../../riscv64-unknown-elf/lib/rv32imac/ilp32/libc.a(lib_a-memcpy.o)
                              /home/tanqinhan/Desktop/riscv/freedom-e-sdk/riscv64-unknown-elf-gcc-8.2.0-2019.02.0-x86_64-linux-ubuntu14/bin/../lib/gcc/riscv64-unknown-elf/8.2.0/../../../../riscv64-unknown-elf/lib/rv32imac/ilp32/libc.a(lib_a-fvwrite.o) (memcpy)
/home/tanqinhan/Desktop/riscv/freedom-e-sdk/riscv64-unknown-elf-gcc-8.2.0-2019.02.0-x86_64-linux-ubuntu14/bin/../lib/gcc/riscv64-unknown-elf/8.2.0/../../../../riscv64-unknown-elf/lib/rv32imac/ilp32/libc.a(lib_a-memmove.o)
                              /home/tanqinhan/Desktop/riscv/freedom-e-sdk/riscv64-unknown-elf-gcc-8.2.0-2019.02.0-x86_64-linux-ubuntu14/bin/../lib/gcc/riscv64-unknown-elf/8.2.0/../../../../riscv64-unknown-elf/lib/rv32imac/ilp32/libc.a(lib_a-fvwrite.o) (memmove)
/home/tanqinhan/Desktop/riscv/freedom-e-sdk/riscv64-unknown-elf-gcc-8.2.0-2019.02.0-x86_64-linux-ubuntu14/bin/../lib/gcc/riscv64-unknown-elf/8.2.0/../../../../riscv64-unknown-elf/lib/rv32imac/ilp32/libc.a(lib_a-memset.o)
[...]
Memory Configuration

Name             Origin             Length             Attributes
ram              0x0000000080000000 0x0000000000004000 axw !rl
itim             0x0000000008000000 0x0000000000004000 xw !arl
flash            0x0000000020400000 0x000000001fc00000 axrl !w
*default*        0x0000000000000000 0xffffffffffffffff

Linker script and memory map

LOAD /tmp/ccy1M8rN.o
START GROUP
LOAD /home/tanqinhan/Desktop/riscv/freedom-e-sdk/riscv64-unknown-elf-gcc-8.2.0-2019.02.0-x86_64-linux-ubuntu14/bin/../lib/gcc/riscv64-unknown-elf/8.2.0/../../../../riscv64-unknown-elf/lib/rv32imac/ilp32/libc.a
LOAD /home/tanqinhan/Desktop/riscv/freedom-e-sdk/riscv64-unknown-elf-gcc-8.2.0-2019.02.0-x86_64-linux-ubuntu14/bin/../lib/gcc/riscv64-unknown-elf/8.2.0/rv32imac/ilp32/libgcc.a
LOAD /home/tanqinhan/Desktop/riscv/freedom-e-sdk/bsp/freedom-e310-arty/install/lib/debug//libmetal.a
LOAD /home/tanqinhan/Desktop/riscv/freedom-e-sdk/bsp/freedom-e310-arty/install/lib/debug//libmetal-gloss.a
END GROUP
                0x0000000000000400                __stack_size = DEFINED (__stack_size)?__stack_size:0x400
                0x0000000000000400                __heap_size = DEFINED (__heap_size)?__heap_size:0x400

.init           0x0000000020400000      0x134
 *(.text.metal.init.enter)
 .text.metal.init.enter
                0x0000000020400000       0x54 /home/tanqinhan/Desktop/riscv/freedom-e-sdk/bsp/freedom-e310-arty/install/lib/debug//libmetal.a(libriscv__mmachine__freedom-e310-arty_a-entry.o)
                0x0000000020400000                _enter
 *(SORT_NONE(.init))
 *(.text.libgloss.start)
 .text.libgloss.start
                0x0000000020400054       0xe0 /home/tanqinhan/Desktop/riscv/freedom-e-sdk/bsp/freedom-e310-arty/install/lib/debug//libmetal-gloss.a(crt0.o)
                0x0000000020400054                _start
                0x0000000020400132                _init
                0x0000000020400132                _fini

.text           0x0000000020400180     0x3884
 *(.text.unlikely .text.unlikely.*)
 *(.text.startup .text.startup.*)
 *(.text .text.*)
 .text.main     0x0000000020400180       0x1e /tmp/ccy1M8rN.o
                0x0000000020400180                main
 .text          0x000000002040019e       0x7e /home/tanqinhan/Desktop/riscv/freedom-e-sdk/riscv64-unknown-elf-gcc-8.2.0-2019.02.0-x86_64-linux-ubuntu14/bin/../lib/gcc/riscv64-unknown-elf/8.2.0/../../../../riscv64-unknown-elf/lib/rv32imac/ilp32/libc.a(lib_a-puts.o)
                0x000000002040019e                _puts_r
                0x000000002040020e                puts
 .text          0x000000002040021c       0x12 /home/tanqinhan/Desktop/riscv/freedom-e-sdk/riscv64-unknown-elf-gcc-8.2.0-2019.02.0-x86_64-linux-ubuntu14/bin/../lib/gcc/riscv64-unknown-elf/8.2.0/../../../../riscv64-unknown-elf/lib/rv32imac/ilp32/libc.a(lib_a-strlen.o)
                0x000000002040021c                strlen
 .text          0x000000002040022e      0x1e4 /home/tanqinhan/Desktop/riscv/freedom-e-sdk/riscv64-unknown-elf-gcc-8.2.0-2019.02.0-x86_64-linux-ubuntu14/bin/../lib/gcc/riscv64-unknown-elf/8.2.0/../../../../riscv64-unknown-elf/lib/rv32imac/ilp32/libc.a(lib_a-findfp.o)
                0x000000002040029c                _cleanup_r
                0x00000000204002aa                __sfmoreglue
                0x00000000204002f0                _cleanup
                0x00000000204002f8                __sinit
                0x0000000020400346                __sfp
                0x00000000204003e2                __sfp_lock_acquire
                0x00000000204003e4                __sfp_lock_release
                0x00000000204003e6                __sinit_lock_acquire
                0x00000000204003e8                __sinit_lock_release
                0x00000000204003ea                __fp_lock_all
                0x00000000204003fe                __fp_unlock_all
 .text          0x0000000020400412      0x2dc /home/tanqinhan/Desktop/riscv/freedom-e-sdk/riscv64-unknown-elf-gcc-8.2.0-2019.02.0-x86_64-linux-ubuntu14/bin/../lib/gcc/riscv64-unknown-elf/8.2.0/../../../../riscv64-unknown-elf/lib/rv32imac/ilp32/libc.a(lib_a-fvwrite.o)
                0x0000000020400412                __sfvwrite_r
 .text          0x00000000204006ee       0xce /home/tanqinhan/Desktop/riscv/freedom-e-sdk/riscv64-unknown-elf-gcc-8.2.0-2019.02.0-x86_64-linux-ubuntu14/bin/../lib/gcc/riscv64-unknown-elf/8.2.0/../../../../riscv64-unknown-elf/lib/rv32imac/ilp32/libc.a(lib_a-fwalk.o)
                0x00000000204006ee                _fwalk
                0x0000000020400750                _fwalk_reent
 .text          0x00000000204007bc      0x50c /home/tanqinhan/Desktop/riscv/freedom-e-sdk/riscv64-unknown-elf-gcc-8.2.0-2019.02.0-x86_64-linux-ubuntu14/bin/../lib/gcc/riscv64-unknown-elf/8.2.0/../../../../riscv64-unknown-elf/lib/rv32imac/ilp32/libc.a(lib_a-mallocr.o)
                0x00000000204007bc                _malloc_r
 .text          0x0000000020400cc8       0x1a /home/tanqinhan/Desktop/riscv/freedom-e-sdk/riscv64-unknown-elf-gcc-8.2.0-2019.02.0-x86_64-linux-ubuntu14/bin/../lib/gcc/riscv64-unknown-elf/8.2.0/../../../../riscv64-unknown-elf/lib/rv32imac/ilp32/libc.a(lib_a-memchr.o)
                0x0000000020400cc8                memchr
 .text          0x0000000020400ce2       0xb6 /home/tanqinhan/Desktop/riscv/freedom-e-sdk/riscv64-unknown-elf-gcc-8.2.0-2019.02.0-x86_64-linux-ubuntu14/bin/../lib/gcc/riscv64-unknown-elf/8.2.0/../../../../riscv64-unknown-elf/lib/rv32imac/ilp32/libc.a(lib_a-memcpy.o)
                0x0000000020400ce2                memcpy
 .text          0x0000000020400d98       0x4a /home/tanqinhan/Desktop/riscv/freedom-e-sdk/riscv64-unknown-elf-gcc-8.2.0-2019.02.0-x86_64-linux-ubuntu14/bin/../lib/gcc/riscv64-unknown-elf/8.2.0/../../../../riscv64-unknown-elf/lib/rv32imac/ilp32/libc.a(lib_a-memmove.o)
                0x0000000020400d98                memmove
 .text          0x0000000020400de2       0xa8 /home/tanqinhan/Desktop/riscv/freedom-e-sdk/riscv64-unknown-elf-gcc-8.2.0-2019.02.0-x86_64-linux-ubuntu14/bin/../lib/gcc/riscv64-unknown-elf/8.2.0/../../../../riscv64-unknown-elf/lib/rv32imac/ilp32/libc.a(lib_a-memset.o)
                0x0000000020400de2                memset
 .text          0x0000000020400e8a        0x4 /home/tanqinhan/Desktop/riscv/freedom-e-sdk/riscv64-unknown-elf-gcc-8.2.0-2019.02.0-x86_64-linux-ubuntu14/bin/../lib/gcc/riscv64-unknown-elf/8.2.0/../../../../riscv64-unknown-elf/lib/rv32imac/ilp32/libc.a(lib_a-mlock.o)
                0x0000000020400e8a                __malloc_lock
                0x0000000020400e8c                __malloc_unlock
 .text          0x0000000020400e8e      0x38a /home/tanqinhan/Desktop/riscv/freedom-e-sdk/riscv64-unknown-elf-gcc-8.2.0-2019.02.0-x86_64-linux-ubuntu14/bin/../lib/gcc/riscv64-unknown-elf/8.2.0/../../../../riscv64-unknown-elf/lib/rv32imac/ilp32/libc.a(lib_a-reallocr.o)
                0x0000000020400e8e                _realloc_r
 .text          0x0000000020401218       0x32 /home/tanqinhan/Desktop/riscv/freedom-e-sdk/riscv64-unknown-elf-gcc-8.2.0-2019.02.0-x86_64-linux-ubuntu14/bin/../lib/gcc/riscv64-unknown-elf/8.2.0/../../../../riscv64-unknown-elf/lib/rv32imac/ilp32/libc.a(lib_a-sbrkr.o)
                0x0000000020401218                _sbrk_r
 .text          0x000000002040124a       0xc0 /home/tanqinhan/Desktop/riscv/freedom-e-sdk/riscv64-unknown-elf-gcc-8.2.0-2019.02.0-x86_64-linux-ubuntu14/bin/../lib/gcc/riscv64-unknown-elf/8.2.0/../../../../riscv64-unknown-elf/lib/rv32imac/ilp32/libc.a(lib_a-stdio.o)
                0x000000002040124a                __sread
                0x000000002040127c                __seofread
                0x0000000020401280                __swrite
                0x00000000204012ce                __sseek
                0x0000000020401304                __sclose
 .text          0x000000002040130a       0x36 /home/tanqinhan/Desktop/riscv/freedom-e-sdk/riscv64-unknown-elf-gcc-8.2.0-2019.02.0-x86_64-linux-ubuntu14/bin/../lib/gcc/riscv64-unknown-elf/8.2.0/../../../../riscv64-unknown-elf/lib/rv32imac/ilp32/libc.a(lib_a-writer.o)
                0x000000002040130a                _write_r
 .text          0x0000000020401340       0xdc /home/tanqinhan/Desktop/riscv/freedom-e-sdk/riscv64-unknown-elf-gcc-8.2.0-2019.02.0-x86_64-linux-ubuntu14/bin/../lib/gcc/riscv64-unknown-elf/8.2.0/../../../../riscv64-unknown-elf/lib/rv32imac/ilp32/libc.a(lib_a-wsetup.o)
                0x0000000020401340                __swsetup_r
 .text          0x000000002040141c       0x30 /home/tanqinhan/Desktop/riscv/freedom-e-sdk/riscv64-unknown-elf-gcc-8.2.0-2019.02.0-x86_64-linux-ubuntu14/bin/../lib/gcc/riscv64-unknown-elf/8.2.0/../../../../riscv64-unknown-elf/lib/rv32imac/ilp32/libc.a(lib_a-closer.o)
                0x000000002040141c                _close_r
 .text          0x000000002040144c       0x94 /home/tanqinhan/Desktop/riscv/freedom-e-sdk/riscv64-unknown-elf-gcc-8.2.0-2019.02.0-x86_64-linux-ubuntu14/bin/../lib/gcc/riscv64-unknown-elf/8.2.0/../../../../riscv64-unknown-elf/lib/rv32imac/ilp32/libc.a(lib_a-fclose.o)
                0x000000002040144c                _fclose_r
                0x00000000204014d2                fclose
 .text          0x00000000204014e0      0x1ac /home/tanqinhan/Desktop/riscv/freedom-e-sdk/riscv64-unknown-elf-gcc-8.2.0-2019.02.0-x86_64-linux-ubuntu14/bin/../lib/gcc/riscv64-unknown-elf/8.2.0/../../../../riscv64-unknown-elf/lib/rv32imac/ilp32/libc.a(lib_a-fflush.o)
                0x00000000204014e0                __sflush_r
                0x000000002040163a                _fflush_r
                0x000000002040166a                fflush
 .text          0x000000002040168c      0x29a /home/tanqinhan/Desktop/riscv/freedom-e-sdk/riscv64-unknown-elf-gcc-8.2.0-2019.02.0-x86_64-linux-ubuntu14/bin/../lib/gcc/riscv64-unknown-elf/8.2.0/../../../../riscv64-unknown-elf/lib/rv32imac/ilp32/libc.a(lib_a-freer.o)
                0x000000002040168c                _malloc_trim_r
                0x0000000020401756                _free_r
 .text          0x0000000020401926       0x34 /home/tanqinhan/Desktop/riscv/freedom-e-sdk/riscv64-unknown-elf-gcc-8.2.0-2019.02.0-x86_64-linux-ubuntu14/bin/../lib/gcc/riscv64-unknown-elf/8.2.0/../../../../riscv64-unknown-elf/lib/rv32imac/ilp32/libc.a(lib_a-lseekr.o)
                0x0000000020401926                _lseek_r
 .text          0x000000002040195a      0x102 /home/tanqinhan/Desktop/riscv/freedom-e-sdk/riscv64-unknown-elf-gcc-8.2.0-2019.02.0-x86_64-linux-ubuntu14/bin/../lib/gcc/riscv64-unknown-elf/8.2.0/../../../../riscv64-unknown-elf/lib/rv32imac/ilp32/libc.a(lib_a-makebuf.o)
                0x000000002040195a                __swhatbuf_r
                0x00000000204019be                __smakebuf_r
 .text          0x0000000020401a5c       0x34 /home/tanqinhan/Desktop/riscv/freedom-e-sdk/riscv64-unknown-elf-gcc-8.2.0-2019.02.0-x86_64-linux-ubuntu14/bin/../lib/gcc/riscv64-unknown-elf/8.2.0/../../../../riscv64-unknown-elf/lib/rv32imac/ilp32/libc.a(lib_a-readr.o)
                0x0000000020401a5c                _read_r
 .text          0x0000000020401a90       0x32 /home/tanqinhan/Desktop/riscv/freedom-e-sdk/riscv64-unknown-elf-gcc-8.2.0-2019.02.0-x86_64-linux-ubuntu14/bin/../lib/gcc/riscv64-unknown-elf/8.2.0/../../../../riscv64-unknown-elf/lib/rv32imac/ilp32/libc.a(lib_a-fstatr.o)
                0x0000000020401a90                _fstat_r
 .text          0x0000000020401ac2       0x30 /home/tanqinhan/Desktop/riscv/freedom-e-sdk/riscv64-unknown-elf-gcc-8.2.0-2019.02.0-x86_64-linux-ubuntu14/bin/../lib/gcc/riscv64-unknown-elf/8.2.0/../../../../riscv64-unknown-elf/lib/rv32imac/ilp32/libc.a(lib_a-isattyr.o)
                0x0000000020401ac2                _isatty_r
 *fill*         0x0000000020401af2        0x2 
 .text.metal.init.trapvec
                0x0000000020401af4        0x2 /home/tanqinhan/Desktop/riscv/freedom-e-sdk/bsp/freedom-e310-arty/install/lib/debug//libmetal.a(libriscv__mmachine__freedom-e310-arty_a-entry.o)
 .text._close   0x0000000020401af6       0x22 /home/tanqinhan/Desktop/riscv/freedom-e-sdk/bsp/freedom-e310-arty/install/lib/debug//libmetal-gloss.a(sys_close.o)
                0x0000000020401af6                _close
 .text._fstat   0x0000000020401b18       0x26 /home/tanqinhan/Desktop/riscv/freedom-e-sdk/bsp/freedom-e310-arty/install/lib/debug//libmetal-gloss.a(sys_fstat.o)
                0x0000000020401b18                _fstat
 .text._isatty  0x0000000020401b3e       0x20 /home/tanqinhan/Desktop/riscv/freedom-e-sdk/bsp/freedom-e310-arty/install/lib/debug//libmetal-gloss.a(sys_isatty.o)
                0x0000000020401b3e                _isatty
 .text._lseek   0x0000000020401b5e       0x2a /home/tanqinhan/Desktop/riscv/freedom-e-sdk/bsp/freedom-e310-arty/install/lib/debug//libmetal-gloss.a(sys_lseek.o)
                0x0000000020401b5e                _lseek
 .text._read    0x0000000020401b88       0x2a /home/tanqinhan/Desktop/riscv/freedom-e-sdk/bsp/freedom-e310-arty/install/lib/debug//libmetal-gloss.a(sys_read.o)
                0x0000000020401b88                _read
 .text._sbrk    0x0000000020401bb2       0x64 /home/tanqinhan/Desktop/riscv/freedom-e-sdk/bsp/freedom-e310-arty/install/lib/debug//libmetal-gloss.a(sys_sbrk.o)
                0x0000000020401bb2                _sbrk
 .text._write   0x0000000020401c16       0x6e /home/tanqinhan/Desktop/riscv/freedom-e-sdk/bsp/freedom-e310-arty/install/lib/debug//libmetal-gloss.a(sys_write.o)
                0x0000000020401c16                _write
 .text          0x0000000020401c84        0xa /home/tanqinhan/Desktop/riscv/freedom-e-sdk/riscv64-unknown-elf-gcc-8.2.0-2019.02.0-x86_64-linux-ubuntu14/bin/../lib/gcc/riscv64-unknown-elf/8.2.0/../../../../riscv64-unknown-elf/lib/rv32imac/ilp32/libc.a(lib_a-atexit.o)
                0x0000000020401c84                atexit
 .text          0x0000000020401c8e        0xc /home/tanqinhan/Desktop/riscv/freedom-e-sdk/riscv64-unknown-elf-gcc-8.2.0-2019.02.0-x86_64-linux-ubuntu14/bin/../lib/gcc/riscv64-unknown-elf/8.2.0/../../../../riscv64-unknown-elf/lib/rv32imac/ilp32/libc.a(lib_a-errno.o)
                0x0000000020401c8e                __errno
 .text          0x0000000020401c9a       0x1e /home/tanqinhan/Desktop/riscv/freedom-e-sdk/riscv64-unknown-elf-gcc-8.2.0-2019.02.0-x86_64-linux-ubuntu14/bin/../lib/gcc/riscv64-unknown-elf/8.2.0/../../../../riscv64-unknown-elf/lib/rv32imac/ilp32/libc.a(lib_a-exit.o)
                0x0000000020401c9a                exit
 .text          0x0000000020401cb8       0x3a /home/tanqinhan/Desktop/riscv/freedom-e-sdk/riscv64-unknown-elf-gcc-8.2.0-2019.02.0-x86_64-linux-ubuntu14/bin/../lib/gcc/riscv64-unknown-elf/8.2.0/../../../../riscv64-unknown-elf/lib/rv32imac/ilp32/libc.a(lib_a-fini.o)
                0x0000000020401cb8                __libc_fini_array
 .text          0x0000000020401cf2       0x6e /home/tanqinhan/Desktop/riscv/freedom-e-sdk/riscv64-unknown-elf-gcc-8.2.0-2019.02.0-x86_64-linux-ubuntu14/bin/../lib/gcc/riscv64-unknown-elf/8.2.0/../../../../riscv64-unknown-elf/lib/rv32imac/ilp32/libc.a(lib_a-init.o)
                0x0000000020401cf2                __libc_init_array
 .text          0x0000000020401d60       0x62 /home/tanqinhan/Desktop/riscv/freedom-e-sdk/riscv64-unknown-elf-gcc-8.2.0-2019.02.0-x86_64-linux-ubuntu14/bin/../lib/gcc/riscv64-unknown-elf/8.2.0/../../../../riscv64-unknown-elf/lib/rv32imac/ilp32/libc.a(lib_a-__atexit.o)
                0x0000000020401d60                __register_exitproc
 .text          0x0000000020401dc2       0xae /home/tanqinhan/Desktop/riscv/freedom-e-sdk/riscv64-unknown-elf-gcc-8.2.0-2019.02.0-x86_64-linux-ubuntu14/bin/../lib/gcc/riscv64-unknown-elf/8.2.0/../../../../riscv64-unknown-elf/lib/rv32imac/ilp32/libc.a(lib_a-__call_atexit.o)
                0x0000000020401dc2                __call_exitprocs
 .text.metal_tty_putc
                0x0000000020401e70       0x50 /home/tanqinhan/Desktop/riscv/freedom-e-sdk/bsp/freedom-e310-arty/install/lib/debug//libmetal.a(libriscv__mmachine__freedom-e310-arty_a-tty.o)
                0x0000000020401e70                metal_tty_putc
 .text.metal_tty_init
                0x0000000020401ec0       0x22 /home/tanqinhan/Desktop/riscv/freedom-e-sdk/bsp/freedom-e310-arty/install/lib/debug//libmetal.a(libriscv__mmachine__freedom-e310-arty_a-tty.o)
 .text.metal_uart_init
                0x0000000020401ee2       0x2a /home/tanqinhan/Desktop/riscv/freedom-e-sdk/bsp/freedom-e310-arty/install/lib/debug//libmetal.a(libriscv__mmachine__freedom-e310-arty_a-uart.o)
                0x0000000020401ee2                metal_uart_init
 .text.metal_uart_putc
                0x0000000020401f0c       0x32 /home/tanqinhan/Desktop/riscv/freedom-e-sdk/bsp/freedom-e310-arty/install/lib/debug//libmetal.a(libriscv__mmachine__freedom-e310-arty_a-uart.o)
                0x0000000020401f0c                metal_uart_putc
 .text.metal_uart_set_baud_rate
                0x0000000020401f3e       0x2e /home/tanqinhan/Desktop/riscv/freedom-e-sdk/bsp/freedom-e310-arty/install/lib/debug//libmetal.a(libriscv__mmachine__freedom-e310-arty_a-uart.o)
                0x0000000020401f3e                metal_uart_set_baud_rate
 .text.__metal_driver_fixed_clock_get_rate_hz
                0x0000000020401f6c       0x20 /home/tanqinhan/Desktop/riscv/freedom-e-sdk/bsp/freedom-e310-arty/install/lib/debug//libmetal.a(libriscv__mmachine__freedom-e310-arty_a-fixed-clock.o)
                0x0000000020401f6c                __metal_driver_fixed_clock_get_rate_hz
 .text.__metal_driver_fixed_clock_set_rate_hz
                0x0000000020401f8c       0x22 /home/tanqinhan/Desktop/riscv/freedom-e-sdk/bsp/freedom-e310-arty/install/lib/debug//libmetal.a(libriscv__mmachine__freedom-e310-arty_a-fixed-clock.o)
                0x0000000020401f8c                __metal_driver_fixed_clock_set_rate_hz
 .text.__metal_clint0_mtime_get
                0x0000000020401fae       0x76 /home/tanqinhan/Desktop/riscv/freedom-e-sdk/bsp/freedom-e310-arty/install/lib/debug//libmetal.a(libriscv__mmachine__freedom-e310-arty_a-riscv,clint0.o)
                0x0000000020401fae                __metal_clint0_mtime_get
 .text.__metal_clint0_mtime_set
                0x0000000020402024       0x58 /home/tanqinhan/Desktop/riscv/freedom-e-sdk/bsp/freedom-e310-arty/install/lib/debug//libmetal.a(libriscv__mmachine__freedom-e310-arty_a-riscv,clint0.o)
                0x0000000020402024                __metal_clint0_mtime_set
 .text.__metal_driver_riscv_clint0_init
                0x000000002040207c       0x7e /home/tanqinhan/Desktop/riscv/freedom-e-sdk/bsp/freedom-e310-arty/install/lib/debug//libmetal.a(libriscv__mmachine__freedom-e310-arty_a-riscv,clint0.o)
                0x000000002040207c                __metal_driver_riscv_clint0_init
 .text.__metal_driver_riscv_clint0_register
                0x00000000204020fa       0x62 /home/tanqinhan/Desktop/riscv/freedom-e-sdk/bsp/freedom-e310-arty/install/lib/debug//libmetal.a(libriscv__mmachine__freedom-e310-arty_a-riscv,clint0.o)
                0x00000000204020fa                __metal_driver_riscv_clint0_register
 .text.__metal_driver_riscv_clint0_enable
                0x000000002040215c       0x56 /home/tanqinhan/Desktop/riscv/freedom-e-sdk/bsp/freedom-e310-arty/install/lib/debug//libmetal.a(libriscv__mmachine__freedom-e310-arty_a-riscv,clint0.o)
                0x000000002040215c                __metal_driver_riscv_clint0_enable
 .text.__metal_driver_riscv_clint0_disable
                0x00000000204021b2       0x56 /home/tanqinhan/Desktop/riscv/freedom-e-sdk/bsp/freedom-e310-arty/install/lib/debug//libmetal.a(libriscv__mmachine__freedom-e310-arty_a-riscv,clint0.o)
                0x00000000204021b2                __metal_driver_riscv_clint0_disable
 .text.__metal_driver_riscv_clint0_command_request
                0x0000000020402208      0x122 /home/tanqinhan/Desktop/riscv/freedom-e-sdk/bsp/freedom-e310-arty/install/lib/debug//libmetal.a(libriscv__mmachine__freedom-e310-arty_a-riscv,clint0.o)
                0x0000000020402208                __metal_driver_riscv_clint0_command_request
 .text.__metal_driver_cpu_get
                0x000000002040232a       0x2c /home/tanqinhan/Desktop/riscv/freedom-e-sdk/bsp/freedom-e310-arty/install/lib/debug//libmetal.a(libriscv__mmachine__freedom-e310-arty_a-riscv,cpu.o)
                0x000000002040232a                __metal_driver_cpu_get
 .text.__metal_myhart_id
                0x0000000020402356       0x1a /home/tanqinhan/Desktop/riscv/freedom-e-sdk/bsp/freedom-e310-arty/install/lib/debug//libmetal.a(libriscv__mmachine__freedom-e310-arty_a-riscv,cpu.o)
                0x0000000020402356                __metal_myhart_id
 .text.__metal_interrupt_global_enable
                0x0000000020402370       0x18 /home/tanqinhan/Desktop/riscv/freedom-e-sdk/bsp/freedom-e310-arty/install/lib/debug//libmetal.a(libriscv__mmachine__freedom-e310-arty_a-riscv,cpu.o)
                0x0000000020402370                __metal_interrupt_global_enable
 .text.__metal_interrupt_global_disable
                0x0000000020402388       0x18 /home/tanqinhan/Desktop/riscv/freedom-e-sdk/bsp/freedom-e310-arty/install/lib/debug//libmetal.a(libriscv__mmachine__freedom-e310-arty_a-riscv,cpu.o)
                0x0000000020402388                __metal_interrupt_global_disable
 .text.__metal_interrupt_software_enable
                0x00000000204023a0       0x18 /home/tanqinhan/Desktop/riscv/freedom-e-sdk/bsp/freedom-e310-arty/install/lib/debug//libmetal.a(libriscv__mmachine__freedom-e310-arty_a-riscv,cpu.o)
                0x00000000204023a0                __metal_interrupt_software_enable
 .text.__metal_interrupt_software_disable
                0x00000000204023b8       0x18 /home/tanqinhan/Desktop/riscv/freedom-e-sdk/bsp/freedom-e310-arty/install/lib/debug//libmetal.a(libriscv__mmachine__freedom-e310-arty_a-riscv,cpu.o)
                0x00000000204023b8                __metal_interrupt_software_disable
 .text.__metal_interrupt_timer_enable
                0x00000000204023d0       0x1a /home/tanqinhan/Desktop/riscv/freedom-e-sdk/bsp/freedom-e310-arty/install/lib/debug//libmetal.a(libriscv__mmachine__freedom-e310-arty_a-riscv,cpu.o)
                0x00000000204023d0                __metal_interrupt_timer_enable
 .text.__metal_interrupt_timer_disable
                0x00000000204023ea       0x1a /home/tanqinhan/Desktop/riscv/freedom-e-sdk/bsp/freedom-e310-arty/install/lib/debug//libmetal.a(libriscv__mmachine__freedom-e310-arty_a-riscv,cpu.o)
                0x00000000204023ea                __metal_interrupt_timer_disable
 .text.__metal_interrupt_external_enable
                0x0000000020402404       0x1c /home/tanqinhan/Desktop/riscv/freedom-e-sdk/bsp/freedom-e310-arty/install/lib/debug//libmetal.a(libriscv__mmachine__freedom-e310-arty_a-riscv,cpu.o)
                0x0000000020402404                __metal_interrupt_external_enable
 .text.__metal_interrupt_external_disable
                0x0000000020402420       0x1c /home/tanqinhan/Desktop/riscv/freedom-e-sdk/bsp/freedom-e310-arty/install/lib/debug//libmetal.a(libriscv__mmachine__freedom-e310-arty_a-riscv,cpu.o)
                0x0000000020402420                __metal_interrupt_external_disable
 .text.__metal_interrupt_local_enable
                0x000000002040243c       0x2c /home/tanqinhan/Desktop/riscv/freedom-e-sdk/bsp/freedom-e310-arty/install/lib/debug//libmetal.a(libriscv__mmachine__freedom-e310-arty_a-riscv,cpu.o)
                0x000000002040243c                __metal_interrupt_local_enable
 .text.__metal_interrupt_local_disable
                0x0000000020402468       0x2c /home/tanqinhan/Desktop/riscv/freedom-e-sdk/bsp/freedom-e310-arty/install/lib/debug//libmetal.a(libriscv__mmachine__freedom-e310-arty_a-riscv,cpu.o)
                0x0000000020402468                __metal_interrupt_local_disable
 .text.__metal_default_exception_handler
                0x0000000020402494       0x18 /home/tanqinhan/Desktop/riscv/freedom-e-sdk/bsp/freedom-e310-arty/install/lib/debug//libmetal.a(libriscv__mmachine__freedom-e310-arty_a-riscv,cpu.o)
                0x0000000020402494                __metal_default_exception_handler
 .text.__metal_default_interrupt_handler
                0x00000000204024ac       0x18 /home/tanqinhan/Desktop/riscv/freedom-e-sdk/bsp/freedom-e310-arty/install/lib/debug//libmetal.a(libriscv__mmachine__freedom-e310-arty_a-riscv,cpu.o)
                0x00000000204024ac                __metal_default_interrupt_handler
 .text.__metal_default_sw_handler
                0x00000000204024c4       0x64 /home/tanqinhan/Desktop/riscv/freedom-e-sdk/bsp/freedom-e310-arty/install/lib/debug//libmetal.a(libriscv__mmachine__freedom-e310-arty_a-riscv,cpu.o)
                0x00000000204024c4                __metal_default_sw_handler
 .text.__metal_default_timer_handler
                0x0000000020402528       0x66 /home/tanqinhan/Desktop/riscv/freedom-e-sdk/bsp/freedom-e310-arty/install/lib/debug//libmetal.a(libriscv__mmachine__freedom-e310-arty_a-riscv,cpu.o)
                0x0000000020402528                __metal_default_timer_handler
 *fill*         0x000000002040258e       0x72 
 .text.__metal_exception_handler
                0x0000000020402600      0x178 /home/tanqinhan/Desktop/riscv/freedom-e-sdk/bsp/freedom-e310-arty/install/lib/debug//libmetal.a(libriscv__mmachine__freedom-e310-arty_a-riscv,cpu.o)
                0x0000000020402600                __metal_exception_handler
 .text.__metal_controller_interrupt_vector
                0x0000000020402778       0xa6 /home/tanqinhan/Desktop/riscv/freedom-e-sdk/bsp/freedom-e310-arty/install/lib/debug//libmetal.a(libriscv__mmachine__freedom-e310-arty_a-riscv,cpu.o)
                0x0000000020402778                __metal_controller_interrupt_vector
 .text.__metal_valid_interrupt_id
                0x000000002040281e       0x38 /home/tanqinhan/Desktop/riscv/freedom-e-sdk/bsp/freedom-e310-arty/install/lib/debug//libmetal.a(libriscv__mmachine__freedom-e310-arty_a-riscv,cpu.o)
                0x000000002040281e                __metal_valid_interrupt_id
 .text.__metal_local_interrupt_enable
                0x0000000020402856       0xa6 /home/tanqinhan/Desktop/riscv/freedom-e-sdk/bsp/freedom-e310-arty/install/lib/debug//libmetal.a(libriscv__mmachine__freedom-e310-arty_a-riscv,cpu.o)
                0x0000000020402856                __metal_local_interrupt_enable
 .text.__metal_exception_register
                0x00000000204028fc       0x4e /home/tanqinhan/Desktop/riscv/freedom-e-sdk/bsp/freedom-e310-arty/install/lib/debug//libmetal.a(libriscv__mmachine__freedom-e310-arty_a-riscv,cpu.o)
                0x00000000204028fc                __metal_exception_register
 .text.__metal_driver_riscv_cpu_controller_interrupt_init
                0x000000002040294a       0xf4 /home/tanqinhan/Desktop/riscv/freedom-e-sdk/bsp/freedom-e310-arty/install/lib/debug//libmetal.a(libriscv__mmachine__freedom-e310-arty_a-riscv,cpu.o)
                0x000000002040294a                __metal_driver_riscv_cpu_controller_interrupt_init
 .text.__metal_driver_riscv_cpu_controller_interrupt_register
                0x0000000020402a3e      0x148 /home/tanqinhan/Desktop/riscv/freedom-e-sdk/bsp/freedom-e310-arty/install/lib/debug//libmetal.a(libriscv__mmachine__freedom-e310-arty_a-riscv,cpu.o)
                0x0000000020402a3e                __metal_driver_riscv_cpu_controller_interrupt_register
 .text.__metal_driver_riscv_cpu_controller_interrupt_enable
                0x0000000020402b86       0x2a /home/tanqinhan/Desktop/riscv/freedom-e-sdk/bsp/freedom-e310-arty/install/lib/debug//libmetal.a(libriscv__mmachine__freedom-e310-arty_a-riscv,cpu.o)
                0x0000000020402b86                __metal_driver_riscv_cpu_controller_interrupt_enable
 .text.__metal_driver_riscv_cpu_controller_interrupt_disable
                0x0000000020402bb0       0x2a /home/tanqinhan/Desktop/riscv/freedom-e-sdk/bsp/freedom-e310-arty/install/lib/debug//libmetal.a(libriscv__mmachine__freedom-e310-arty_a-riscv,cpu.o)
                0x0000000020402bb0                __metal_driver_riscv_cpu_controller_interrupt_disable
 .text.__metal_driver_riscv_cpu_controller_interrupt_enable_vector
                0x0000000020402bda       0x62 /home/tanqinhan/Desktop/riscv/freedom-e-sdk/bsp/freedom-e310-arty/install/lib/debug//libmetal.a(libriscv__mmachine__freedom-e310-arty_a-riscv,cpu.o)
                0x0000000020402bda                __metal_driver_riscv_cpu_controller_interrupt_enable_vector
 .text.__metal_driver_riscv_cpu_controller_interrupt_disable_vector
                0x0000000020402c3c       0x3a /home/tanqinhan/Desktop/riscv/freedom-e-sdk/bsp/freedom-e310-arty/install/lib/debug//libmetal.a(libriscv__mmachine__freedom-e310-arty_a-riscv,cpu.o)
                0x0000000020402c3c                __metal_driver_riscv_cpu_controller_interrupt_disable_vector
 .text.__metal_driver_riscv_cpu_controller_command_request
                0x0000000020402c76       0x1c /home/tanqinhan/Desktop/riscv/freedom-e-sdk/bsp/freedom-e310-arty/install/lib/debug//libmetal.a(libriscv__mmachine__freedom-e310-arty_a-riscv,cpu.o)
                0x0000000020402c76                __metal_driver_riscv_cpu_controller_command_request
 .text.__metal_driver_cpu_timer_get
                0x0000000020402c92       0x72 /home/tanqinhan/Desktop/riscv/freedom-e-sdk/bsp/freedom-e310-arty/install/lib/debug//libmetal.a(libriscv__mmachine__freedom-e310-arty_a-riscv,cpu.o)
                0x0000000020402c92                __metal_driver_cpu_timer_get
 .text.__metal_driver_cpu_timebase_get
                0x0000000020402d04       0x34 /home/tanqinhan/Desktop/riscv/freedom-e-sdk/bsp/freedom-e310-arty/install/lib/debug//libmetal.a(libriscv__mmachine__freedom-e310-arty_a-riscv,cpu.o)
                0x0000000020402d04                __metal_driver_cpu_timebase_get
 .text.__metal_driver_cpu_mtime_get
                0x0000000020402d38       0x6e /home/tanqinhan/Desktop/riscv/freedom-e-sdk/bsp/freedom-e310-arty/install/lib/debug//libmetal.a(libriscv__mmachine__freedom-e310-arty_a-riscv,cpu.o)
                0x0000000020402d38                __metal_driver_cpu_mtime_get
 .text.__metal_driver_cpu_mtimecmp_set
                0x0000000020402da6       0x6e /home/tanqinhan/Desktop/riscv/freedom-e-sdk/bsp/freedom-e310-arty/install/lib/debug//libmetal.a(libriscv__mmachine__freedom-e310-arty_a-riscv,cpu.o)
                0x0000000020402da6                __metal_driver_cpu_mtimecmp_set
 .text.__metal_driver_cpu_timer_controller_interrupt
                0x0000000020402e14       0x1a /home/tanqinhan/Desktop/riscv/freedom-e-sdk/bsp/freedom-e310-arty/install/lib/debug//libmetal.a(libriscv__mmachine__freedom-e310-arty_a-riscv,cpu.o)
                0x0000000020402e14                __metal_driver_cpu_timer_controller_interrupt
 .text.__metal_driver_cpu_get_timer_interrupt_id
                0x0000000020402e2e       0x14 /home/tanqinhan/Desktop/riscv/freedom-e-sdk/bsp/freedom-e310-arty/install/lib/debug//libmetal.a(libriscv__mmachine__freedom-e310-arty_a-riscv,cpu.o)
                0x0000000020402e2e                __metal_driver_cpu_get_timer_interrupt_id
 .text.__metal_driver_cpu_sw_controller_interrupt
                0x0000000020402e42       0x1a /home/tanqinhan/Desktop/riscv/freedom-e-sdk/bsp/freedom-e310-arty/install/lib/debug//libmetal.a(libriscv__mmachine__freedom-e310-arty_a-riscv,cpu.o)
                0x0000000020402e42                __metal_driver_cpu_sw_controller_interrupt
 .text.__metal_driver_cpu_get_sw_interrupt_id
                0x0000000020402e5c       0x14 /home/tanqinhan/Desktop/riscv/freedom-e-sdk/bsp/freedom-e310-arty/install/lib/debug//libmetal.a(libriscv__mmachine__freedom-e310-arty_a-riscv,cpu.o)
                0x0000000020402e5c                __metal_driver_cpu_get_sw_interrupt_id
 .text.__metal_driver_cpu_set_sw_ipi
                0x0000000020402e70       0x6a /home/tanqinhan/Desktop/riscv/freedom-e-sdk/bsp/freedom-e310-arty/install/lib/debug//libmetal.a(libriscv__mmachine__freedom-e310-arty_a-riscv,cpu.o)
                0x0000000020402e70                __metal_driver_cpu_set_sw_ipi
 .text.__metal_driver_cpu_clear_sw_ipi
                0x0000000020402eda       0x6a /home/tanqinhan/Desktop/riscv/freedom-e-sdk/bsp/freedom-e310-arty/install/lib/debug//libmetal.a(libriscv__mmachine__freedom-e310-arty_a-riscv,cpu.o)
                0x0000000020402eda                __metal_driver_cpu_clear_sw_ipi
 .text.__metal_driver_cpu_get_msip
                0x0000000020402f44       0x68 /home/tanqinhan/Desktop/riscv/freedom-e-sdk/bsp/freedom-e310-arty/install/lib/debug//libmetal.a(libriscv__mmachine__freedom-e310-arty_a-riscv,cpu.o)
                0x0000000020402f44                __metal_driver_cpu_get_msip
 .text.__metal_driver_cpu_controller_interrupt
                0x0000000020402fac       0x20 /home/tanqinhan/Desktop/riscv/freedom-e-sdk/bsp/freedom-e310-arty/install/lib/debug//libmetal.a(libriscv__mmachine__freedom-e310-arty_a-riscv,cpu.o)
                0x0000000020402fac                __metal_driver_cpu_controller_interrupt
 .text.__metal_driver_cpu_exception_register
                0x0000000020402fcc       0x48 /home/tanqinhan/Desktop/riscv/freedom-e-sdk/bsp/freedom-e310-arty/install/lib/debug//libmetal.a(libriscv__mmachine__freedom-e310-arty_a-riscv,cpu.o)
                0x0000000020402fcc                __metal_driver_cpu_exception_register
 .text.__metal_driver_cpu_get_instruction_length
                0x0000000020403014       0x28 /home/tanqinhan/Desktop/riscv/freedom-e-sdk/bsp/freedom-e310-arty/install/lib/debug//libmetal.a(libriscv__mmachine__freedom-e310-arty_a-riscv,cpu.o)
                0x0000000020403014                __metal_driver_cpu_get_instruction_length
 .text.__metal_driver_cpu_get_exception_pc
                0x000000002040303c       0x1e /home/tanqinhan/Desktop/riscv/freedom-e-sdk/bsp/freedom-e310-arty/install/lib/debug//libmetal.a(libriscv__mmachine__freedom-e310-arty_a-riscv,cpu.o)
                0x000000002040303c                __metal_driver_cpu_get_exception_pc
 .text.__metal_driver_cpu_set_exception_pc
                0x000000002040305a       0x20 /home/tanqinhan/Desktop/riscv/freedom-e-sdk/bsp/freedom-e310-arty/install/lib/debug//libmetal.a(libriscv__mmachine__freedom-e310-arty_a-riscv,cpu.o)
                0x000000002040305a                __metal_driver_cpu_set_exception_pc
 .text.__metal_plic0_claim_interrupt
                0x000000002040307a       0x22 /home/tanqinhan/Desktop/riscv/freedom-e-sdk/bsp/freedom-e310-arty/install/lib/debug//libmetal.a(libriscv__mmachine__freedom-e310-arty_a-riscv,plic0.o)
                0x000000002040307a                __metal_plic0_claim_interrupt
 .text.__metal_plic0_complete_interrupt
                0x000000002040309c       0x2c /home/tanqinhan/Desktop/riscv/freedom-e-sdk/bsp/freedom-e310-arty/install/lib/debug//libmetal.a(libriscv__mmachine__freedom-e310-arty_a-riscv,plic0.o)
                0x000000002040309c                __metal_plic0_complete_interrupt
 .text.__metal_plic0_set_threshold
                0x00000000204030c8       0x2a /home/tanqinhan/Desktop/riscv/freedom-e-sdk/bsp/freedom-e310-arty/install/lib/debug//libmetal.a(libriscv__mmachine__freedom-e310-arty_a-riscv,plic0.o)
                0x00000000204030c8                __metal_plic0_set_threshold
 .text.__metal_plic0_set_priority
                0x00000000204030f2       0x48 /home/tanqinhan/Desktop/riscv/freedom-e-sdk/bsp/freedom-e310-arty/install/lib/debug//libmetal.a(libriscv__mmachine__freedom-e310-arty_a-riscv,plic0.o)
                0x00000000204030f2                __metal_plic0_set_priority
 .text.__metal_plic0_enable
                0x000000002040313a       0x8a /home/tanqinhan/Desktop/riscv/freedom-e-sdk/bsp/freedom-e310-arty/install/lib/debug//libmetal.a(libriscv__mmachine__freedom-e310-arty_a-riscv,plic0.o)
                0x000000002040313a                __metal_plic0_enable
 .text.__metal_plic0_default_handler
                0x00000000204031c4       0x18 /home/tanqinhan/Desktop/riscv/freedom-e-sdk/bsp/freedom-e310-arty/install/lib/debug//libmetal.a(libriscv__mmachine__freedom-e310-arty_a-riscv,plic0.o)
                0x00000000204031c4                __metal_plic0_default_handler
 .text.__metal_plic0_handler
                0x00000000204031dc       0x8a /home/tanqinhan/Desktop/riscv/freedom-e-sdk/bsp/freedom-e310-arty/install/lib/debug//libmetal.a(libriscv__mmachine__freedom-e310-arty_a-riscv,plic0.o)
                0x00000000204031dc                __metal_plic0_handler
 .text.__metal_driver_riscv_plic0_init
                0x0000000020403266      0x11a /home/tanqinhan/Desktop/riscv/freedom-e-sdk/bsp/freedom-e310-arty/install/lib/debug//libmetal.a(libriscv__mmachine__freedom-e310-arty_a-riscv,plic0.o)
                0x0000000020403266                __metal_driver_riscv_plic0_init
 .text.__metal_driver_riscv_plic0_register
                0x0000000020403380       0xbe /home/tanqinhan/Desktop/riscv/freedom-e-sdk/bsp/freedom-e310-arty/install/lib/debug//libmetal.a(libriscv__mmachine__freedom-e310-arty_a-riscv,plic0.o)
                0x0000000020403380                __metal_driver_riscv_plic0_register
 .text.__metal_driver_riscv_plic0_enable
                0x000000002040343e       0x42 /home/tanqinhan/Desktop/riscv/freedom-e-sdk/bsp/freedom-e310-arty/install/lib/debug//libmetal.a(libriscv__mmachine__freedom-e310-arty_a-riscv,plic0.o)
                0x000000002040343e                __metal_driver_riscv_plic0_enable
 .text.__metal_driver_riscv_plic0_disable
                0x0000000020403480       0x42 /home/tanqinhan/Desktop/riscv/freedom-e-sdk/bsp/freedom-e310-arty/install/lib/debug//libmetal.a(libriscv__mmachine__freedom-e310-arty_a-riscv,plic0.o)
                0x0000000020403480                __metal_driver_riscv_plic0_disable
 .text.__metal_driver_sifive_gpio0_disable_input
                0x00000000204034c2       0x40 /home/tanqinhan/Desktop/riscv/freedom-e-sdk/bsp/freedom-e310-arty/install/lib/debug//libmetal.a(libriscv__mmachine__freedom-e310-arty_a-sifive,gpio0.o)
                0x00000000204034c2                __metal_driver_sifive_gpio0_disable_input
 .text.__metal_driver_sifive_gpio0_output
                0x0000000020403502       0x24 /home/tanqinhan/Desktop/riscv/freedom-e-sdk/bsp/freedom-e310-arty/install/lib/debug//libmetal.a(libriscv__mmachine__freedom-e310-arty_a-sifive,gpio0.o)
                0x0000000020403502                __metal_driver_sifive_gpio0_output
 .text.__metal_driver_sifive_gpio0_enable_output
                0x0000000020403526       0x3a /home/tanqinhan/Desktop/riscv/freedom-e-sdk/bsp/freedom-e310-arty/install/lib/debug//libmetal.a(libriscv__mmachine__freedom-e310-arty_a-sifive,gpio0.o)
                0x0000000020403526                __metal_driver_sifive_gpio0_enable_output
 .text.__metal_driver_sifive_gpio0_output_set
                0x0000000020403560       0x3a /home/tanqinhan/Desktop/riscv/freedom-e-sdk/bsp/freedom-e310-arty/install/lib/debug//libmetal.a(libriscv__mmachine__freedom-e310-arty_a-sifive,gpio0.o)
                0x0000000020403560                __metal_driver_sifive_gpio0_output_set
 .text.__metal_driver_sifive_gpio0_output_clear
                0x000000002040359a       0x40 /home/tanqinhan/Desktop/riscv/freedom-e-sdk/bsp/freedom-e310-arty/install/lib/debug//libmetal.a(libriscv__mmachine__freedom-e310-arty_a-sifive,gpio0.o)
                0x000000002040359a                __metal_driver_sifive_gpio0_output_clear
 .text.__metal_driver_sifive_gpio0_output_toggle
                0x00000000204035da       0x3a /home/tanqinhan/Desktop/riscv/freedom-e-sdk/bsp/freedom-e310-arty/install/lib/debug//libmetal.a(libriscv__mmachine__freedom-e310-arty_a-sifive,gpio0.o)
                0x00000000204035da                __metal_driver_sifive_gpio0_output_toggle
 .text.__metal_driver_sifive_gpio0_enable_io
                0x0000000020403614       0x66 /home/tanqinhan/Desktop/riscv/freedom-e-sdk/bsp/freedom-e310-arty/install/lib/debug//libmetal.a(libriscv__mmachine__freedom-e310-arty_a-sifive,gpio0.o)
                0x0000000020403614                __metal_driver_sifive_gpio0_enable_io
 .text.__metal_driver_sifive_uart0_interrupt_controller
                0x000000002040367a       0x20 /home/tanqinhan/Desktop/riscv/freedom-e-sdk/bsp/freedom-e310-arty/install/lib/debug//libmetal.a(libriscv__mmachine__freedom-e310-arty_a-sifive,uart0.o)
                0x000000002040367a                __metal_driver_sifive_uart0_interrupt_controller
 .text.__metal_driver_sifive_uart0_get_interrupt_id
                0x000000002040369a       0x24 /home/tanqinhan/Desktop/riscv/freedom-e-sdk/bsp/freedom-e310-arty/install/lib/debug//libmetal.a(libriscv__mmachine__freedom-e310-arty_a-sifive,uart0.o)
                0x000000002040369a                __metal_driver_sifive_uart0_get_interrupt_id
 .text.__metal_driver_sifive_uart0_putc
                0x00000000204036be       0x36 /home/tanqinhan/Desktop/riscv/freedom-e-sdk/bsp/freedom-e310-arty/install/lib/debug//libmetal.a(libriscv__mmachine__freedom-e310-arty_a-sifive,uart0.o)
                0x00000000204036be                __metal_driver_sifive_uart0_putc
 .text.__metal_driver_sifive_uart0_getc
                0x00000000204036f4       0x48 /home/tanqinhan/Desktop/riscv/freedom-e-sdk/bsp/freedom-e310-arty/install/lib/debug//libmetal.a(libriscv__mmachine__freedom-e310-arty_a-sifive,uart0.o)
                0x00000000204036f4                __metal_driver_sifive_uart0_getc
 .text.__metal_driver_sifive_uart0_get_baud_rate
                0x000000002040373c       0x20 /home/tanqinhan/Desktop/riscv/freedom-e-sdk/bsp/freedom-e310-arty/install/lib/debug//libmetal.a(libriscv__mmachine__freedom-e310-arty_a-sifive,uart0.o)
                0x000000002040373c                __metal_driver_sifive_uart0_get_baud_rate
 .text.__metal_driver_sifive_uart0_set_baud_rate
                0x000000002040375c       0x98 /home/tanqinhan/Desktop/riscv/freedom-e-sdk/bsp/freedom-e310-arty/install/lib/debug//libmetal.a(libriscv__mmachine__freedom-e310-arty_a-sifive,uart0.o)
                0x000000002040375c                __metal_driver_sifive_uart0_set_baud_rate
 .text.pre_rate_change_callback
                0x00000000204037f4       0xd0 /home/tanqinhan/Desktop/riscv/freedom-e-sdk/bsp/freedom-e310-arty/install/lib/debug//libmetal.a(libriscv__mmachine__freedom-e310-arty_a-sifive,uart0.o)
 .text.post_rate_change_callback
                0x00000000204038c4       0x30 /home/tanqinhan/Desktop/riscv/freedom-e-sdk/bsp/freedom-e310-arty/install/lib/debug//libmetal.a(libriscv__mmachine__freedom-e310-arty_a-sifive,uart0.o)
 .text.__metal_driver_sifive_uart0_init
                0x00000000204038f4       0x94 /home/tanqinhan/Desktop/riscv/freedom-e-sdk/bsp/freedom-e310-arty/install/lib/debug//libmetal.a(libriscv__mmachine__freedom-e310-arty_a-sifive,uart0.o)
                0x00000000204038f4                __metal_driver_sifive_uart0_init
 .text.metal_clock_register_pre_rate_change_callback
                0x0000000020403988       0x2e /home/tanqinhan/Desktop/riscv/freedom-e-sdk/bsp/freedom-e310-arty/install/lib/debug//libmetal.a(libriscv__mmachine__freedom-e310-arty_a-clock.o)
                0x0000000020403988                metal_clock_register_pre_rate_change_callback
 .text.metal_clock_register_post_rate_change_callback
                0x00000000204039b6       0x2e /home/tanqinhan/Desktop/riscv/freedom-e-sdk/bsp/freedom-e310-arty/install/lib/debug//libmetal.a(libriscv__mmachine__freedom-e310-arty_a-clock.o)
                0x00000000204039b6                metal_clock_register_post_rate_change_callback
 .text.metal_shutdown
                0x00000000204039e4        0xe /home/tanqinhan/Desktop/riscv/freedom-e-sdk/bsp/freedom-e310-arty/install/lib/debug//libmetal.a(libriscv__mmachine__freedom-e310-arty_a-shutdown.o)
                0x00000000204039e4                metal_shutdown
 .text._exit    0x00000000204039f2       0x12 /home/tanqinhan/Desktop/riscv/freedom-e-sdk/bsp/freedom-e310-arty/install/lib/debug//libmetal-gloss.a(sys_exit.o)
                0x00000000204039f2                _exit
 *(.gnu.linkonce.t.*)

.fini
 *(SORT_NONE(.fini))
                [!provide]                        PROVIDE (__etext = .)
                [!provide]                        PROVIDE (_etext = .)
                [!provide]                        PROVIDE (etext = .)

.rodata         0x0000000020403a04      0x274
 *(.rdata)
 *(.rodata .rodata.*)
 .rodata        0x0000000020403a04        0xe /tmp/ccy1M8rN.o
 *fill*         0x0000000020403a12        0x2 
 .rodata.str1.4
                0x0000000020403a14        0x4 /home/tanqinhan/Desktop/riscv/freedom-e-sdk/riscv64-unknown-elf-gcc-8.2.0-2019.02.0-x86_64-linux-ubuntu14/bin/../lib/gcc/riscv64-unknown-elf/8.2.0/../../../../riscv64-unknown-elf/lib/rv32imac/ilp32/libc.a(lib_a-puts.o)
                                          0x2 (size before relaxing)
 .rodata.libgloss.start
                0x0000000020403a18       0x11 /home/tanqinhan/Desktop/riscv/freedom-e-sdk/bsp/freedom-e310-arty/install/lib/debug//libmetal-gloss.a(crt0.o)
 *fill*         0x0000000020403a29        0x3 
 .rodata.__metal_driver_vtable_riscv_cpu_intc
                0x0000000020403a2c       0x1c /home/tanqinhan/Desktop/riscv/freedom-e-sdk/bsp/freedom-e310-arty/install/lib/debug//libmetal.a(libriscv__mmachine__freedom-e310-arty_a-tty.o)
                0x0000000020403a2c                __metal_driver_vtable_riscv_cpu_intc
 .rodata.__metal_driver_vtable_cpu
                0x0000000020403a48       0x40 /home/tanqinhan/Desktop/riscv/freedom-e-sdk/bsp/freedom-e310-arty/install/lib/debug//libmetal.a(libriscv__mmachine__freedom-e310-arty_a-tty.o)
                0x0000000020403a48                __metal_driver_vtable_cpu
 .rodata.__metal_driver_vtable_riscv_clint0
                0x0000000020403a88       0x1c /home/tanqinhan/Desktop/riscv/freedom-e-sdk/bsp/freedom-e310-arty/install/lib/debug//libmetal.a(libriscv__mmachine__freedom-e310-arty_a-tty.o)
                0x0000000020403a88                __metal_driver_vtable_riscv_clint0
 .rodata.__metal_driver_vtable_riscv_plic0
                0x0000000020403aa4       0x1c /home/tanqinhan/Desktop/riscv/freedom-e-sdk/bsp/freedom-e310-arty/install/lib/debug//libmetal.a(libriscv__mmachine__freedom-e310-arty_a-tty.o)
                0x0000000020403aa4                __metal_driver_vtable_riscv_plic0
 .rodata.__metal_driver_vtable_sifive_gpio0
                0x0000000020403ac0       0x1c /home/tanqinhan/Desktop/riscv/freedom-e-sdk/bsp/freedom-e310-arty/install/lib/debug//libmetal.a(libriscv__mmachine__freedom-e310-arty_a-tty.o)
                0x0000000020403ac0                __metal_driver_vtable_sifive_gpio0
 .rodata.__metal_driver_vtable_sifive_uart0
                0x0000000020403adc       0x1c /home/tanqinhan/Desktop/riscv/freedom-e-sdk/bsp/freedom-e310-arty/install/lib/debug//libmetal.a(libriscv__mmachine__freedom-e310-arty_a-tty.o)
                0x0000000020403adc                __metal_driver_vtable_sifive_uart0
 .rodata.__metal_driver_riscv_clint0_command_request
                0x0000000020403af8       0x18 /home/tanqinhan/Desktop/riscv/freedom-e-sdk/bsp/freedom-e310-arty/install/lib/debug//libmetal.a(libriscv__mmachine__freedom-e310-arty_a-riscv,clint0.o)
 .rodata.__metal_valid_interrupt_id
                0x0000000020403b10       0x74 /home/tanqinhan/Desktop/riscv/freedom-e-sdk/bsp/freedom-e310-arty/install/lib/debug//libmetal.a(libriscv__mmachine__freedom-e310-arty_a-riscv,cpu.o)
 .rodata.__metal_local_interrupt_enable
                0x0000000020403b84       0x80 /home/tanqinhan/Desktop/riscv/freedom-e-sdk/bsp/freedom-e310-arty/install/lib/debug//libmetal.a(libriscv__mmachine__freedom-e310-arty_a-riscv,cpu.o)
 .rodata.__metal_driver_riscv_cpu_controller_interrupt_register
                0x0000000020403c04       0x74 /home/tanqinhan/Desktop/riscv/freedom-e-sdk/bsp/freedom-e310-arty/install/lib/debug//libmetal.a(libriscv__mmachine__freedom-e310-arty_a-riscv,cpu.o)
 *(.gnu.linkonce.r.*)

.rela.dyn       0x0000000020403c78        0x0
 .rela.text     0x0000000020403c78        0x0 /tmp/ccy1M8rN.o
 .rela.text.metal.init.enter
                0x0000000020403c78        0x0 /tmp/ccy1M8rN.o
 .rela.text.libgloss.start
                0x0000000020403c78        0x0 /tmp/ccy1M8rN.o
 .rela.sdata.brk
                0x0000000020403c78        0x0 /tmp/ccy1M8rN.o
 .rela.text._sbrk
                0x0000000020403c78        0x0 /tmp/ccy1M8rN.o
 .rela.data.__metal_dt_clock_0
                0x0000000020403c78        0x0 /tmp/ccy1M8rN.o
 .rela.data.__metal_dt_clint_2000000
                0x0000000020403c78        0x0 /tmp/ccy1M8rN.o
 .rela.data.__metal_dt_cpu_0
                0x0000000020403c78        0x0 /tmp/ccy1M8rN.o
 .rela.data.__metal_dt_interrupt_controller
                0x0000000020403c78        0x0 /tmp/ccy1M8rN.o
 .rela.data.__metal_dt_interrupt_controller_c000000
                0x0000000020403c78        0x0 /tmp/ccy1M8rN.o
 .rela.data.__metal_dt_gpio_10012000
                0x0000000020403c78        0x0 /tmp/ccy1M8rN.o
 .rela.data.__metal_dt_serial_10013000
                0x0000000020403c78        0x0 /tmp/ccy1M8rN.o
 .rela.sdata.__metal_cpu_table
                0x0000000020403c78        0x0 /tmp/ccy1M8rN.o
 .rela.text.metal_tty_putc
                0x0000000020403c78        0x0 /tmp/ccy1M8rN.o
 .rela.text.metal_tty_init
                0x0000000020403c78        0x0 /tmp/ccy1M8rN.o
 .rela.text.__metal_driver_cpu_get
                0x0000000020403c78        0x0 /tmp/ccy1M8rN.o
 .rela.text.__metal_default_sw_handler
                0x0000000020403c78        0x0 /tmp/ccy1M8rN.o
 .rela.text.__metal_exception_handler
                0x0000000020403c78        0x0 /tmp/ccy1M8rN.o
 .rela.text.__metal_driver_cpu_timer_controller_interrupt
                0x0000000020403c78        0x0 /tmp/ccy1M8rN.o
 .rela.text.__metal_driver_cpu_sw_controller_interrupt
                0x0000000020403c78        0x0 /tmp/ccy1M8rN.o
                0x0000000020403c78                . = ALIGN (0x4)

.preinit_array  0x0000000020403c78        0x0
                0x0000000020403c78                PROVIDE (__preinit_array_start = .)
 *(.preinit_array)
                0x0000000020403c78                PROVIDE (__preinit_array_end = .)

.init_array     0x0000000020403c78        0x4
                0x0000000020403c78                PROVIDE (__init_array_start = .)
 *(SORT_BY_INIT_PRIORITY(.init_array.*) SORT_BY_INIT_PRIORITY(.ctors.*))
 *(.init_array EXCLUDE_FILE(*crtend?.o *crtend.o *crtbegin?.o *crtbegin.o) .ctors)
 .init_array    0x0000000020403c78        0x4 /home/tanqinhan/Desktop/riscv/freedom-e-sdk/bsp/freedom-e310-arty/install/lib/debug//libmetal.a(libriscv__mmachine__freedom-e310-arty_a-tty.o)
                0x0000000020403c7c                PROVIDE (__init_array_end = .)

.finit_array    0x0000000020403c7c        0x0
                [!provide]                        PROVIDE (__finit_array_start = .)
 *(SORT_BY_INIT_PRIORITY(.fini_array.*) SORT_BY_INIT_PRIORITY(.dtors.*))
 *(.fini_array EXCLUDE_FILE(*crtend?.o *crtend.o *crtbegin?.o *crtbegin.o) .dtors)
                [!provide]                        PROVIDE (__finit_array_end = .)

.ctors
 *crtbegin.o(.ctors)
 *crtbegin?.o(.ctors)
 *(EXCLUDE_FILE(*crtend?.o *crtend.o) .ctors)
 *(SORT_BY_NAME(.ctors.*))
 *(.ctors)

.dtors
 *crtbegin.o(.dtors)
 *crtbegin?.o(.dtors)
 *(EXCLUDE_FILE(*crtend?.o *crtend.o) .dtors)
 *(SORT_BY_NAME(.dtors.*))
 *(.dtors)

.litimalign     0x0000000020403c7c        0x0
                0x0000000020403c7c                . = ALIGN (0x4)
                0x0000000020403c7c                PROVIDE (metal_segment_itim_source_start = .)

.ditimalign     0x0000000008000000        0x0 load address 0x0000000020403c7c
                0x0000000008000000                . = ALIGN (0x4)
                0x0000000008000000                PROVIDE (metal_segment_itim_target_start = .)

.itim
 *(.itim .itim.*)
                0x0000000008000000                . = ALIGN (0x8)
                0x0000000008000000                PROVIDE (metal_segment_itim_target_end = .)

.lalign         0x0000000020403c7c        0x0
                0x0000000020403c7c                . = ALIGN (0x4)
                [!provide]                        PROVIDE (_data_lma = .)
                0x0000000020403c7c                PROVIDE (metal_segment_data_source_start = .)

.dalign         0x0000000080000000        0x0 load address 0x0000000020403c7c
                0x0000000080000000                . = ALIGN (0x4)
                0x0000000080000000                PROVIDE (metal_segment_data_target_start = .)

.data           0x0000000080000000     0x100c load address 0x0000000020403c7c
 *(.data .data.*)
 .data          0x0000000080000000      0x428 /home/tanqinhan/Desktop/riscv/freedom-e-sdk/riscv64-unknown-elf-gcc-8.2.0-2019.02.0-x86_64-linux-ubuntu14/bin/../lib/gcc/riscv64-unknown-elf/8.2.0/../../../../riscv64-unknown-elf/lib/rv32imac/ilp32/libc.a(lib_a-impure.o)
 .data          0x0000000080000428      0x408 /home/tanqinhan/Desktop/riscv/freedom-e-sdk/riscv64-unknown-elf-gcc-8.2.0-2019.02.0-x86_64-linux-ubuntu14/bin/../lib/gcc/riscv64-unknown-elf/8.2.0/../../../../riscv64-unknown-elf/lib/rv32imac/ilp32/libc.a(lib_a-mallocr.o)
                0x0000000080000428                __malloc_av_
 .data.__metal_dt_clock_0
                0x0000000080000830       0x1c /home/tanqinhan/Desktop/riscv/freedom-e-sdk/bsp/freedom-e310-arty/install/lib/debug//libmetal.a(libriscv__mmachine__freedom-e310-arty_a-tty.o)
                0x0000000080000830                __metal_dt_clock_0
 .data.__metal_dt_clint_2000000
                0x000000008000084c       0x24 /home/tanqinhan/Desktop/riscv/freedom-e-sdk/bsp/freedom-e310-arty/install/lib/debug//libmetal.a(libriscv__mmachine__freedom-e310-arty_a-tty.o)
                0x000000008000084c                __metal_dt_clint_2000000
 .data.__metal_dt_cpu_0
                0x0000000080000870       0x10 /home/tanqinhan/Desktop/riscv/freedom-e-sdk/bsp/freedom-e310-arty/install/lib/debug//libmetal.a(libriscv__mmachine__freedom-e310-arty_a-tty.o)
                0x0000000080000870                __metal_dt_cpu_0
 .data.__metal_dt_interrupt_controller
                0x0000000080000880      0x3c0 /home/tanqinhan/Desktop/riscv/freedom-e-sdk/bsp/freedom-e310-arty/install/lib/debug//libmetal.a(libriscv__mmachine__freedom-e310-arty_a-tty.o)
                0x0000000080000880                __metal_dt_interrupt_controller
 .data.__metal_dt_interrupt_controller_c000000
                0x0000000080000c40      0x320 /home/tanqinhan/Desktop/riscv/freedom-e-sdk/bsp/freedom-e310-arty/install/lib/debug//libmetal.a(libriscv__mmachine__freedom-e310-arty_a-tty.o)
                0x0000000080000c40                __metal_dt_interrupt_controller_c000000
 .data.__metal_dt_gpio_10012000
                0x0000000080000f60       0x58 /home/tanqinhan/Desktop/riscv/freedom-e-sdk/bsp/freedom-e310-arty/install/lib/debug//libmetal.a(libriscv__mmachine__freedom-e310-arty_a-tty.o)
                0x0000000080000f60                __metal_dt_gpio_10012000
 .data.__metal_dt_serial_10013000
                0x0000000080000fb8       0x30 /home/tanqinhan/Desktop/riscv/freedom-e-sdk/bsp/freedom-e310-arty/install/lib/debug//libmetal.a(libriscv__mmachine__freedom-e310-arty_a-tty.o)
                0x0000000080000fb8                __metal_dt_serial_10013000
 *(.gnu.linkonce.d.*)
                0x0000000080000fe8                . = ALIGN (0x8)
                0x00000000800017e8                PROVIDE (__global_pointer$ = (. + 0x800))
 *(.sdata .sdata.* .sdata2.*)
 .sdata         0x0000000080000fe8        0x4 /home/tanqinhan/Desktop/riscv/freedom-e-sdk/riscv64-unknown-elf-gcc-8.2.0-2019.02.0-x86_64-linux-ubuntu14/bin/../lib/gcc/riscv64-unknown-elf/8.2.0/../../../../riscv64-unknown-elf/lib/rv32imac/ilp32/libc.a(lib_a-impure.o)
                0x0000000080000fe8                _impure_ptr
 .sdata         0x0000000080000fec        0x8 /home/tanqinhan/Desktop/riscv/freedom-e-sdk/riscv64-unknown-elf-gcc-8.2.0-2019.02.0-x86_64-linux-ubuntu14/bin/../lib/gcc/riscv64-unknown-elf/8.2.0/../../../../riscv64-unknown-elf/lib/rv32imac/ilp32/libc.a(lib_a-mallocr.o)
                0x0000000080000fec                __malloc_sbrk_base
                0x0000000080000ff0                __malloc_trim_threshold
 .sdata.brk     0x0000000080000ff4        0x4 /home/tanqinhan/Desktop/riscv/freedom-e-sdk/bsp/freedom-e310-arty/install/lib/debug//libmetal-gloss.a(sys_sbrk.o)
 .sdata2.__metal_driver_vtable_fixed_clock
                0x0000000080000ff8        0x8 /home/tanqinhan/Desktop/riscv/freedom-e-sdk/bsp/freedom-e310-arty/install/lib/debug//libmetal.a(libriscv__mmachine__freedom-e310-arty_a-tty.o)
                0x0000000080000ff8                __metal_driver_vtable_fixed_clock
 .sdata.__metal_cpu_table
                0x0000000080001000        0x4 /home/tanqinhan/Desktop/riscv/freedom-e-sdk/bsp/freedom-e310-arty/install/lib/debug//libmetal.a(libriscv__mmachine__freedom-e310-arty_a-tty.o)
                0x0000000080001000                __metal_cpu_table
 *(.gnu.linkonce.s.*)
                0x0000000080001008                . = ALIGN (0x8)
 *fill*         0x0000000080001004        0x4 
 *(.srodata.cst16)
 *(.srodata.cst8)
 *(.srodata.cst4)
 *(.srodata.cst2)
 *(.srodata .srodata.*)
 .srodata       0x0000000080001008        0x4 /home/tanqinhan/Desktop/riscv/freedom-e-sdk/riscv64-unknown-elf-gcc-8.2.0-2019.02.0-x86_64-linux-ubuntu14/bin/../lib/gcc/riscv64-unknown-elf/8.2.0/../../../../riscv64-unknown-elf/lib/rv32imac/ilp32/libc.a(lib_a-impure.o)
                0x0000000080001008                _global_impure_ptr
                0x000000008000100c                . = ALIGN (0x4)
                [!provide]                        PROVIDE (_edata = .)
                [!provide]                        PROVIDE (edata = .)
                0x000000008000100c                PROVIDE (metal_segment_data_target_end = .)
                [!provide]                        PROVIDE (_fbss = .)
                [!provide]                        PROVIDE (__bss_start = .)
                0x000000008000100c                PROVIDE (metal_segment_bss_target_start = .)

.bss            0x000000008000100c       0x38
 *(.sbss*)
 .sbss          0x000000008000100c        0xc /home/tanqinhan/Desktop/riscv/freedom-e-sdk/riscv64-unknown-elf-gcc-8.2.0-2019.02.0-x86_64-linux-ubuntu14/bin/../lib/gcc/riscv64-unknown-elf/8.2.0/../../../../riscv64-unknown-elf/lib/rv32imac/ilp32/libc.a(lib_a-mallocr.o)
                0x000000008000100c                __malloc_max_total_mem
                0x0000000080001010                __malloc_max_sbrked_mem
                0x0000000080001014                __malloc_top_pad
 *(.gnu.linkonce.sb.*)
 *(.bss .bss.*)
 .bss           0x0000000080001018       0x28 /home/tanqinhan/Desktop/riscv/freedom-e-sdk/riscv64-unknown-elf-gcc-8.2.0-2019.02.0-x86_64-linux-ubuntu14/bin/../lib/gcc/riscv64-unknown-elf/8.2.0/../../../../riscv64-unknown-elf/lib/rv32imac/ilp32/libc.a(lib_a-mallocr.o)
                0x0000000080001018                __malloc_current_mallinfo
 *(.gnu.linkonce.b.*)
 *(COMMON)
 COMMON         0x0000000080001040        0x4 /home/tanqinhan/Desktop/riscv/freedom-e-sdk/riscv64-unknown-elf-gcc-8.2.0-2019.02.0-x86_64-linux-ubuntu14/bin/../lib/gcc/riscv64-unknown-elf/8.2.0/../../../../riscv64-unknown-elf/lib/rv32imac/ilp32/libc.a(lib_a-reent.o)
                0x0000000080001040                errno
                0x0000000080001044                . = ALIGN (0x4)
                0x0000000080001048                . = ALIGN (0x8)
                [!provide]                        PROVIDE (_end = .)
                [!provide]                        PROVIDE (end = .)
                0x0000000080001048                PROVIDE (metal_segment_bss_target_end = .)

.stack          0x0000000080001044      0x400
                [!provide]                        PROVIDE (metal_segment_stack_begin = .)
                0x0000000000000400                . = __stack_size
 *fill*         0x0000000080001044      0x400 
                [!provide]                        PROVIDE (_sp = .)
                0x0000000080001444                PROVIDE (metal_segment_stack_end = .)

.heap           0x0000000080001444     0x2bbc
                0x0000000080001444                PROVIDE (metal_segment_heap_target_start = .)
                0x0000000000000400                . = __heap_size
 *fill*         0x0000000080001444      0x400 
                0x0000000080004000                . = (__heap_size == 0x0)?0x0:(ORIGIN (ram) + LENGTH (ram))
 *fill*         0x0000000080001844     0x27bc 
                0x0000000080004000                PROVIDE (metal_segment_heap_target_end = .)
                [!provide]                        PROVIDE (_heap_end = .)
OUTPUT(hello elf32-littleriscv)

.debug_info     0x0000000000000000     0xae41
 .debug_info    0x0000000000000000      0x92c /tmp/ccy1M8rN.o
 .debug_info    0x000000000000092c       0x22 /home/tanqinhan/Desktop/riscv/freedom-e-sdk/bsp/freedom-e310-arty/install/lib/debug//libmetal.a(libriscv__mmachine__freedom-e310-arty_a-entry.o)
 .debug_info    0x000000000000094e       0x26 /home/tanqinhan/Desktop/riscv/freedom-e-sdk/bsp/freedom-e310-arty/install/lib/debug//libmetal-gloss.a(crt0.o)
 .debug_info    0x0000000000000974      0x969 /home/tanqinhan/Desktop/riscv/freedom-e-sdk/bsp/freedom-e310-arty/install/lib/debug//libmetal-gloss.a(sys_close.o)
 .debug_info    0x00000000000012dd      0xbac /home/tanqinhan/Desktop/riscv/freedom-e-sdk/bsp/freedom-e310-arty/install/lib/debug//libmetal-gloss.a(sys_fstat.o)
 .debug_info    0x0000000000001e89       0xf4 /home/tanqinhan/Desktop/riscv/freedom-e-sdk/bsp/freedom-e310-arty/install/lib/debug//libmetal-gloss.a(sys_isatty.o)
 .debug_info    0x0000000000001f7d      0x99f /home/tanqinhan/Desktop/riscv/freedom-e-sdk/bsp/freedom-e310-arty/install/lib/debug//libmetal-gloss.a(sys_lseek.o)
 .debug_info    0x000000000000291c      0x99f /home/tanqinhan/Desktop/riscv/freedom-e-sdk/bsp/freedom-e310-arty/install/lib/debug//libmetal-gloss.a(sys_read.o)
 .debug_info    0x00000000000032bb      0x117 /home/tanqinhan/Desktop/riscv/freedom-e-sdk/bsp/freedom-e310-arty/install/lib/debug//libmetal-gloss.a(sys_sbrk.o)
 .debug_info    0x00000000000033d2      0xa1e /home/tanqinhan/Desktop/riscv/freedom-e-sdk/bsp/freedom-e310-arty/install/lib/debug//libmetal-gloss.a(sys_write.o)
 .debug_info    0x0000000000003df0     0x1285 /home/tanqinhan/Desktop/riscv/freedom-e-sdk/bsp/freedom-e310-arty/install/lib/debug//libmetal.a(libriscv__mmachine__freedom-e310-arty_a-tty.o)
 .debug_info    0x0000000000005075      0x3f1 /home/tanqinhan/Desktop/riscv/freedom-e-sdk/bsp/freedom-e310-arty/install/lib/debug//libmetal.a(libriscv__mmachine__freedom-e310-arty_a-uart.o)
 .debug_info    0x0000000000005466      0x220 /home/tanqinhan/Desktop/riscv/freedom-e-sdk/bsp/freedom-e310-arty/install/lib/debug//libmetal.a(libriscv__mmachine__freedom-e310-arty_a-fixed-clock.o)
 .debug_info    0x0000000000005686      0x822 /home/tanqinhan/Desktop/riscv/freedom-e-sdk/bsp/freedom-e310-arty/install/lib/debug//libmetal.a(libriscv__mmachine__freedom-e310-arty_a-riscv,clint0.o)
 .debug_info    0x0000000000005ea8     0x20eb /home/tanqinhan/Desktop/riscv/freedom-e-sdk/bsp/freedom-e310-arty/install/lib/debug//libmetal.a(libriscv__mmachine__freedom-e310-arty_a-riscv,cpu.o)
 .debug_info    0x0000000000007f93      0x8da /home/tanqinhan/Desktop/riscv/freedom-e-sdk/bsp/freedom-e310-arty/install/lib/debug//libmetal.a(libriscv__mmachine__freedom-e310-arty_a-riscv,plic0.o)
 .debug_info    0x000000000000886d      0x3fc /home/tanqinhan/Desktop/riscv/freedom-e-sdk/bsp/freedom-e310-arty/install/lib/debug//libmetal.a(libriscv__mmachine__freedom-e310-arty_a-sifive,gpio0.o)
 .debug_info    0x0000000000008c69      0xc6d /home/tanqinhan/Desktop/riscv/freedom-e-sdk/bsp/freedom-e310-arty/install/lib/debug//libmetal.a(libriscv__mmachine__freedom-e310-arty_a-sifive,uart0.o)
 .debug_info    0x00000000000098d6      0x229 /home/tanqinhan/Desktop/riscv/freedom-e-sdk/bsp/freedom-e310-arty/install/lib/debug//libmetal.a(libriscv__mmachine__freedom-e310-arty_a-clock.o)
 .debug_info    0x0000000000009aff     0x12f3 /home/tanqinhan/Desktop/riscv/freedom-e-sdk/bsp/freedom-e310-arty/install/lib/debug//libmetal.a(libriscv__mmachine__freedom-e310-arty_a-shutdown.o)
 .debug_info    0x000000000000adf2       0x4f /home/tanqinhan/Desktop/riscv/freedom-e-sdk/bsp/freedom-e310-arty/install/lib/debug//libmetal-gloss.a(sys_exit.o)

.debug_abbrev   0x0000000000000000     0x1dea
 .debug_abbrev  0x0000000000000000      0x1bc /tmp/ccy1M8rN.o
 .debug_abbrev  0x00000000000001bc       0x12 /home/tanqinhan/Desktop/riscv/freedom-e-sdk/bsp/freedom-e310-arty/install/lib/debug//libmetal.a(libriscv__mmachine__freedom-e310-arty_a-entry.o)
 .debug_abbrev  0x00000000000001ce       0x14 /home/tanqinhan/Desktop/riscv/freedom-e-sdk/bsp/freedom-e310-arty/install/lib/debug//libmetal-gloss.a(crt0.o)
 .debug_abbrev  0x00000000000001e2      0x1e7 /home/tanqinhan/Desktop/riscv/freedom-e-sdk/bsp/freedom-e310-arty/install/lib/debug//libmetal-gloss.a(sys_close.o)
 .debug_abbrev  0x00000000000003c9      0x1fa /home/tanqinhan/Desktop/riscv/freedom-e-sdk/bsp/freedom-e310-arty/install/lib/debug//libmetal-gloss.a(sys_fstat.o)
 .debug_abbrev  0x00000000000005c3       0x73 /home/tanqinhan/Desktop/riscv/freedom-e-sdk/bsp/freedom-e310-arty/install/lib/debug//libmetal-gloss.a(sys_isatty.o)
 .debug_abbrev  0x0000000000000636      0x1f8 /home/tanqinhan/Desktop/riscv/freedom-e-sdk/bsp/freedom-e310-arty/install/lib/debug//libmetal-gloss.a(sys_lseek.o)
 .debug_abbrev  0x000000000000082e      0x1f8 /home/tanqinhan/Desktop/riscv/freedom-e-sdk/bsp/freedom-e310-arty/install/lib/debug//libmetal-gloss.a(sys_read.o)
 .debug_abbrev  0x0000000000000a26       0xb8 /home/tanqinhan/Desktop/riscv/freedom-e-sdk/bsp/freedom-e310-arty/install/lib/debug//libmetal-gloss.a(sys_sbrk.o)
 .debug_abbrev  0x0000000000000ade      0x22a /home/tanqinhan/Desktop/riscv/freedom-e-sdk/bsp/freedom-e310-arty/install/lib/debug//libmetal-gloss.a(sys_write.o)
 .debug_abbrev  0x0000000000000d08      0x1f9 /home/tanqinhan/Desktop/riscv/freedom-e-sdk/bsp/freedom-e310-arty/install/lib/debug//libmetal.a(libriscv__mmachine__freedom-e310-arty_a-tty.o)
 .debug_abbrev  0x0000000000000f01      0x105 /home/tanqinhan/Desktop/riscv/freedom-e-sdk/bsp/freedom-e310-arty/install/lib/debug//libmetal.a(libriscv__mmachine__freedom-e310-arty_a-uart.o)
 .debug_abbrev  0x0000000000001006       0xfe /home/tanqinhan/Desktop/riscv/freedom-e-sdk/bsp/freedom-e310-arty/install/lib/debug//libmetal.a(libriscv__mmachine__freedom-e310-arty_a-fixed-clock.o)
 .debug_abbrev  0x0000000000001104      0x1a2 /home/tanqinhan/Desktop/riscv/freedom-e-sdk/bsp/freedom-e310-arty/install/lib/debug//libmetal.a(libriscv__mmachine__freedom-e310-arty_a-riscv,clint0.o)
 .debug_abbrev  0x00000000000012a6      0x35a /home/tanqinhan/Desktop/riscv/freedom-e-sdk/bsp/freedom-e310-arty/install/lib/debug//libmetal.a(libriscv__mmachine__freedom-e310-arty_a-riscv,cpu.o)
 .debug_abbrev  0x0000000000001600      0x1b7 /home/tanqinhan/Desktop/riscv/freedom-e-sdk/bsp/freedom-e310-arty/install/lib/debug//libmetal.a(libriscv__mmachine__freedom-e310-arty_a-riscv,plic0.o)
 .debug_abbrev  0x00000000000017b7      0x105 /home/tanqinhan/Desktop/riscv/freedom-e-sdk/bsp/freedom-e310-arty/install/lib/debug//libmetal.a(libriscv__mmachine__freedom-e310-arty_a-sifive,gpio0.o)
 .debug_abbrev  0x00000000000018bc      0x1cc /home/tanqinhan/Desktop/riscv/freedom-e-sdk/bsp/freedom-e310-arty/install/lib/debug//libmetal.a(libriscv__mmachine__freedom-e310-arty_a-sifive,uart0.o)
 .debug_abbrev  0x0000000000001a88      0x116 /home/tanqinhan/Desktop/riscv/freedom-e-sdk/bsp/freedom-e310-arty/install/lib/debug//libmetal.a(libriscv__mmachine__freedom-e310-arty_a-clock.o)
 .debug_abbrev  0x0000000000001b9e      0x1ff /home/tanqinhan/Desktop/riscv/freedom-e-sdk/bsp/freedom-e310-arty/install/lib/debug//libmetal.a(libriscv__mmachine__freedom-e310-arty_a-shutdown.o)
 .debug_abbrev  0x0000000000001d9d       0x4d /home/tanqinhan/Desktop/riscv/freedom-e-sdk/bsp/freedom-e310-arty/install/lib/debug//libmetal-gloss.a(sys_exit.o)

.debug_aranges  0x0000000000000000      0x570
 .debug_aranges
                0x0000000000000000       0x20 /tmp/ccy1M8rN.o
 .debug_aranges
                0x0000000000000020       0x30 /home/tanqinhan/Desktop/riscv/freedom-e-sdk/bsp/freedom-e310-arty/install/lib/debug//libmetal.a(libriscv__mmachine__freedom-e310-arty_a-entry.o)
 .debug_aranges
                0x0000000000000050       0x20 /home/tanqinhan/Desktop/riscv/freedom-e-sdk/bsp/freedom-e310-arty/install/lib/debug//libmetal-gloss.a(crt0.o)
 .debug_aranges
                0x0000000000000070       0x20 /home/tanqinhan/Desktop/riscv/freedom-e-sdk/bsp/freedom-e310-arty/install/lib/debug//libmetal-gloss.a(sys_close.o)
 .debug_aranges
                0x0000000000000090       0x20 /home/tanqinhan/Desktop/riscv/freedom-e-sdk/bsp/freedom-e310-arty/install/lib/debug//libmetal-gloss.a(sys_fstat.o)
 .debug_aranges
                0x00000000000000b0       0x20 /home/tanqinhan/Desktop/riscv/freedom-e-sdk/bsp/freedom-e310-arty/install/lib/debug//libmetal-gloss.a(sys_isatty.o)
 .debug_aranges
                0x00000000000000d0       0x20 /home/tanqinhan/Desktop/riscv/freedom-e-sdk/bsp/freedom-e310-arty/install/lib/debug//libmetal-gloss.a(sys_lseek.o)
 .debug_aranges
                0x00000000000000f0       0x20 /home/tanqinhan/Desktop/riscv/freedom-e-sdk/bsp/freedom-e310-arty/install/lib/debug//libmetal-gloss.a(sys_read.o)
 .debug_aranges
                0x0000000000000110       0x28 /home/tanqinhan/Desktop/riscv/freedom-e-sdk/bsp/freedom-e310-arty/install/lib/debug//libmetal-gloss.a(sys_sbrk.o)
 .debug_aranges
                0x0000000000000138       0x20 /home/tanqinhan/Desktop/riscv/freedom-e-sdk/bsp/freedom-e310-arty/install/lib/debug//libmetal-gloss.a(sys_write.o)
 .debug_aranges
                0x0000000000000158       0x28 /home/tanqinhan/Desktop/riscv/freedom-e-sdk/bsp/freedom-e310-arty/install/lib/debug//libmetal.a(libriscv__mmachine__freedom-e310-arty_a-tty.o)
 .debug_aranges
                0x0000000000000180       0x40 /home/tanqinhan/Desktop/riscv/freedom-e-sdk/bsp/freedom-e310-arty/install/lib/debug//libmetal.a(libriscv__mmachine__freedom-e310-arty_a-uart.o)
 .debug_aranges
                0x00000000000001c0       0x28 /home/tanqinhan/Desktop/riscv/freedom-e-sdk/bsp/freedom-e310-arty/install/lib/debug//libmetal.a(libriscv__mmachine__freedom-e310-arty_a-fixed-clock.o)
 .debug_aranges
                0x00000000000001e8       0x50 /home/tanqinhan/Desktop/riscv/freedom-e-sdk/bsp/freedom-e310-arty/install/lib/debug//libmetal.a(libriscv__mmachine__freedom-e310-arty_a-riscv,clint0.o)
 .debug_aranges
                0x0000000000000238      0x198 /home/tanqinhan/Desktop/riscv/freedom-e-sdk/bsp/freedom-e310-arty/install/lib/debug//libmetal.a(libriscv__mmachine__freedom-e310-arty_a-riscv,cpu.o)
 .debug_aranges
                0x00000000000003d0       0x70 /home/tanqinhan/Desktop/riscv/freedom-e-sdk/bsp/freedom-e310-arty/install/lib/debug//libmetal.a(libriscv__mmachine__freedom-e310-arty_a-riscv,plic0.o)
 .debug_aranges
                0x0000000000000440       0x50 /home/tanqinhan/Desktop/riscv/freedom-e-sdk/bsp/freedom-e310-arty/install/lib/debug//libmetal.a(libriscv__mmachine__freedom-e310-arty_a-sifive,gpio0.o)
 .debug_aranges
                0x0000000000000490       0x60 /home/tanqinhan/Desktop/riscv/freedom-e-sdk/bsp/freedom-e310-arty/install/lib/debug//libmetal.a(libriscv__mmachine__freedom-e310-arty_a-sifive,uart0.o)
 .debug_aranges
                0x00000000000004f0       0x38 /home/tanqinhan/Desktop/riscv/freedom-e-sdk/bsp/freedom-e310-arty/install/lib/debug//libmetal.a(libriscv__mmachine__freedom-e310-arty_a-clock.o)
 .debug_aranges
                0x0000000000000528       0x28 /home/tanqinhan/Desktop/riscv/freedom-e-sdk/bsp/freedom-e310-arty/install/lib/debug//libmetal.a(libriscv__mmachine__freedom-e310-arty_a-shutdown.o)
 .debug_aranges
                0x0000000000000550       0x20 /home/tanqinhan/Desktop/riscv/freedom-e-sdk/bsp/freedom-e310-arty/install/lib/debug//libmetal-gloss.a(sys_exit.o)

.debug_ranges   0x0000000000000000      0x418
 .debug_ranges  0x0000000000000000       0x10 /tmp/ccy1M8rN.o
 .debug_ranges  0x0000000000000010       0x28 /home/tanqinhan/Desktop/riscv/freedom-e-sdk/bsp/freedom-e310-arty/install/lib/debug//libmetal.a(libriscv__mmachine__freedom-e310-arty_a-entry.o)
 .debug_ranges  0x0000000000000038       0x10 /home/tanqinhan/Desktop/riscv/freedom-e-sdk/bsp/freedom-e310-arty/install/lib/debug//libmetal-gloss.a(sys_close.o)
 .debug_ranges  0x0000000000000048       0x10 /home/tanqinhan/Desktop/riscv/freedom-e-sdk/bsp/freedom-e310-arty/install/lib/debug//libmetal-gloss.a(sys_fstat.o)
 .debug_ranges  0x0000000000000058       0x10 /home/tanqinhan/Desktop/riscv/freedom-e-sdk/bsp/freedom-e310-arty/install/lib/debug//libmetal-gloss.a(sys_isatty.o)
 .debug_ranges  0x0000000000000068       0x10 /home/tanqinhan/Desktop/riscv/freedom-e-sdk/bsp/freedom-e310-arty/install/lib/debug//libmetal-gloss.a(sys_lseek.o)
 .debug_ranges  0x0000000000000078       0x10 /home/tanqinhan/Desktop/riscv/freedom-e-sdk/bsp/freedom-e310-arty/install/lib/debug//libmetal-gloss.a(sys_read.o)
 .debug_ranges  0x0000000000000088       0x18 /home/tanqinhan/Desktop/riscv/freedom-e-sdk/bsp/freedom-e310-arty/install/lib/debug//libmetal-gloss.a(sys_sbrk.o)
 .debug_ranges  0x00000000000000a0       0x10 /home/tanqinhan/Desktop/riscv/freedom-e-sdk/bsp/freedom-e310-arty/install/lib/debug//libmetal-gloss.a(sys_write.o)
 .debug_ranges  0x00000000000000b0       0x18 /home/tanqinhan/Desktop/riscv/freedom-e-sdk/bsp/freedom-e310-arty/install/lib/debug//libmetal.a(libriscv__mmachine__freedom-e310-arty_a-tty.o)
 .debug_ranges  0x00000000000000c8       0x30 /home/tanqinhan/Desktop/riscv/freedom-e-sdk/bsp/freedom-e310-arty/install/lib/debug//libmetal.a(libriscv__mmachine__freedom-e310-arty_a-uart.o)
 .debug_ranges  0x00000000000000f8       0x18 /home/tanqinhan/Desktop/riscv/freedom-e-sdk/bsp/freedom-e310-arty/install/lib/debug//libmetal.a(libriscv__mmachine__freedom-e310-arty_a-fixed-clock.o)
 .debug_ranges  0x0000000000000110       0x40 /home/tanqinhan/Desktop/riscv/freedom-e-sdk/bsp/freedom-e310-arty/install/lib/debug//libmetal.a(libriscv__mmachine__freedom-e310-arty_a-riscv,clint0.o)
 .debug_ranges  0x0000000000000150      0x188 /home/tanqinhan/Desktop/riscv/freedom-e-sdk/bsp/freedom-e310-arty/install/lib/debug//libmetal.a(libriscv__mmachine__freedom-e310-arty_a-riscv,cpu.o)
 .debug_ranges  0x00000000000002d8       0x60 /home/tanqinhan/Desktop/riscv/freedom-e-sdk/bsp/freedom-e310-arty/install/lib/debug//libmetal.a(libriscv__mmachine__freedom-e310-arty_a-riscv,plic0.o)
 .debug_ranges  0x0000000000000338       0x40 /home/tanqinhan/Desktop/riscv/freedom-e-sdk/bsp/freedom-e310-arty/install/lib/debug//libmetal.a(libriscv__mmachine__freedom-e310-arty_a-sifive,gpio0.o)
 .debug_ranges  0x0000000000000378       0x50 /home/tanqinhan/Desktop/riscv/freedom-e-sdk/bsp/freedom-e310-arty/install/lib/debug//libmetal.a(libriscv__mmachine__freedom-e310-arty_a-sifive,uart0.o)
 .debug_ranges  0x00000000000003c8       0x28 /home/tanqinhan/Desktop/riscv/freedom-e-sdk/bsp/freedom-e310-arty/install/lib/debug//libmetal.a(libriscv__mmachine__freedom-e310-arty_a-clock.o)
 .debug_ranges  0x00000000000003f0       0x18 /home/tanqinhan/Desktop/riscv/freedom-e-sdk/bsp/freedom-e310-arty/install/lib/debug//libmetal.a(libriscv__mmachine__freedom-e310-arty_a-shutdown.o)
 .debug_ranges  0x0000000000000408       0x10 /home/tanqinhan/Desktop/riscv/freedom-e-sdk/bsp/freedom-e310-arty/install/lib/debug//libmetal-gloss.a(sys_exit.o)

.debug_line     0x0000000000000000     0x49e1
 .debug_line    0x0000000000000000      0x193 /tmp/ccy1M8rN.o
 .debug_line    0x0000000000000193       0xfe /home/tanqinhan/Desktop/riscv/freedom-e-sdk/bsp/freedom-e310-arty/install/lib/debug//libmetal.a(libriscv__mmachine__freedom-e310-arty_a-entry.o)
 .debug_line    0x0000000000000291      0x1a9 /home/tanqinhan/Desktop/riscv/freedom-e-sdk/bsp/freedom-e310-arty/install/lib/debug//libmetal-gloss.a(crt0.o)
 .debug_line    0x000000000000043a      0x1f2 /home/tanqinhan/Desktop/riscv/freedom-e-sdk/bsp/freedom-e310-arty/install/lib/debug//libmetal-gloss.a(sys_close.o)
 .debug_line    0x000000000000062c      0x347 /home/tanqinhan/Desktop/riscv/freedom-e-sdk/bsp/freedom-e310-arty/install/lib/debug//libmetal-gloss.a(sys_fstat.o)
 .debug_line    0x0000000000000973      0x123 /home/tanqinhan/Desktop/riscv/freedom-e-sdk/bsp/freedom-e310-arty/install/lib/debug//libmetal-gloss.a(sys_isatty.o)
 .debug_line    0x0000000000000a96      0x1fd /home/tanqinhan/Desktop/riscv/freedom-e-sdk/bsp/freedom-e310-arty/install/lib/debug//libmetal-gloss.a(sys_lseek.o)
 .debug_line    0x0000000000000c93      0x1fc /home/tanqinhan/Desktop/riscv/freedom-e-sdk/bsp/freedom-e310-arty/install/lib/debug//libmetal-gloss.a(sys_read.o)
 .debug_line    0x0000000000000e8f      0x18b /home/tanqinhan/Desktop/riscv/freedom-e-sdk/bsp/freedom-e310-arty/install/lib/debug//libmetal-gloss.a(sys_sbrk.o)
 .debug_line    0x000000000000101a      0x25f /home/tanqinhan/Desktop/riscv/freedom-e-sdk/bsp/freedom-e310-arty/install/lib/debug//libmetal-gloss.a(sys_write.o)
 .debug_line    0x0000000000001279      0x474 /home/tanqinhan/Desktop/riscv/freedom-e-sdk/bsp/freedom-e310-arty/install/lib/debug//libmetal.a(libriscv__mmachine__freedom-e310-arty_a-tty.o)
 .debug_line    0x00000000000016ed      0x172 /home/tanqinhan/Desktop/riscv/freedom-e-sdk/bsp/freedom-e310-arty/install/lib/debug//libmetal.a(libriscv__mmachine__freedom-e310-arty_a-uart.o)
 .debug_line    0x000000000000185f      0x162 /home/tanqinhan/Desktop/riscv/freedom-e-sdk/bsp/freedom-e310-arty/install/lib/debug//libmetal.a(libriscv__mmachine__freedom-e310-arty_a-fixed-clock.o)
 .debug_line    0x00000000000019c1      0x632 /home/tanqinhan/Desktop/riscv/freedom-e-sdk/bsp/freedom-e310-arty/install/lib/debug//libmetal.a(libriscv__mmachine__freedom-e310-arty_a-riscv,clint0.o)
 .debug_line    0x0000000000001ff3     0x12c0 /home/tanqinhan/Desktop/riscv/freedom-e-sdk/bsp/freedom-e310-arty/install/lib/debug//libmetal.a(libriscv__mmachine__freedom-e310-arty_a-riscv,cpu.o)
 .debug_line    0x00000000000032b3      0x685 /home/tanqinhan/Desktop/riscv/freedom-e-sdk/bsp/freedom-e310-arty/install/lib/debug//libmetal.a(libriscv__mmachine__freedom-e310-arty_a-riscv,plic0.o)
 .debug_line    0x0000000000003938      0x348 /home/tanqinhan/Desktop/riscv/freedom-e-sdk/bsp/freedom-e310-arty/install/lib/debug//libmetal.a(libriscv__mmachine__freedom-e310-arty_a-sifive,gpio0.o)
 .debug_line    0x0000000000003c80      0x706 /home/tanqinhan/Desktop/riscv/freedom-e-sdk/bsp/freedom-e310-arty/install/lib/debug//libmetal.a(libriscv__mmachine__freedom-e310-arty_a-sifive,uart0.o)
 .debug_line    0x0000000000004386      0x16b /home/tanqinhan/Desktop/riscv/freedom-e-sdk/bsp/freedom-e310-arty/install/lib/debug//libmetal.a(libriscv__mmachine__freedom-e310-arty_a-clock.o)
 .debug_line    0x00000000000044f1      0x46d /home/tanqinhan/Desktop/riscv/freedom-e-sdk/bsp/freedom-e310-arty/install/lib/debug//libmetal.a(libriscv__mmachine__freedom-e310-arty_a-shutdown.o)
 .debug_line    0x000000000000495e       0x83 /home/tanqinhan/Desktop/riscv/freedom-e-sdk/bsp/freedom-e310-arty/install/lib/debug//libmetal-gloss.a(sys_exit.o)

.debug_str      0x0000000000000000     0x280d
 .debug_str     0x0000000000000000      0x4b6 /tmp/ccy1M8rN.o
                                        0x52a (size before relaxing)
 .debug_str     0x00000000000004b6       0xa0 /home/tanqinhan/Desktop/riscv/freedom-e-sdk/bsp/freedom-e310-arty/install/lib/debug//libmetal.a(libriscv__mmachine__freedom-e310-arty_a-entry.o)
 .debug_str     0x0000000000000556       0x47 /home/tanqinhan/Desktop/riscv/freedom-e-sdk/bsp/freedom-e310-arty/install/lib/debug//libmetal-gloss.a(crt0.o)
                                         0xa1 (size before relaxing)
 .debug_str     0x000000000000059d       0x63 /home/tanqinhan/Desktop/riscv/freedom-e-sdk/bsp/freedom-e310-arty/install/lib/debug//libmetal-gloss.a(sys_close.o)
                                        0x598 (size before relaxing)
 .debug_str     0x0000000000000600      0x178 /home/tanqinhan/Desktop/riscv/freedom-e-sdk/bsp/freedom-e310-arty/install/lib/debug//libmetal-gloss.a(sys_fstat.o)
                                        0x709 (size before relaxing)
 .debug_str     0x0000000000000778       0x82 /home/tanqinhan/Desktop/riscv/freedom-e-sdk/bsp/freedom-e310-arty/install/lib/debug//libmetal-gloss.a(sys_isatty.o)
                                        0x1cf (size before relaxing)
 .debug_str     0x00000000000007fa       0x53 /home/tanqinhan/Desktop/riscv/freedom-e-sdk/bsp/freedom-e310-arty/install/lib/debug//libmetal-gloss.a(sys_lseek.o)
                                        0x5ad (size before relaxing)
 .debug_str     0x000000000000084d       0x4b /home/tanqinhan/Desktop/riscv/freedom-e-sdk/bsp/freedom-e310-arty/install/lib/debug//libmetal-gloss.a(sys_read.o)
                                        0x5a6 (size before relaxing)
 .debug_str     0x0000000000000898       0xa8 /home/tanqinhan/Desktop/riscv/freedom-e-sdk/bsp/freedom-e310-arty/install/lib/debug//libmetal-gloss.a(sys_sbrk.o)
                                        0x1f0 (size before relaxing)
 .debug_str     0x0000000000000940       0x51 /home/tanqinhan/Desktop/riscv/freedom-e-sdk/bsp/freedom-e310-arty/install/lib/debug//libmetal-gloss.a(sys_write.o)
                                        0x5d9 (size before relaxing)
 .debug_str     0x0000000000000991      0x99a /home/tanqinhan/Desktop/riscv/freedom-e-sdk/bsp/freedom-e310-arty/install/lib/debug//libmetal.a(libriscv__mmachine__freedom-e310-arty_a-tty.o)
                                        0xd35 (size before relaxing)
 .debug_str     0x000000000000132b       0xa7 /home/tanqinhan/Desktop/riscv/freedom-e-sdk/bsp/freedom-e310-arty/install/lib/debug//libmetal.a(libriscv__mmachine__freedom-e310-arty_a-uart.o)
                                        0x35a (size before relaxing)
 .debug_str     0x00000000000013d2       0xb1 /home/tanqinhan/Desktop/riscv/freedom-e-sdk/bsp/freedom-e310-arty/install/lib/debug//libmetal.a(libriscv__mmachine__freedom-e310-arty_a-fixed-clock.o)
                                        0x2db (size before relaxing)
 .debug_str     0x0000000000001483      0x20a /home/tanqinhan/Desktop/riscv/freedom-e-sdk/bsp/freedom-e310-arty/install/lib/debug//libmetal.a(libriscv__mmachine__freedom-e310-arty_a-riscv,clint0.o)
                                        0x6eb (size before relaxing)
 .debug_str     0x000000000000168d      0xb04 /home/tanqinhan/Desktop/riscv/freedom-e-sdk/bsp/freedom-e310-arty/install/lib/debug//libmetal.a(libriscv__mmachine__freedom-e310-arty_a-riscv,cpu.o)
                                       0x18b3 (size before relaxing)
 .debug_str     0x0000000000002191      0x1a9 /home/tanqinhan/Desktop/riscv/freedom-e-sdk/bsp/freedom-e310-arty/install/lib/debug//libmetal.a(libriscv__mmachine__freedom-e310-arty_a-riscv,plic0.o)
                                        0x725 (size before relaxing)
 .debug_str     0x000000000000233a      0x17e /home/tanqinhan/Desktop/riscv/freedom-e-sdk/bsp/freedom-e310-arty/install/lib/debug//libmetal.a(libriscv__mmachine__freedom-e310-arty_a-sifive,gpio0.o)
                                        0x384 (size before relaxing)
 .debug_str     0x00000000000024b8      0x1a3 /home/tanqinhan/Desktop/riscv/freedom-e-sdk/bsp/freedom-e310-arty/install/lib/debug//libmetal.a(libriscv__mmachine__freedom-e310-arty_a-sifive,uart0.o)
                                        0xb60 (size before relaxing)
 .debug_str     0x000000000000265b       0xd3 /home/tanqinhan/Desktop/riscv/freedom-e-sdk/bsp/freedom-e310-arty/install/lib/debug//libmetal.a(libriscv__mmachine__freedom-e310-arty_a-clock.o)
                                        0x2ba (size before relaxing)
 .debug_str     0x000000000000272e       0x88 /home/tanqinhan/Desktop/riscv/freedom-e-sdk/bsp/freedom-e310-arty/install/lib/debug//libmetal.a(libriscv__mmachine__freedom-e310-arty_a-shutdown.o)
                                        0xd74 (size before relaxing)
 .debug_str     0x00000000000027b6       0x57 /home/tanqinhan/Desktop/riscv/freedom-e-sdk/bsp/freedom-e310-arty/install/lib/debug//libmetal-gloss.a(sys_exit.o)
                                        0x110 (size before relaxing)

.comment        0x0000000000000000       0x11
 .comment       0x0000000000000000       0x11 /tmp/ccy1M8rN.o
                                         0x12 (size before relaxing)
 .comment       0x0000000000000011       0x12 /home/tanqinhan/Desktop/riscv/freedom-e-sdk/riscv64-unknown-elf-gcc-8.2.0-2019.02.0-x86_64-linux-ubuntu14/bin/../lib/gcc/riscv64-unknown-elf/8.2.0/../../../../riscv64-unknown-elf/lib/rv32imac/ilp32/libc.a(lib_a-puts.o)
 .comment       0x0000000000000011       0x12 /home/tanqinhan/Desktop/riscv/freedom-e-sdk/riscv64-unknown-elf-gcc-8.2.0-2019.02.0-x86_64-linux-ubuntu14/bin/../lib/gcc/riscv64-unknown-elf/8.2.0/../../../../riscv64-unknown-elf/lib/rv32imac/ilp32/libc.a(lib_a-strlen.o)
 .comment       0x0000000000000011       0x12 /home/tanqinhan/Desktop/riscv/freedom-e-sdk/riscv64-unknown-elf-gcc-8.2.0-2019.02.0-x86_64-linux-ubuntu14/bin/../lib/gcc/riscv64-unknown-elf/8.2.0/../../../../riscv64-unknown-elf/lib/rv32imac/ilp32/libc.a(lib_a-findfp.o)
 .comment       0x0000000000000011       0x12 /home/tanqinhan/Desktop/riscv/freedom-e-sdk/riscv64-unknown-elf-gcc-8.2.0-2019.02.0-x86_64-linux-ubuntu14/bin/../lib/gcc/riscv64-unknown-elf/8.2.0/../../../../riscv64-unknown-elf/lib/rv32imac/ilp32/libc.a(lib_a-fvwrite.o)
 .comment       0x0000000000000011       0x12 /home/tanqinhan/Desktop/riscv/freedom-e-sdk/riscv64-unknown-elf-gcc-8.2.0-2019.02.0-x86_64-linux-ubuntu14/bin/../lib/gcc/riscv64-unknown-elf/8.2.0/../../../../riscv64-unknown-elf/lib/rv32imac/ilp32/libc.a(lib_a-fwalk.o)
 .comment       0x0000000000000011       0x12 /home/tanqinhan/Desktop/riscv/freedom-e-sdk/riscv64-unknown-elf-gcc-8.2.0-2019.02.0-x86_64-linux-ubuntu14/bin/../lib/gcc/riscv64-unknown-elf/8.2.0/../../../../riscv64-unknown-elf/lib/rv32imac/ilp32/libc.a(lib_a-impure.o)
 .comment       0x0000000000000011       0x12 /home/tanqinhan/Desktop/riscv/freedom-e-sdk/riscv64-unknown-elf-gcc-8.2.0-2019.02.0-x86_64-linux-ubuntu14/bin/../lib/gcc/riscv64-unknown-elf/8.2.0/../../../../riscv64-unknown-elf/lib/rv32imac/ilp32/libc.a(lib_a-mallocr.o)
 .comment       0x0000000000000011       0x12 /home/tanqinhan/Desktop/riscv/freedom-e-sdk/riscv64-unknown-elf-gcc-8.2.0-2019.02.0-x86_64-linux-ubuntu14/bin/../lib/gcc/riscv64-unknown-elf/8.2.0/../../../../riscv64-unknown-elf/lib/rv32imac/ilp32/libc.a(lib_a-memchr.o)
 .comment       0x0000000000000011       0x12 /home/tanqinhan/Desktop/riscv/freedom-e-sdk/riscv64-unknown-elf-gcc-8.2.0-2019.02.0-x86_64-linux-ubuntu14/bin/../lib/gcc/riscv64-unknown-elf/8.2.0/../../../../riscv64-unknown-elf/lib/rv32imac/ilp32/libc.a(lib_a-memcpy.o)
 .comment       0x0000000000000011       0x12 /home/tanqinhan/Desktop/riscv/freedom-e-sdk/riscv64-unknown-elf-gcc-8.2.0-2019.02.0-x86_64-linux-ubuntu14/bin/../lib/gcc/riscv64-unknown-elf/8.2.0/../../../../riscv64-unknown-elf/lib/rv32imac/ilp32/libc.a(lib_a-memmove.o)
 .comment       0x0000000000000011       0x12 /home/tanqinhan/Desktop/riscv/freedom-e-sdk/riscv64-unknown-elf-gcc-8.2.0-2019.02.0-x86_64-linux-ubuntu14/bin/../lib/gcc/riscv64-unknown-elf/8.2.0/../../../../riscv64-unknown-elf/lib/rv32imac/ilp32/libc.a(lib_a-mlock.o)
 .comment       0x0000000000000011       0x12 /home/tanqinhan/Desktop/riscv/freedom-e-sdk/riscv64-unknown-elf-gcc-8.2.0-2019.02.0-x86_64-linux-ubuntu14/bin/../lib/gcc/riscv64-unknown-elf/8.2.0/../../../../riscv64-unknown-elf/lib/rv32imac/ilp32/libc.a(lib_a-reallocr.o)
 .comment       0x0000000000000011       0x12 /home/tanqinhan/Desktop/riscv/freedom-e-sdk/riscv64-unknown-elf-gcc-8.2.0-2019.02.0-x86_64-linux-ubuntu14/bin/../lib/gcc/riscv64-unknown-elf/8.2.0/../../../../riscv64-unknown-elf/lib/rv32imac/ilp32/libc.a(lib_a-sbrkr.o)
 .comment       0x0000000000000011       0x12 /home/tanqinhan/Desktop/riscv/freedom-e-sdk/riscv64-unknown-elf-gcc-8.2.0-2019.02.0-x86_64-linux-ubuntu14/bin/../lib/gcc/riscv64-unknown-elf/8.2.0/../../../../riscv64-unknown-elf/lib/rv32imac/ilp32/libc.a(lib_a-stdio.o)
 .comment       0x0000000000000011       0x12 /home/tanqinhan/Desktop/riscv/freedom-e-sdk/riscv64-unknown-elf-gcc-8.2.0-2019.02.0-x86_64-linux-ubuntu14/bin/../lib/gcc/riscv64-unknown-elf/8.2.0/../../../../riscv64-unknown-elf/lib/rv32imac/ilp32/libc.a(lib_a-writer.o)
 .comment       0x0000000000000011       0x12 /home/tanqinhan/Desktop/riscv/freedom-e-sdk/riscv64-unknown-elf-gcc-8.2.0-2019.02.0-x86_64-linux-ubuntu14/bin/../lib/gcc/riscv64-unknown-elf/8.2.0/../../../../riscv64-unknown-elf/lib/rv32imac/ilp32/libc.a(lib_a-wsetup.o)
 .comment       0x0000000000000011       0x12 /home/tanqinhan/Desktop/riscv/freedom-e-sdk/riscv64-unknown-elf-gcc-8.2.0-2019.02.0-x86_64-linux-ubuntu14/bin/../lib/gcc/riscv64-unknown-elf/8.2.0/../../../../riscv64-unknown-elf/lib/rv32imac/ilp32/libc.a(lib_a-closer.o)
 .comment       0x0000000000000011       0x12 /home/tanqinhan/Desktop/riscv/freedom-e-sdk/riscv64-unknown-elf-gcc-8.2.0-2019.02.0-x86_64-linux-ubuntu14/bin/../lib/gcc/riscv64-unknown-elf/8.2.0/../../../../riscv64-unknown-elf/lib/rv32imac/ilp32/libc.a(lib_a-fclose.o)
 .comment       0x0000000000000011       0x12 /home/tanqinhan/Desktop/riscv/freedom-e-sdk/riscv64-unknown-elf-gcc-8.2.0-2019.02.0-x86_64-linux-ubuntu14/bin/../lib/gcc/riscv64-unknown-elf/8.2.0/../../../../riscv64-unknown-elf/lib/rv32imac/ilp32/libc.a(lib_a-fflush.o)
 .comment       0x0000000000000011       0x12 /home/tanqinhan/Desktop/riscv/freedom-e-sdk/riscv64-unknown-elf-gcc-8.2.0-2019.02.0-x86_64-linux-ubuntu14/bin/../lib/gcc/riscv64-unknown-elf/8.2.0/../../../../riscv64-unknown-elf/lib/rv32imac/ilp32/libc.a(lib_a-freer.o)
 .comment       0x0000000000000011       0x12 /home/tanqinhan/Desktop/riscv/freedom-e-sdk/riscv64-unknown-elf-gcc-8.2.0-2019.02.0-x86_64-linux-ubuntu14/bin/../lib/gcc/riscv64-unknown-elf/8.2.0/../../../../riscv64-unknown-elf/lib/rv32imac/ilp32/libc.a(lib_a-lseekr.o)
 .comment       0x0000000000000011       0x12 /home/tanqinhan/Desktop/riscv/freedom-e-sdk/riscv64-unknown-elf-gcc-8.2.0-2019.02.0-x86_64-linux-ubuntu14/bin/../lib/gcc/riscv64-unknown-elf/8.2.0/../../../../riscv64-unknown-elf/lib/rv32imac/ilp32/libc.a(lib_a-makebuf.o)
 .comment       0x0000000000000011       0x12 /home/tanqinhan/Desktop/riscv/freedom-e-sdk/riscv64-unknown-elf-gcc-8.2.0-2019.02.0-x86_64-linux-ubuntu14/bin/../lib/gcc/riscv64-unknown-elf/8.2.0/../../../../riscv64-unknown-elf/lib/rv32imac/ilp32/libc.a(lib_a-readr.o)
 .comment       0x0000000000000011       0x12 /home/tanqinhan/Desktop/riscv/freedom-e-sdk/riscv64-unknown-elf-gcc-8.2.0-2019.02.0-x86_64-linux-ubuntu14/bin/../lib/gcc/riscv64-unknown-elf/8.2.0/../../../../riscv64-unknown-elf/lib/rv32imac/ilp32/libc.a(lib_a-reent.o)
 .comment       0x0000000000000011       0x12 /home/tanqinhan/Desktop/riscv/freedom-e-sdk/riscv64-unknown-elf-gcc-8.2.0-2019.02.0-x86_64-linux-ubuntu14/bin/../lib/gcc/riscv64-unknown-elf/8.2.0/../../../../riscv64-unknown-elf/lib/rv32imac/ilp32/libc.a(lib_a-fstatr.o)
 .comment       0x0000000000000011       0x12 /home/tanqinhan/Desktop/riscv/freedom-e-sdk/riscv64-unknown-elf-gcc-8.2.0-2019.02.0-x86_64-linux-ubuntu14/bin/../lib/gcc/riscv64-unknown-elf/8.2.0/../../../../riscv64-unknown-elf/lib/rv32imac/ilp32/libc.a(lib_a-isattyr.o)
 .comment       0x0000000000000011       0x12 /home/tanqinhan/Desktop/riscv/freedom-e-sdk/bsp/freedom-e310-arty/install/lib/debug//libmetal-gloss.a(sys_close.o)
 .comment       0x0000000000000011       0x12 /home/tanqinhan/Desktop/riscv/freedom-e-sdk/bsp/freedom-e310-arty/install/lib/debug//libmetal-gloss.a(sys_fstat.o)
 .comment       0x0000000000000011       0x12 /home/tanqinhan/Desktop/riscv/freedom-e-sdk/bsp/freedom-e310-arty/install/lib/debug//libmetal-gloss.a(sys_isatty.o)
 .comment       0x0000000000000011       0x12 /home/tanqinhan/Desktop/riscv/freedom-e-sdk/bsp/freedom-e310-arty/install/lib/debug//libmetal-gloss.a(sys_lseek.o)
 .comment       0x0000000000000011       0x12 /home/tanqinhan/Desktop/riscv/freedom-e-sdk/bsp/freedom-e310-arty/install/lib/debug//libmetal-gloss.a(sys_read.o)
 .comment       0x0000000000000011       0x12 /home/tanqinhan/Desktop/riscv/freedom-e-sdk/bsp/freedom-e310-arty/install/lib/debug//libmetal-gloss.a(sys_sbrk.o)
 .comment       0x0000000000000011       0x12 /home/tanqinhan/Desktop/riscv/freedom-e-sdk/bsp/freedom-e310-arty/install/lib/debug//libmetal-gloss.a(sys_write.o)
 .comment       0x0000000000000011       0x12 /home/tanqinhan/Desktop/riscv/freedom-e-sdk/riscv64-unknown-elf-gcc-8.2.0-2019.02.0-x86_64-linux-ubuntu14/bin/../lib/gcc/riscv64-unknown-elf/8.2.0/../../../../riscv64-unknown-elf/lib/rv32imac/ilp32/libc.a(lib_a-atexit.o)
 .comment       0x0000000000000011       0x12 /home/tanqinhan/Desktop/riscv/freedom-e-sdk/riscv64-unknown-elf-gcc-8.2.0-2019.02.0-x86_64-linux-ubuntu14/bin/../lib/gcc/riscv64-unknown-elf/8.2.0/../../../../riscv64-unknown-elf/lib/rv32imac/ilp32/libc.a(lib_a-errno.o)
 .comment       0x0000000000000011       0x12 /home/tanqinhan/Desktop/riscv/freedom-e-sdk/riscv64-unknown-elf-gcc-8.2.0-2019.02.0-x86_64-linux-ubuntu14/bin/../lib/gcc/riscv64-unknown-elf/8.2.0/../../../../riscv64-unknown-elf/lib/rv32imac/ilp32/libc.a(lib_a-exit.o)
 .comment       0x0000000000000011       0x12 /home/tanqinhan/Desktop/riscv/freedom-e-sdk/riscv64-unknown-elf-gcc-8.2.0-2019.02.0-x86_64-linux-ubuntu14/bin/../lib/gcc/riscv64-unknown-elf/8.2.0/../../../../riscv64-unknown-elf/lib/rv32imac/ilp32/libc.a(lib_a-fini.o)
 .comment       0x0000000000000011       0x12 /home/tanqinhan/Desktop/riscv/freedom-e-sdk/riscv64-unknown-elf-gcc-8.2.0-2019.02.0-x86_64-linux-ubuntu14/bin/../lib/gcc/riscv64-unknown-elf/8.2.0/../../../../riscv64-unknown-elf/lib/rv32imac/ilp32/libc.a(lib_a-init.o)
 .comment       0x0000000000000011       0x12 /home/tanqinhan/Desktop/riscv/freedom-e-sdk/riscv64-unknown-elf-gcc-8.2.0-2019.02.0-x86_64-linux-ubuntu14/bin/../lib/gcc/riscv64-unknown-elf/8.2.0/../../../../riscv64-unknown-elf/lib/rv32imac/ilp32/libc.a(lib_a-__atexit.o)
 .comment       0x0000000000000011       0x12 /home/tanqinhan/Desktop/riscv/freedom-e-sdk/riscv64-unknown-elf-gcc-8.2.0-2019.02.0-x86_64-linux-ubuntu14/bin/../lib/gcc/riscv64-unknown-elf/8.2.0/../../../../riscv64-unknown-elf/lib/rv32imac/ilp32/libc.a(lib_a-__call_atexit.o)
 .comment       0x0000000000000011       0x12 /home/tanqinhan/Desktop/riscv/freedom-e-sdk/bsp/freedom-e310-arty/install/lib/debug//libmetal.a(libriscv__mmachine__freedom-e310-arty_a-tty.o)