Archive member included to satisfy reference by file (symbol)

/home/tanqinhan/Desktop/riscv/freedom-e-sdk/riscv64-unknown-elf-gcc-8.2.0-2019.02.0-x86_64-linux-ubuntu14/bin/../lib/gcc/riscv64-unknown-elf/8.2.0/../../../../riscv64-unknown-elf/lib/rv32imac/ilp32/libc.a(lib_a-putchar.o)
                              /tmp/cc1lZeDu.o (putchar)
/home/tanqinhan/Desktop/riscv/freedom-e-sdk/riscv64-unknown-elf-gcc-8.2.0-2019.02.0-x86_64-linux-ubuntu14/bin/../lib/gcc/riscv64-unknown-elf/8.2.0/../../../../riscv64-unknown-elf/lib/rv32imac/ilp32/libc.a(lib_a-putc.o)
                              /home/tanqinhan/Desktop/riscv/freedom-e-sdk/riscv64-unknown-elf-gcc-8.2.0-2019.02.0-x86_64-linux-ubuntu14/bin/../lib/gcc/riscv64-unknown-elf/8.2.0/../../../../riscv64-unknown-elf/lib/rv32imac/ilp32/libc.a(lib_a-putchar.o) (_putc_r)
/home/tanqinhan/Desktop/riscv/freedom-e-sdk/riscv64-unknown-elf-gcc-8.2.0-2019.02.0-x86_64-linux-ubuntu14/bin/../lib/gcc/riscv64-unknown-elf/8.2.0/../../../../riscv64-unknown-elf/lib/rv32imac/ilp32/libc.a(lib_a-puts.o)
                              /tmp/cc1lZeDu.o (puts)
/home/tanqinhan/Desktop/riscv/freedom-e-sdk/riscv64-unknown-elf-gcc-8.2.0-2019.02.0-x86_64-linux-ubuntu14/bin/../lib/gcc/riscv64-unknown-elf/8.2.0/../../../../riscv64-unknown-elf/lib/rv32imac/ilp32/libc.a(lib_a-strlen.o)
                              /home/tanqinhan/Desktop/riscv/freedom-e-sdk/riscv64-unknown-elf-gcc-8.2.0-2019.02.0-x86_64-linux-ubuntu14/bin/../lib/gcc/riscv64-unknown-elf/8.2.0/../../../../riscv64-unknown-elf/lib/rv32imac/ilp32/libc.a(lib_a-puts.o) (strlen)
/home/tanqinhan/Desktop/riscv/freedom-e-sdk/riscv64-unknown-elf-gcc-8.2.0-2019.02.0-x86_64-linux-ubuntu14/bin/../lib/gcc/riscv64-unknown-elf/8.2.0/../../../../riscv64-unknown-elf/lib/rv32imac/ilp32/libc.a(lib_a-wbuf.o)
                              /home/tanqinhan/Desktop/riscv/freedom-e-sdk/riscv64-unknown-elf-gcc-8.2.0-2019.02.0-x86_64-linux-ubuntu14/bin/../lib/gcc/riscv64-unknown-elf/8.2.0/../../../../riscv64-unknown-elf/lib/rv32imac/ilp32/libc.a(lib_a-putc.o) (__swbuf_r)
/home/tanqinhan/Desktop/riscv/freedom-e-sdk/riscv64-unknown-elf-gcc-8.2.0-2019.02.0-x86_64-linux-ubuntu14/bin/../lib/gcc/riscv64-unknown-elf/8.2.0/../../../../riscv64-unknown-elf/lib/rv32imac/ilp32/libc.a(lib_a-wsetup.o)
                              /home/tanqinhan/Desktop/riscv/freedom-e-sdk/riscv64-unknown-elf-gcc-8.2.0-2019.02.0-x86_64-linux-ubuntu14/bin/../lib/gcc/riscv64-unknown-elf/8.2.0/../../../../riscv64-unknown-elf/lib/rv32imac/ilp32/libc.a(lib_a-wbuf.o) (__swsetup_r)
/home/tanqinhan/Desktop/riscv/freedom-e-sdk/riscv64-unknown-elf-gcc-8.2.0-2019.02.0-x86_64-linux-ubuntu14/bin/../lib/gcc/riscv64-unknown-elf/8.2.0/../../../../riscv64-unknown-elf/lib/rv32imac/ilp32/libc.a(lib_a-fflush.o)
                              /home/tanqinhan/Desktop/riscv/freedom-e-sdk/riscv64-unknown-elf-gcc-8.2.0-2019.02.0-x86_64-linux-ubuntu14/bin/../lib/gcc/riscv64-unknown-elf/8.2.0/../../../../riscv64-unknown-elf/lib/rv32imac/ilp32/libc.a(lib_a-wbuf.o) (_fflush_r)
/home/tanqinhan/Desktop/riscv/freedom-e-sdk/riscv64-unknown-elf-gcc-8.2.0-2019.02.0-x86_64-linux-ubuntu14/bin/../lib/gcc/riscv64-unknown-elf/8.2.0/../../../../riscv64-unknown-elf/lib/rv32imac/ilp32/libc.a(lib_a-findfp.o)
                              /home/tanqinhan/Desktop/riscv/freedom-e-sdk/riscv64-unknown-elf-gcc-8.2.0-2019.02.0-x86_64-linux-ubuntu14/bin/../lib/gcc/riscv64-unknown-elf/8.2.0/../../../../riscv64-unknown-elf/lib/rv32imac/ilp32/libc.a(lib_a-putc.o) (__sinit)
/home/tanqinhan/Desktop/riscv/freedom-e-sdk/riscv64-unknown-elf-gcc-8.2.0-2019.02.0-x86_64-linux-ubuntu14/bin/../lib/gcc/riscv64-unknown-elf/8.2.0/../../../../riscv64-unknown-elf/lib/rv32imac/ilp32/libc.a(lib_a-freer.o)
                              /home/tanqinhan/Desktop/riscv/freedom-e-sdk/riscv64-unknown-elf-gcc-8.2.0-2019.02.0-x86_64-linux-ubuntu14/bin/../lib/gcc/riscv64-unknown-elf/8.2.0/../../../../riscv64-unknown-elf/lib/rv32imac/ilp32/libc.a(lib_a-wsetup.o) (_free_r)
/home/tanqinhan/Desktop/riscv/freedom-e-sdk/riscv64-unknown-elf-gcc-8.2.0-2019.02.0-x86_64-linux-ubuntu14/bin/../lib/gcc/riscv64-unknown-elf/8.2.0/../../../../riscv64-unknown-elf/lib/rv32imac/ilp32/libc.a(lib_a-fvwrite.o)
                              /home/tanqinhan/Desktop/riscv/freedom-e-sdk/riscv64-unknown-elf-gcc-8.2.0-2019.02.0-x86_64-linux-ubuntu14/bin/../lib/gcc/riscv64-unknown-elf/8.2.0/../../../../riscv64-unknown-elf/lib/rv32imac/ilp32/libc.a(lib_a-puts.o) (__sfvwrite_r)
/home/tanqinhan/Desktop/riscv/freedom-e-sdk/riscv64-unknown-elf-gcc-8.2.0-2019.02.0-x86_64-linux-ubuntu14/bin/../lib/gcc/riscv64-unknown-elf/8.2.0/../../../../riscv64-unknown-elf/lib/rv32imac/ilp32/libc.a(lib_a-fwalk.o)
                              /home/tanqinhan/Desktop/riscv/freedom-e-sdk/riscv64-unknown-elf-gcc-8.2.0-2019.02.0-x86_64-linux-ubuntu14/bin/../lib/gcc/riscv64-unknown-elf/8.2.0/../../../../riscv64-unknown-elf/lib/rv32imac/ilp32/libc.a(lib_a-findfp.o) (_fwalk)
[...]
Memory Configuration

Name             Origin             Length             Attributes
ram              0x0000000080000000 0x0000000000004000 axw !rl
itim             0x0000000008000000 0x0000000000004000 xw !arl
flash            0x0000000020400000 0x000000001fc00000 axrl !w
*default*        0x0000000000000000 0xffffffffffffffff

Linker script and memory map

LOAD /tmp/cc1lZeDu.o
START GROUP
LOAD /home/tanqinhan/Desktop/riscv/freedom-e-sdk/riscv64-unknown-elf-gcc-8.2.0-2019.02.0-x86_64-linux-ubuntu14/bin/../lib/gcc/riscv64-unknown-elf/8.2.0/../../../../riscv64-unknown-elf/lib/rv32imac/ilp32/libc.a
LOAD /home/tanqinhan/Desktop/riscv/freedom-e-sdk/riscv64-unknown-elf-gcc-8.2.0-2019.02.0-x86_64-linux-ubuntu14/bin/../lib/gcc/riscv64-unknown-elf/8.2.0/rv32imac/ilp32/libgcc.a
LOAD /home/tanqinhan/Desktop/riscv/freedom-e-sdk/bsp/freedom-e310-arty/install/lib/debug//libmetal.a
LOAD /home/tanqinhan/Desktop/riscv/freedom-e-sdk/bsp/freedom-e310-arty/install/lib/debug//libmetal-gloss.a
END GROUP
                0x0000000000000400                __stack_size = DEFINED (__stack_size)?__stack_size:0x400
                0x0000000000000400                __heap_size = DEFINED (__heap_size)?__heap_size:0x400

.init           0x0000000020400000      0x134
 *(.text.metal.init.enter)
 .text.metal.init.enter
                0x0000000020400000       0x54 /home/tanqinhan/Desktop/riscv/freedom-e-sdk/bsp/freedom-e310-arty/install/lib/debug//libmetal.a(libriscv__mmachine__freedom-e310-arty_a-entry.o)
                0x0000000020400000                _enter
 *(SORT_NONE(.init))
 *(.text.libgloss.start)
 .text.libgloss.start
                0x0000000020400054       0xe0 /home/tanqinhan/Desktop/riscv/freedom-e-sdk/bsp/freedom-e310-arty/install/lib/debug//libmetal-gloss.a(crt0.o)
                0x0000000020400054                _start
                0x0000000020400132                _init
                0x0000000020400132                _fini

.text           0x0000000020400180     0x43bc
 *(.text.unlikely .text.unlikely.*)
 *(.text.startup .text.startup.*)
 *(.text .text.*)
 .text.display_banner
                0x0000000020400180      0x10c /tmp/cc1lZeDu.o
                0x0000000020400180                display_banner
 .text.timer_isr
                0x000000002040028c       0x3c /tmp/cc1lZeDu.o
                0x000000002040028c                timer_isr
 .text.wait_for_timer
                0x00000000204002c8       0x9a /tmp/cc1lZeDu.o
                0x00000000204002c8                wait_for_timer
 .text.main     0x0000000020400362      0x1ea /tmp/cc1lZeDu.o
                0x0000000020400362                main
 .text          0x000000002040054c       0x16 /home/tanqinhan/Desktop/riscv/freedom-e-sdk/riscv64-unknown-elf-gcc-8.2.0-2019.02.0-x86_64-linux-ubuntu14/bin/../lib/gcc/riscv64-unknown-elf/8.2.0/../../../../riscv64-unknown-elf/lib/rv32imac/ilp32/libc.a(lib_a-putchar.o)
                0x000000002040054c                _putchar_r
                0x0000000020400550                putchar
 .text          0x0000000020400562       0x64 /home/tanqinhan/Desktop/riscv/freedom-e-sdk/riscv64-unknown-elf-gcc-8.2.0-2019.02.0-x86_64-linux-ubuntu14/bin/../lib/gcc/riscv64-unknown-elf/8.2.0/../../../../riscv64-unknown-elf/lib/rv32imac/ilp32/libc.a(lib_a-putc.o)
                0x0000000020400562                _putc_r
                0x00000000204005b6                putc
 .text          0x00000000204005c6       0x80 /home/tanqinhan/Desktop/riscv/freedom-e-sdk/riscv64-unknown-elf-gcc-8.2.0-2019.02.0-x86_64-linux-ubuntu14/bin/../lib/gcc/riscv64-unknown-elf/8.2.0/../../../../riscv64-unknown-elf/lib/rv32imac/ilp32/libc.a(lib_a-puts.o)
                0x00000000204005c6                _puts_r
                0x0000000020400638                puts
 .text          0x0000000020400646       0x12 /home/tanqinhan/Desktop/riscv/freedom-e-sdk/riscv64-unknown-elf-gcc-8.2.0-2019.02.0-x86_64-linux-ubuntu14/bin/../lib/gcc/riscv64-unknown-elf/8.2.0/../../../../riscv64-unknown-elf/lib/rv32imac/ilp32/libc.a(lib_a-strlen.o)
                0x0000000020400646                strlen
 .text          0x0000000020400658       0xc2 /home/tanqinhan/Desktop/riscv/freedom-e-sdk/riscv64-unknown-elf-gcc-8.2.0-2019.02.0-x86_64-linux-ubuntu14/bin/../lib/gcc/riscv64-unknown-elf/8.2.0/../../../../riscv64-unknown-elf/lib/rv32imac/ilp32/libc.a(lib_a-wbuf.o)
                0x0000000020400658                __swbuf_r
                0x000000002040070a                __swbuf
 .text          0x000000002040071a       0xdc /home/tanqinhan/Desktop/riscv/freedom-e-sdk/riscv64-unknown-elf-gcc-8.2.0-2019.02.0-x86_64-linux-ubuntu14/bin/../lib/gcc/riscv64-unknown-elf/8.2.0/../../../../riscv64-unknown-elf/lib/rv32imac/ilp32/libc.a(lib_a-wsetup.o)
                0x000000002040071a                __swsetup_r
 .text          0x00000000204007f6      0x1aa /home/tanqinhan/Desktop/riscv/freedom-e-sdk/riscv64-unknown-elf-gcc-8.2.0-2019.02.0-x86_64-linux-ubuntu14/bin/../lib/gcc/riscv64-unknown-elf/8.2.0/../../../../riscv64-unknown-elf/lib/rv32imac/ilp32/libc.a(lib_a-fflush.o)
                0x00000000204007f6                __sflush_r
                0x0000000020400950                _fflush_r
                0x000000002040097e                fflush
 .text          0x00000000204009a0      0x1e8 /home/tanqinhan/Desktop/riscv/freedom-e-sdk/riscv64-unknown-elf-gcc-8.2.0-2019.02.0-x86_64-linux-ubuntu14/bin/../lib/gcc/riscv64-unknown-elf/8.2.0/../../../../riscv64-unknown-elf/lib/rv32imac/ilp32/libc.a(lib_a-findfp.o)
                0x0000000020400a0e                _cleanup_r
                0x0000000020400a1e                __sfmoreglue
                0x0000000020400a66                _cleanup
                0x0000000020400a6e                __sinit
                0x0000000020400abc                __sfp
                0x0000000020400b58                __sfp_lock_acquire
                0x0000000020400b5a                __sfp_lock_release
                0x0000000020400b5c                __sinit_lock_acquire
                0x0000000020400b5e                __sinit_lock_release
                0x0000000020400b60                __fp_lock_all
                0x0000000020400b74                __fp_unlock_all
 .text          0x0000000020400b88      0x2a0 /home/tanqinhan/Desktop/riscv/freedom-e-sdk/riscv64-unknown-elf-gcc-8.2.0-2019.02.0-x86_64-linux-ubuntu14/bin/../lib/gcc/riscv64-unknown-elf/8.2.0/../../../../riscv64-unknown-elf/lib/rv32imac/ilp32/libc.a(lib_a-freer.o)
                0x0000000020400b88                _malloc_trim_r
                0x0000000020400c58                _free_r
 .text          0x0000000020400e28      0x2de /home/tanqinhan/Desktop/riscv/freedom-e-sdk/riscv64-unknown-elf-gcc-8.2.0-2019.02.0-x86_64-linux-ubuntu14/bin/../lib/gcc/riscv64-unknown-elf/8.2.0/../../../../riscv64-unknown-elf/lib/rv32imac/ilp32/libc.a(lib_a-fvwrite.o)
                0x0000000020400e28                __sfvwrite_r
 .text          0x0000000020401106       0xce /home/tanqinhan/Desktop/riscv/freedom-e-sdk/riscv64-unknown-elf-gcc-8.2.0-2019.02.0-x86_64-linux-ubuntu14/bin/../lib/gcc/riscv64-unknown-elf/8.2.0/../../../../riscv64-unknown-elf/lib/rv32imac/ilp32/libc.a(lib_a-fwalk.o)
                0x0000000020401106                _fwalk
                0x0000000020401168                _fwalk_reent
 .text          0x00000000204011d4      0x104 /home/tanqinhan/Desktop/riscv/freedom-e-sdk/riscv64-unknown-elf-gcc-8.2.0-2019.02.0-x86_64-linux-ubuntu14/bin/../lib/gcc/riscv64-unknown-elf/8.2.0/../../../../riscv64-unknown-elf/lib/rv32imac/ilp32/libc.a(lib_a-makebuf.o)
                0x00000000204011d4                __swhatbuf_r
                0x000000002040123a                __smakebuf_r
 .text          0x00000000204012d8      0x50c /home/tanqinhan/Desktop/riscv/freedom-e-sdk/riscv64-unknown-elf-gcc-8.2.0-2019.02.0-x86_64-linux-ubuntu14/bin/../lib/gcc/riscv64-unknown-elf/8.2.0/../../../../riscv64-unknown-elf/lib/rv32imac/ilp32/libc.a(lib_a-mallocr.o)
                0x00000000204012d8                _malloc_r
 .text          0x00000000204017e4       0x1a /home/tanqinhan/Desktop/riscv/freedom-e-sdk/riscv64-unknown-elf-gcc-8.2.0-2019.02.0-x86_64-linux-ubuntu14/bin/../lib/gcc/riscv64-unknown-elf/8.2.0/../../../../riscv64-unknown-elf/lib/rv32imac/ilp32/libc.a(lib_a-memchr.o)
                0x00000000204017e4                memchr
 .text          0x00000000204017fe       0xb6 /home/tanqinhan/Desktop/riscv/freedom-e-sdk/riscv64-unknown-elf-gcc-8.2.0-2019.02.0-x86_64-linux-ubuntu14/bin/../lib/gcc/riscv64-unknown-elf/8.2.0/../../../../riscv64-unknown-elf/lib/rv32imac/ilp32/libc.a(lib_a-memcpy.o)
                0x00000000204017fe                memcpy
 .text          0x00000000204018b4       0x4a /home/tanqinhan/Desktop/riscv/freedom-e-sdk/riscv64-unknown-elf-gcc-8.2.0-2019.02.0-x86_64-linux-ubuntu14/bin/../lib/gcc/riscv64-unknown-elf/8.2.0/../../../../riscv64-unknown-elf/lib/rv32imac/ilp32/libc.a(lib_a-memmove.o)
                0x00000000204018b4                memmove
 .text          0x00000000204018fe       0xa8 /home/tanqinhan/Desktop/riscv/freedom-e-sdk/riscv64-unknown-elf-gcc-8.2.0-2019.02.0-x86_64-linux-ubuntu14/bin/../lib/gcc/riscv64-unknown-elf/8.2.0/../../../../riscv64-unknown-elf/lib/rv32imac/ilp32/libc.a(lib_a-memset.o)
                0x00000000204018fe                memset
 .text          0x00000000204019a6        0x4 /home/tanqinhan/Desktop/riscv/freedom-e-sdk/riscv64-unknown-elf-gcc-8.2.0-2019.02.0-x86_64-linux-ubuntu14/bin/../lib/gcc/riscv64-unknown-elf/8.2.0/../../../../riscv64-unknown-elf/lib/rv32imac/ilp32/libc.a(lib_a-mlock.o)
                0x00000000204019a6                __malloc_lock
                0x00000000204019a8                __malloc_unlock
 .text          0x00000000204019aa      0x390 /home/tanqinhan/Desktop/riscv/freedom-e-sdk/riscv64-unknown-elf-gcc-8.2.0-2019.02.0-x86_64-linux-ubuntu14/bin/../lib/gcc/riscv64-unknown-elf/8.2.0/../../../../riscv64-unknown-elf/lib/rv32imac/ilp32/libc.a(lib_a-reallocr.o)
                0x00000000204019aa                _realloc_r
 .text          0x0000000020401d3a       0x32 /home/tanqinhan/Desktop/riscv/freedom-e-sdk/riscv64-unknown-elf-gcc-8.2.0-2019.02.0-x86_64-linux-ubuntu14/bin/../lib/gcc/riscv64-unknown-elf/8.2.0/../../../../riscv64-unknown-elf/lib/rv32imac/ilp32/libc.a(lib_a-sbrkr.o)
                0x0000000020401d3a                _sbrk_r
 .text          0x0000000020401d6c       0xbe /home/tanqinhan/Desktop/riscv/freedom-e-sdk/riscv64-unknown-elf-gcc-8.2.0-2019.02.0-x86_64-linux-ubuntu14/bin/../lib/gcc/riscv64-unknown-elf/8.2.0/../../../../riscv64-unknown-elf/lib/rv32imac/ilp32/libc.a(lib_a-stdio.o)
                0x0000000020401d6c                __sread
                0x0000000020401d9c                __seofread
                0x0000000020401da0                __swrite
                0x0000000020401dee                __sseek
                0x0000000020401e24                __sclose
 .text          0x0000000020401e2a       0x36 /home/tanqinhan/Desktop/riscv/freedom-e-sdk/riscv64-unknown-elf-gcc-8.2.0-2019.02.0-x86_64-linux-ubuntu14/bin/../lib/gcc/riscv64-unknown-elf/8.2.0/../../../../riscv64-unknown-elf/lib/rv32imac/ilp32/libc.a(lib_a-writer.o)
                0x0000000020401e2a                _write_r
 .text          0x0000000020401e60       0x32 /home/tanqinhan/Desktop/riscv/freedom-e-sdk/riscv64-unknown-elf-gcc-8.2.0-2019.02.0-x86_64-linux-ubuntu14/bin/../lib/gcc/riscv64-unknown-elf/8.2.0/../../../../riscv64-unknown-elf/lib/rv32imac/ilp32/libc.a(lib_a-closer.o)
                0x0000000020401e60                _close_r
 .text          0x0000000020401e92       0x9c /home/tanqinhan/Desktop/riscv/freedom-e-sdk/riscv64-unknown-elf-gcc-8.2.0-2019.02.0-x86_64-linux-ubuntu14/bin/../lib/gcc/riscv64-unknown-elf/8.2.0/../../../../riscv64-unknown-elf/lib/rv32imac/ilp32/libc.a(lib_a-fclose.o)
                0x0000000020401e92                _fclose_r
                0x0000000020401f20                fclose
 .text          0x0000000020401f2e       0x34 /home/tanqinhan/Desktop/riscv/freedom-e-sdk/riscv64-unknown-elf-gcc-8.2.0-2019.02.0-x86_64-linux-ubuntu14/bin/../lib/gcc/riscv64-unknown-elf/8.2.0/../../../../riscv64-unknown-elf/lib/rv32imac/ilp32/libc.a(lib_a-fstatr.o)
                0x0000000020401f2e                _fstat_r
 .text          0x0000000020401f62       0x32 /home/tanqinhan/Desktop/riscv/freedom-e-sdk/riscv64-unknown-elf-gcc-8.2.0-2019.02.0-x86_64-linux-ubuntu14/bin/../lib/gcc/riscv64-unknown-elf/8.2.0/../../../../riscv64-unknown-elf/lib/rv32imac/ilp32/libc.a(lib_a-isattyr.o)
                0x0000000020401f62                _isatty_r
 .text          0x0000000020401f94       0x36 /home/tanqinhan/Desktop/riscv/freedom-e-sdk/riscv64-unknown-elf-gcc-8.2.0-2019.02.0-x86_64-linux-ubuntu14/bin/../lib/gcc/riscv64-unknown-elf/8.2.0/../../../../riscv64-unknown-elf/lib/rv32imac/ilp32/libc.a(lib_a-lseekr.o)
                0x0000000020401f94                _lseek_r
 .text          0x0000000020401fca       0x36 /home/tanqinhan/Desktop/riscv/freedom-e-sdk/riscv64-unknown-elf-gcc-8.2.0-2019.02.0-x86_64-linux-ubuntu14/bin/../lib/gcc/riscv64-unknown-elf/8.2.0/../../../../riscv64-unknown-elf/lib/rv32imac/ilp32/libc.a(lib_a-readr.o)
                0x0000000020401fca                _read_r
 .text.metal_cpu_get_mtime
                0x0000000020402000       0x2a /home/tanqinhan/Desktop/riscv/freedom-e-sdk/bsp/freedom-e310-arty/install/lib/debug//libmetal.a(libriscv__mmachine__freedom-e310-arty_a-cpu.o)
                0x0000000020402000                metal_cpu_get_mtime
 .text.metal_cpu_set_mtimecmp
                0x000000002040202a       0x36 /home/tanqinhan/Desktop/riscv/freedom-e-sdk/bsp/freedom-e310-arty/install/lib/debug//libmetal.a(libriscv__mmachine__freedom-e310-arty_a-cpu.o)
                0x000000002040202a                metal_cpu_set_mtimecmp
 .text.metal_cpu_timer_interrupt_controller
                0x0000000020402060       0x26 /home/tanqinhan/Desktop/riscv/freedom-e-sdk/bsp/freedom-e310-arty/install/lib/debug//libmetal.a(libriscv__mmachine__freedom-e310-arty_a-cpu.o)
                0x0000000020402060                metal_cpu_timer_interrupt_controller
 .text.metal_cpu_timer_get_interrupt_id
                0x0000000020402086       0x26 /home/tanqinhan/Desktop/riscv/freedom-e-sdk/bsp/freedom-e310-arty/install/lib/debug//libmetal.a(libriscv__mmachine__freedom-e310-arty_a-cpu.o)
                0x0000000020402086                metal_cpu_timer_get_interrupt_id
 .text.metal_cpu_interrupt_controller
                0x00000000204020ac       0x26 /home/tanqinhan/Desktop/riscv/freedom-e-sdk/bsp/freedom-e310-arty/install/lib/debug//libmetal.a(libriscv__mmachine__freedom-e310-arty_a-cpu.o)
                0x00000000204020ac                metal_cpu_interrupt_controller
 .text.metal_cpu_get
                0x00000000204020d2       0x2c /home/tanqinhan/Desktop/riscv/freedom-e-sdk/bsp/freedom-e310-arty/install/lib/debug//libmetal.a(libriscv__mmachine__freedom-e310-arty_a-cpu.o)
                0x00000000204020d2                metal_cpu_get
 *fill*         0x00000000204020fe        0x2 
 .text.metal.init.trapvec
                0x0000000020402100        0x2 /home/tanqinhan/Desktop/riscv/freedom-e-sdk/bsp/freedom-e310-arty/install/lib/debug//libmetal.a(libriscv__mmachine__freedom-e310-arty_a-entry.o)
 .text.metal_interrupt_init
                0x0000000020402102       0x22 /home/tanqinhan/Desktop/riscv/freedom-e-sdk/bsp/freedom-e310-arty/install/lib/debug//libmetal.a(libriscv__mmachine__freedom-e310-arty_a-interrupt.o)
                0x0000000020402102                metal_interrupt_init
 .text.metal_interrupt_register_handler
                0x0000000020402124       0x3e /home/tanqinhan/Desktop/riscv/freedom-e-sdk/bsp/freedom-e310-arty/install/lib/debug//libmetal.a(libriscv__mmachine__freedom-e310-arty_a-interrupt.o)
                0x0000000020402124                metal_interrupt_register_handler
 .text.metal_interrupt_enable
                0x0000000020402162       0x2e /home/tanqinhan/Desktop/riscv/freedom-e-sdk/bsp/freedom-e310-arty/install/lib/debug//libmetal.a(libriscv__mmachine__freedom-e310-arty_a-interrupt.o)
                0x0000000020402162                metal_interrupt_enable
 .text.metal_interrupt_disable
                0x0000000020402190       0x2e /home/tanqinhan/Desktop/riscv/freedom-e-sdk/bsp/freedom-e310-arty/install/lib/debug//libmetal.a(libriscv__mmachine__freedom-e310-arty_a-interrupt.o)
                0x0000000020402190                metal_interrupt_disable
 .text.metal_led_enable
                0x00000000204021be       0x24 /home/tanqinhan/Desktop/riscv/freedom-e-sdk/bsp/freedom-e310-arty/install/lib/debug//libmetal.a(libriscv__mmachine__freedom-e310-arty_a-led.o)
                0x00000000204021be                metal_led_enable
 .text.metal_led_on
                0x00000000204021e2       0x24 /home/tanqinhan/Desktop/riscv/freedom-e-sdk/bsp/freedom-e310-arty/install/lib/debug//libmetal.a(libriscv__mmachine__freedom-e310-arty_a-led.o)
                0x00000000204021e2                metal_led_on
 .text.metal_led_off
                0x0000000020402206       0x24 /home/tanqinhan/Desktop/riscv/freedom-e-sdk/bsp/freedom-e310-arty/install/lib/debug//libmetal.a(libriscv__mmachine__freedom-e310-arty_a-led.o)
                0x0000000020402206                metal_led_off
 .text.metal_led_get_rgb
                0x000000002040222a       0x96 /home/tanqinhan/Desktop/riscv/freedom-e-sdk/bsp/freedom-e310-arty/install/lib/debug//libmetal.a(libriscv__mmachine__freedom-e310-arty_a-led.o)
                0x000000002040222a                metal_led_get_rgb
 .text.__metal_driver_fixed_clock_get_rate_hz
                0x00000000204022c0       0x20 /home/tanqinhan/Desktop/riscv/freedom-e-sdk/bsp/freedom-e310-arty/install/lib/debug//libmetal.a(libriscv__mmachine__freedom-e310-arty_a-fixed-clock.o)
                0x00000000204022c0                __metal_driver_fixed_clock_get_rate_hz
 .text.__metal_driver_fixed_clock_set_rate_hz
                0x00000000204022e0       0x22 /home/tanqinhan/Desktop/riscv/freedom-e-sdk/bsp/freedom-e310-arty/install/lib/debug//libmetal.a(libriscv__mmachine__freedom-e310-arty_a-fixed-clock.o)
                0x00000000204022e0                __metal_driver_fixed_clock_set_rate_hz
 .text.__metal_clint0_mtime_get
                0x0000000020402302       0x76 /home/tanqinhan/Desktop/riscv/freedom-e-sdk/bsp/freedom-e310-arty/install/lib/debug//libmetal.a(libriscv__mmachine__freedom-e310-arty_a-riscv,clint0.o)
                0x0000000020402302                __metal_clint0_mtime_get
 .text.__metal_clint0_mtime_set
                0x0000000020402378       0x58 /home/tanqinhan/Desktop/riscv/freedom-e-sdk/bsp/freedom-e310-arty/install/lib/debug//libmetal.a(libriscv__mmachine__freedom-e310-arty_a-riscv,clint0.o)
                0x0000000020402378                __metal_clint0_mtime_set
 .text.__metal_driver_riscv_clint0_init
                0x00000000204023d0       0x7e /home/tanqinhan/Desktop/riscv/freedom-e-sdk/bsp/freedom-e310-arty/install/lib/debug//libmetal.a(libriscv__mmachine__freedom-e310-arty_a-riscv,clint0.o)
                0x00000000204023d0                __metal_driver_riscv_clint0_init
 .text.__metal_driver_riscv_clint0_register
                0x000000002040244e       0x62 /home/tanqinhan/Desktop/riscv/freedom-e-sdk/bsp/freedom-e310-arty/install/lib/debug//libmetal.a(libriscv__mmachine__freedom-e310-arty_a-riscv,clint0.o)
                0x000000002040244e                __metal_driver_riscv_clint0_register
 .text.__metal_driver_riscv_clint0_enable
                0x00000000204024b0       0x56 /home/tanqinhan/Desktop/riscv/freedom-e-sdk/bsp/freedom-e310-arty/install/lib/debug//libmetal.a(libriscv__mmachine__freedom-e310-arty_a-riscv,clint0.o)
                0x00000000204024b0                __metal_driver_riscv_clint0_enable
 .text.__metal_driver_riscv_clint0_disable
                0x0000000020402506       0x56 /home/tanqinhan/Desktop/riscv/freedom-e-sdk/bsp/freedom-e310-arty/install/lib/debug//libmetal.a(libriscv__mmachine__freedom-e310-arty_a-riscv,clint0.o)
                0x0000000020402506                __metal_driver_riscv_clint0_disable
 .text.__metal_driver_riscv_clint0_command_request
                0x000000002040255c      0x122 /home/tanqinhan/Desktop/riscv/freedom-e-sdk/bsp/freedom-e310-arty/install/lib/debug//libmetal.a(libriscv__mmachine__freedom-e310-arty_a-riscv,clint0.o)
                0x000000002040255c                __metal_driver_riscv_clint0_command_request
 .text.__metal_driver_cpu_get
                0x000000002040267e       0x2c /home/tanqinhan/Desktop/riscv/freedom-e-sdk/bsp/freedom-e310-arty/install/lib/debug//libmetal.a(libriscv__mmachine__freedom-e310-arty_a-riscv,cpu.o)
                0x000000002040267e                __metal_driver_cpu_get
 .text.__metal_myhart_id
                0x00000000204026aa       0x1a /home/tanqinhan/Desktop/riscv/freedom-e-sdk/bsp/freedom-e310-arty/install/lib/debug//libmetal.a(libriscv__mmachine__freedom-e310-arty_a-riscv,cpu.o)
                0x00000000204026aa                __metal_myhart_id
 .text.__metal_interrupt_global_enable
                0x00000000204026c4       0x18 /home/tanqinhan/Desktop/riscv/freedom-e-sdk/bsp/freedom-e310-arty/install/lib/debug//libmetal.a(libriscv__mmachine__freedom-e310-arty_a-riscv,cpu.o)
                0x00000000204026c4                __metal_interrupt_global_enable
 .text.__metal_interrupt_global_disable
                0x00000000204026dc       0x18 /home/tanqinhan/Desktop/riscv/freedom-e-sdk/bsp/freedom-e310-arty/install/lib/debug//libmetal.a(libriscv__mmachine__freedom-e310-arty_a-riscv,cpu.o)
                0x00000000204026dc                __metal_interrupt_global_disable
 .text.__metal_interrupt_software_enable
                0x00000000204026f4       0x18 /home/tanqinhan/Desktop/riscv/freedom-e-sdk/bsp/freedom-e310-arty/install/lib/debug//libmetal.a(libriscv__mmachine__freedom-e310-arty_a-riscv,cpu.o)
                0x00000000204026f4                __metal_interrupt_software_enable
 .text.__metal_interrupt_software_disable
                0x000000002040270c       0x18 /home/tanqinhan/Desktop/riscv/freedom-e-sdk/bsp/freedom-e310-arty/install/lib/debug//libmetal.a(libriscv__mmachine__freedom-e310-arty_a-riscv,cpu.o)
                0x000000002040270c                __metal_interrupt_software_disable
 .text.__metal_interrupt_timer_enable
                0x0000000020402724       0x1a /home/tanqinhan/Desktop/riscv/freedom-e-sdk/bsp/freedom-e310-arty/install/lib/debug//libmetal.a(libriscv__mmachine__freedom-e310-arty_a-riscv,cpu.o)
                0x0000000020402724                __metal_interrupt_timer_enable
 .text.__metal_interrupt_timer_disable
                0x000000002040273e       0x1a /home/tanqinhan/Desktop/riscv/freedom-e-sdk/bsp/freedom-e310-arty/install/lib/debug//libmetal.a(libriscv__mmachine__freedom-e310-arty_a-riscv,cpu.o)
                0x000000002040273e                __metal_interrupt_timer_disable
 .text.__metal_interrupt_external_enable
                0x0000000020402758       0x1c /home/tanqinhan/Desktop/riscv/freedom-e-sdk/bsp/freedom-e310-arty/install/lib/debug//libmetal.a(libriscv__mmachine__freedom-e310-arty_a-riscv,cpu.o)
                0x0000000020402758                __metal_interrupt_external_enable
 .text.__metal_interrupt_external_disable
                0x0000000020402774       0x1c /home/tanqinhan/Desktop/riscv/freedom-e-sdk/bsp/freedom-e310-arty/install/lib/debug//libmetal.a(libriscv__mmachine__freedom-e310-arty_a-riscv,cpu.o)
                0x0000000020402774                __metal_interrupt_external_disable
 .text.__metal_interrupt_local_enable
                0x0000000020402790       0x2c /home/tanqinhan/Desktop/riscv/freedom-e-sdk/bsp/freedom-e310-arty/install/lib/debug//libmetal.a(libriscv__mmachine__freedom-e310-arty_a-riscv,cpu.o)
                0x0000000020402790                __metal_interrupt_local_enable
 .text.__metal_interrupt_local_disable
                0x00000000204027bc       0x2c /home/tanqinhan/Desktop/riscv/freedom-e-sdk/bsp/freedom-e310-arty/install/lib/debug//libmetal.a(libriscv__mmachine__freedom-e310-arty_a-riscv,cpu.o)
                0x00000000204027bc                __metal_interrupt_local_disable
 .text.__metal_default_exception_handler
                0x00000000204027e8       0x18 /home/tanqinhan/Desktop/riscv/freedom-e-sdk/bsp/freedom-e310-arty/install/lib/debug//libmetal.a(libriscv__mmachine__freedom-e310-arty_a-riscv,cpu.o)
                0x00000000204027e8                __metal_default_exception_handler
 .text.__metal_default_interrupt_handler
                0x0000000020402800       0x18 /home/tanqinhan/Desktop/riscv/freedom-e-sdk/bsp/freedom-e310-arty/install/lib/debug//libmetal.a(libriscv__mmachine__freedom-e310-arty_a-riscv,cpu.o)
                0x0000000020402800                __metal_default_interrupt_handler
 .text.__metal_default_sw_handler
                0x0000000020402818       0x64 /home/tanqinhan/Desktop/riscv/freedom-e-sdk/bsp/freedom-e310-arty/install/lib/debug//libmetal.a(libriscv__mmachine__freedom-e310-arty_a-riscv,cpu.o)
                0x0000000020402818                __metal_default_sw_handler
 .text.__metal_default_timer_handler
                0x000000002040287c       0x66 /home/tanqinhan/Desktop/riscv/freedom-e-sdk/bsp/freedom-e310-arty/install/lib/debug//libmetal.a(libriscv__mmachine__freedom-e310-arty_a-riscv,cpu.o)
                0x000000002040287c                __metal_default_timer_handler
 *fill*         0x00000000204028e2       0x1e 
 .text.__metal_exception_handler
                0x0000000020402900      0x178 /home/tanqinhan/Desktop/riscv/freedom-e-sdk/bsp/freedom-e310-arty/install/lib/debug//libmetal.a(libriscv__mmachine__freedom-e310-arty_a-riscv,cpu.o)
                0x0000000020402900                __metal_exception_handler
 .text.__metal_controller_interrupt_vector
                0x0000000020402a78       0xa6 /home/tanqinhan/Desktop/riscv/freedom-e-sdk/bsp/freedom-e310-arty/install/lib/debug//libmetal.a(libriscv__mmachine__freedom-e310-arty_a-riscv,cpu.o)
                0x0000000020402a78                __metal_controller_interrupt_vector
 .text.__metal_valid_interrupt_id
                0x0000000020402b1e       0x38 /home/tanqinhan/Desktop/riscv/freedom-e-sdk/bsp/freedom-e310-arty/install/lib/debug//libmetal.a(libriscv__mmachine__freedom-e310-arty_a-riscv,cpu.o)
                0x0000000020402b1e                __metal_valid_interrupt_id
 .text.__metal_local_interrupt_enable
                0x0000000020402b56       0xb6 /home/tanqinhan/Desktop/riscv/freedom-e-sdk/bsp/freedom-e310-arty/install/lib/debug//libmetal.a(libriscv__mmachine__freedom-e310-arty_a-riscv,cpu.o)
                0x0000000020402b56                __metal_local_interrupt_enable
 .text.__metal_exception_register
                0x0000000020402c0c       0x4e /home/tanqinhan/Desktop/riscv/freedom-e-sdk/bsp/freedom-e310-arty/install/lib/debug//libmetal.a(libriscv__mmachine__freedom-e310-arty_a-riscv,cpu.o)
                0x0000000020402c0c                __metal_exception_register
 .text.__metal_driver_riscv_cpu_controller_interrupt_init
                0x0000000020402c5a       0xf4 /home/tanqinhan/Desktop/riscv/freedom-e-sdk/bsp/freedom-e310-arty/install/lib/debug//libmetal.a(libriscv__mmachine__freedom-e310-arty_a-riscv,cpu.o)
                0x0000000020402c5a                __metal_driver_riscv_cpu_controller_interrupt_init
 .text.__metal_driver_riscv_cpu_controller_interrupt_register
                0x0000000020402d4e      0x148 /home/tanqinhan/Desktop/riscv/freedom-e-sdk/bsp/freedom-e310-arty/install/lib/debug//libmetal.a(libriscv__mmachine__freedom-e310-arty_a-riscv,cpu.o)
                0x0000000020402d4e                __metal_driver_riscv_cpu_controller_interrupt_register
 .text.__metal_driver_riscv_cpu_controller_interrupt_enable
                0x0000000020402e96       0x2a /home/tanqinhan/Desktop/riscv/freedom-e-sdk/bsp/freedom-e310-arty/install/lib/debug//libmetal.a(libriscv__mmachine__freedom-e310-arty_a-riscv,cpu.o)
                0x0000000020402e96                __metal_driver_riscv_cpu_controller_interrupt_enable
 .text.__metal_driver_riscv_cpu_controller_interrupt_disable
                0x0000000020402ec0       0x2a /home/tanqinhan/Desktop/riscv/freedom-e-sdk/bsp/freedom-e310-arty/install/lib/debug//libmetal.a(libriscv__mmachine__freedom-e310-arty_a-riscv,cpu.o)
                0x0000000020402ec0                __metal_driver_riscv_cpu_controller_interrupt_disable
 .text.__metal_driver_riscv_cpu_controller_interrupt_enable_vector
                0x0000000020402eea       0x66 /home/tanqinhan/Desktop/riscv/freedom-e-sdk/bsp/freedom-e310-arty/install/lib/debug//libmetal.a(libriscv__mmachine__freedom-e310-arty_a-riscv,cpu.o)
                0x0000000020402eea                __metal_driver_riscv_cpu_controller_interrupt_enable_vector
 .text.__metal_driver_riscv_cpu_controller_interrupt_disable_vector
                0x0000000020402f50       0x3c /home/tanqinhan/Desktop/riscv/freedom-e-sdk/bsp/freedom-e310-arty/install/lib/debug//libmetal.a(libriscv__mmachine__freedom-e310-arty_a-riscv,cpu.o)
                0x0000000020402f50                __metal_driver_riscv_cpu_controller_interrupt_disable_vector
 .text.__metal_driver_riscv_cpu_controller_command_request
                0x0000000020402f8c       0x1c /home/tanqinhan/Desktop/riscv/freedom-e-sdk/bsp/freedom-e310-arty/install/lib/debug//libmetal.a(libriscv__mmachine__freedom-e310-arty_a-riscv,cpu.o)
                0x0000000020402f8c                __metal_driver_riscv_cpu_controller_command_request
 .text.__metal_driver_cpu_timer_get
                0x0000000020402fa8       0x72 /home/tanqinhan/Desktop/riscv/freedom-e-sdk/bsp/freedom-e310-arty/install/lib/debug//libmetal.a(libriscv__mmachine__freedom-e310-arty_a-riscv,cpu.o)
                0x0000000020402fa8                __metal_driver_cpu_timer_get
 .text.__metal_driver_cpu_timebase_get
                0x000000002040301a       0x34 /home/tanqinhan/Desktop/riscv/freedom-e-sdk/bsp/freedom-e310-arty/install/lib/debug//libmetal.a(libriscv__mmachine__freedom-e310-arty_a-riscv,cpu.o)
                0x000000002040301a                __metal_driver_cpu_timebase_get
 .text.__metal_driver_cpu_mtime_get
                0x000000002040304e       0x6e /home/tanqinhan/Desktop/riscv/freedom-e-sdk/bsp/freedom-e310-arty/install/lib/debug//libmetal.a(libriscv__mmachine__freedom-e310-arty_a-riscv,cpu.o)
                0x000000002040304e                __metal_driver_cpu_mtime_get
 .text.__metal_driver_cpu_mtimecmp_set
                0x00000000204030bc       0x6e /home/tanqinhan/Desktop/riscv/freedom-e-sdk/bsp/freedom-e310-arty/install/lib/debug//libmetal.a(libriscv__mmachine__freedom-e310-arty_a-riscv,cpu.o)
                0x00000000204030bc                __metal_driver_cpu_mtimecmp_set
 .text.__metal_driver_cpu_timer_controller_interrupt
                0x000000002040312a       0x1a /home/tanqinhan/Desktop/riscv/freedom-e-sdk/bsp/freedom-e310-arty/install/lib/debug//libmetal.a(libriscv__mmachine__freedom-e310-arty_a-riscv,cpu.o)
                0x000000002040312a                __metal_driver_cpu_timer_controller_interrupt
 .text.__metal_driver_cpu_get_timer_interrupt_id
                0x0000000020403144       0x14 /home/tanqinhan/Desktop/riscv/freedom-e-sdk/bsp/freedom-e310-arty/install/lib/debug//libmetal.a(libriscv__mmachine__freedom-e310-arty_a-riscv,cpu.o)
                0x0000000020403144                __metal_driver_cpu_get_timer_interrupt_id
 .text.__metal_driver_cpu_sw_controller_interrupt
                0x0000000020403158       0x1a /home/tanqinhan/Desktop/riscv/freedom-e-sdk/bsp/freedom-e310-arty/install/lib/debug//libmetal.a(libriscv__mmachine__freedom-e310-arty_a-riscv,cpu.o)
                0x0000000020403158                __metal_driver_cpu_sw_controller_interrupt
 .text.__metal_driver_cpu_get_sw_interrupt_id
                0x0000000020403172       0x14 /home/tanqinhan/Desktop/riscv/freedom-e-sdk/bsp/freedom-e310-arty/install/lib/debug//libmetal.a(libriscv__mmachine__freedom-e310-arty_a-riscv,cpu.o)
                0x0000000020403172                __metal_driver_cpu_get_sw_interrupt_id
 .text.__metal_driver_cpu_set_sw_ipi
                0x0000000020403186       0x6a /home/tanqinhan/Desktop/riscv/freedom-e-sdk/bsp/freedom-e310-arty/install/lib/debug//libmetal.a(libriscv__mmachine__freedom-e310-arty_a-riscv,cpu.o)
                0x0000000020403186                __metal_driver_cpu_set_sw_ipi
 .text.__metal_driver_cpu_clear_sw_ipi
                0x00000000204031f0       0x6a /home/tanqinhan/Desktop/riscv/freedom-e-sdk/bsp/freedom-e310-arty/install/lib/debug//libmetal.a(libriscv__mmachine__freedom-e310-arty_a-riscv,cpu.o)
                0x00000000204031f0                __metal_driver_cpu_clear_sw_ipi
 .text.__metal_driver_cpu_get_msip
                0x000000002040325a       0x68 /home/tanqinhan/Desktop/riscv/freedom-e-sdk/bsp/freedom-e310-arty/install/lib/debug//libmetal.a(libriscv__mmachine__freedom-e310-arty_a-riscv,cpu.o)
                0x000000002040325a                __metal_driver_cpu_get_msip
 .text.__metal_driver_cpu_controller_interrupt
                0x00000000204032c2       0x20 /home/tanqinhan/Desktop/riscv/freedom-e-sdk/bsp/freedom-e310-arty/install/lib/debug//libmetal.a(libriscv__mmachine__freedom-e310-arty_a-riscv,cpu.o)
                0x00000000204032c2                __metal_driver_cpu_controller_interrupt
 .text.__metal_driver_cpu_exception_register
                0x00000000204032e2       0x48 /home/tanqinhan/Desktop/riscv/freedom-e-sdk/bsp/freedom-e310-arty/install/lib/debug//libmetal.a(libriscv__mmachine__freedom-e310-arty_a-riscv,cpu.o)
                0x00000000204032e2                __metal_driver_cpu_exception_register
 .text.__metal_driver_cpu_get_instruction_length
                0x000000002040332a       0x28 /home/tanqinhan/Desktop/riscv/freedom-e-sdk/bsp/freedom-e310-arty/install/lib/debug//libmetal.a(libriscv__mmachine__freedom-e310-arty_a-riscv,cpu.o)
                0x000000002040332a                __metal_driver_cpu_get_instruction_length
 .text.__metal_driver_cpu_get_exception_pc
                0x0000000020403352       0x1e /home/tanqinhan/Desktop/riscv/freedom-e-sdk/bsp/freedom-e310-arty/install/lib/debug//libmetal.a(libriscv__mmachine__freedom-e310-arty_a-riscv,cpu.o)
                0x0000000020403352                __metal_driver_cpu_get_exception_pc
 .text.__metal_driver_cpu_set_exception_pc
                0x0000000020403370       0x20 /home/tanqinhan/Desktop/riscv/freedom-e-sdk/bsp/freedom-e310-arty/install/lib/debug//libmetal.a(libriscv__mmachine__freedom-e310-arty_a-riscv,cpu.o)
                0x0000000020403370                __metal_driver_cpu_set_exception_pc
 .text.__metal_plic0_claim_interrupt
                0x0000000020403390       0x22 /home/tanqinhan/Desktop/riscv/freedom-e-sdk/bsp/freedom-e310-arty/install/lib/debug//libmetal.a(libriscv__mmachine__freedom-e310-arty_a-riscv,plic0.o)
                0x0000000020403390                __metal_plic0_claim_interrupt
 .text.__metal_plic0_complete_interrupt
                0x00000000204033b2       0x2c /home/tanqinhan/Desktop/riscv/freedom-e-sdk/bsp/freedom-e310-arty/install/lib/debug//libmetal.a(libriscv__mmachine__freedom-e310-arty_a-riscv,plic0.o)
                0x00000000204033b2                __metal_plic0_complete_interrupt
 .text.__metal_plic0_set_threshold
                0x00000000204033de       0x2a /home/tanqinhan/Desktop/riscv/freedom-e-sdk/bsp/freedom-e310-arty/install/lib/debug//libmetal.a(libriscv__mmachine__freedom-e310-arty_a-riscv,plic0.o)
                0x00000000204033de                __metal_plic0_set_threshold
 .text.__metal_plic0_set_priority
                0x0000000020403408       0x48 /home/tanqinhan/Desktop/riscv/freedom-e-sdk/bsp/freedom-e310-arty/install/lib/debug//libmetal.a(libriscv__mmachine__freedom-e310-arty_a-riscv,plic0.o)
                0x0000000020403408                __metal_plic0_set_priority
 .text.__metal_plic0_enable
                0x0000000020403450       0x8a /home/tanqinhan/Desktop/riscv/freedom-e-sdk/bsp/freedom-e310-arty/install/lib/debug//libmetal.a(libriscv__mmachine__freedom-e310-arty_a-riscv,plic0.o)
                0x0000000020403450                __metal_plic0_enable
 .text.__metal_plic0_default_handler
                0x00000000204034da       0x18 /home/tanqinhan/Desktop/riscv/freedom-e-sdk/bsp/freedom-e310-arty/install/lib/debug//libmetal.a(libriscv__mmachine__freedom-e310-arty_a-riscv,plic0.o)
                0x00000000204034da                __metal_plic0_default_handler
 .text.__metal_plic0_handler
                0x00000000204034f2       0x8a /home/tanqinhan/Desktop/riscv/freedom-e-sdk/bsp/freedom-e310-arty/install/lib/debug//libmetal.a(libriscv__mmachine__freedom-e310-arty_a-riscv,plic0.o)
                0x00000000204034f2                __metal_plic0_handler
 .text.__metal_driver_riscv_plic0_init
                0x000000002040357c      0x11a /home/tanqinhan/Desktop/riscv/freedom-e-sdk/bsp/freedom-e310-arty/install/lib/debug//libmetal.a(libriscv__mmachine__freedom-e310-arty_a-riscv,plic0.o)
                0x000000002040357c                __metal_driver_riscv_plic0_init
 .text.__metal_driver_riscv_plic0_register
                0x0000000020403696       0xbe /home/tanqinhan/Desktop/riscv/freedom-e-sdk/bsp/freedom-e310-arty/install/lib/debug//libmetal.a(libriscv__mmachine__freedom-e310-arty_a-riscv,plic0.o)
                0x0000000020403696                __metal_driver_riscv_plic0_register
 .text.__metal_driver_riscv_plic0_enable
                0x0000000020403754       0x42 /home/tanqinhan/Desktop/riscv/freedom-e-sdk/bsp/freedom-e310-arty/install/lib/debug//libmetal.a(libriscv__mmachine__freedom-e310-arty_a-riscv,plic0.o)
                0x0000000020403754                __metal_driver_riscv_plic0_enable
 .text.__metal_driver_riscv_plic0_disable
                0x0000000020403796       0x42 /home/tanqinhan/Desktop/riscv/freedom-e-sdk/bsp/freedom-e310-arty/install/lib/debug//libmetal.a(libriscv__mmachine__freedom-e310-arty_a-riscv,plic0.o)
                0x0000000020403796                __metal_driver_riscv_plic0_disable
 .text.__metal_driver_led_exist
                0x00000000204037d8       0x3c /home/tanqinhan/Desktop/riscv/freedom-e-sdk/bsp/freedom-e310-arty/install/lib/debug//libmetal.a(libriscv__mmachine__freedom-e310-arty_a-sifive,gpio-leds.o)
                0x00000000204037d8                __metal_driver_led_exist
 .text.__metal_driver_led_enable
                0x0000000020403814       0x4a /home/tanqinhan/Desktop/riscv/freedom-e-sdk/bsp/freedom-e310-arty/install/lib/debug//libmetal.a(libriscv__mmachine__freedom-e310-arty_a-sifive,gpio-leds.o)
                0x0000000020403814                __metal_driver_led_enable
 .text.__metal_driver_led_on
                0x000000002040385e       0x3a /home/tanqinhan/Desktop/riscv/freedom-e-sdk/bsp/freedom-e310-arty/install/lib/debug//libmetal.a(libriscv__mmachine__freedom-e310-arty_a-sifive,gpio-leds.o)
                0x000000002040385e                __metal_driver_led_on
 .text.__metal_driver_led_off
                0x0000000020403898       0x3a /home/tanqinhan/Desktop/riscv/freedom-e-sdk/bsp/freedom-e310-arty/install/lib/debug//libmetal.a(libriscv__mmachine__freedom-e310-arty_a-sifive,gpio-leds.o)
                0x0000000020403898                __metal_driver_led_off
 .text.__metal_driver_led_toggle
                0x00000000204038d2       0x38 /home/tanqinhan/Desktop/riscv/freedom-e-sdk/bsp/freedom-e310-arty/install/lib/debug//libmetal.a(libriscv__mmachine__freedom-e310-arty_a-sifive,gpio-leds.o)
                0x00000000204038d2                __metal_driver_led_toggle
 .text.__metal_driver_sifive_gpio0_disable_input
                0x000000002040390a       0x40 /home/tanqinhan/Desktop/riscv/freedom-e-sdk/bsp/freedom-e310-arty/install/lib/debug//libmetal.a(libriscv__mmachine__freedom-e310-arty_a-sifive,gpio0.o)
                0x000000002040390a                __metal_driver_sifive_gpio0_disable_input
 .text.__metal_driver_sifive_gpio0_output
                0x000000002040394a       0x24 /home/tanqinhan/Desktop/riscv/freedom-e-sdk/bsp/freedom-e310-arty/install/lib/debug//libmetal.a(libriscv__mmachine__freedom-e310-arty_a-sifive,gpio0.o)
                0x000000002040394a                __metal_driver_sifive_gpio0_output
 .text.__metal_driver_sifive_gpio0_enable_output
                0x000000002040396e       0x3a /home/tanqinhan/Desktop/riscv/freedom-e-sdk/bsp/freedom-e310-arty/install/lib/debug//libmetal.a(libriscv__mmachine__freedom-e310-arty_a-sifive,gpio0.o)
                0x000000002040396e                __metal_driver_sifive_gpio0_enable_output
 .text.__metal_driver_sifive_gpio0_output_set
                0x00000000204039a8       0x3a /home/tanqinhan/Desktop/riscv/freedom-e-sdk/bsp/freedom-e310-arty/install/lib/debug//libmetal.a(libriscv__mmachine__freedom-e310-arty_a-sifive,gpio0.o)
                0x00000000204039a8                __metal_driver_sifive_gpio0_output_set
 .text.__metal_driver_sifive_gpio0_output_clear
                0x00000000204039e2       0x40 /home/tanqinhan/Desktop/riscv/freedom-e-sdk/bsp/freedom-e310-arty/install/lib/debug//libmetal.a(libriscv__mmachine__freedom-e310-arty_a-sifive,gpio0.o)
                0x00000000204039e2                __metal_driver_sifive_gpio0_output_clear
 .text.__metal_driver_sifive_gpio0_output_toggle
                0x0000000020403a22       0x3a /home/tanqinhan/Desktop/riscv/freedom-e-sdk/bsp/freedom-e310-arty/install/lib/debug//libmetal.a(libriscv__mmachine__freedom-e310-arty_a-sifive,gpio0.o)
                0x0000000020403a22                __metal_driver_sifive_gpio0_output_toggle
 .text.__metal_driver_sifive_gpio0_enable_io
                0x0000000020403a5c       0x66 /home/tanqinhan/Desktop/riscv/freedom-e-sdk/bsp/freedom-e310-arty/install/lib/debug//libmetal.a(libriscv__mmachine__freedom-e310-arty_a-sifive,gpio0.o)
                0x0000000020403a5c                __metal_driver_sifive_gpio0_enable_io
 .text.__metal_driver_sifive_uart0_interrupt_controller
                0x0000000020403ac2       0x20 /home/tanqinhan/Desktop/riscv/freedom-e-sdk/bsp/freedom-e310-arty/install/lib/debug//libmetal.a(libriscv__mmachine__freedom-e310-arty_a-sifive,uart0.o)
                0x0000000020403ac2                __metal_driver_sifive_uart0_interrupt_controller
 .text.__metal_driver_sifive_uart0_get_interrupt_id
                0x0000000020403ae2       0x24 /home/tanqinhan/Desktop/riscv/freedom-e-sdk/bsp/freedom-e310-arty/install/lib/debug//libmetal.a(libriscv__mmachine__freedom-e310-arty_a-sifive,uart0.o)
                0x0000000020403ae2                __metal_driver_sifive_uart0_get_interrupt_id
 .text.__metal_driver_sifive_uart0_putc
                0x0000000020403b06       0x36 /home/tanqinhan/Desktop/riscv/freedom-e-sdk/bsp/freedom-e310-arty/install/lib/debug//libmetal.a(libriscv__mmachine__freedom-e310-arty_a-sifive,uart0.o)
                0x0000000020403b06                __metal_driver_sifive_uart0_putc
 .text.__metal_driver_sifive_uart0_getc
                0x0000000020403b3c       0x48 /home/tanqinhan/Desktop/riscv/freedom-e-sdk/bsp/freedom-e310-arty/install/lib/debug//libmetal.a(libriscv__mmachine__freedom-e310-arty_a-sifive,uart0.o)
                0x0000000020403b3c                __metal_driver_sifive_uart0_getc
 .text.__metal_driver_sifive_uart0_get_baud_rate
                0x0000000020403b84       0x20 /home/tanqinhan/Desktop/riscv/freedom-e-sdk/bsp/freedom-e310-arty/install/lib/debug//libmetal.a(libriscv__mmachine__freedom-e310-arty_a-sifive,uart0.o)
                0x0000000020403b84                __metal_driver_sifive_uart0_get_baud_rate
 .text.__metal_driver_sifive_uart0_set_baud_rate
                0x0000000020403ba4       0x98 /home/tanqinhan/Desktop/riscv/freedom-e-sdk/bsp/freedom-e310-arty/install/lib/debug//libmetal.a(libriscv__mmachine__freedom-e310-arty_a-sifive,uart0.o)
                0x0000000020403ba4                __metal_driver_sifive_uart0_set_baud_rate
 .text.pre_rate_change_callback
                0x0000000020403c3c       0xd0 /home/tanqinhan/Desktop/riscv/freedom-e-sdk/bsp/freedom-e310-arty/install/lib/debug//libmetal.a(libriscv__mmachine__freedom-e310-arty_a-sifive,uart0.o)
 .text.post_rate_change_callback
                0x0000000020403d0c       0x2e /home/tanqinhan/Desktop/riscv/freedom-e-sdk/bsp/freedom-e310-arty/install/lib/debug//libmetal.a(libriscv__mmachine__freedom-e310-arty_a-sifive,uart0.o)
 .text.__metal_driver_sifive_uart0_init
                0x0000000020403d3a       0x92 /home/tanqinhan/Desktop/riscv/freedom-e-sdk/bsp/freedom-e310-arty/install/lib/debug//libmetal.a(libriscv__mmachine__freedom-e310-arty_a-sifive,uart0.o)
                0x0000000020403d3a                __metal_driver_sifive_uart0_init
 .text.metal_clock_register_pre_rate_change_callback
                0x0000000020403dcc       0x2e /home/tanqinhan/Desktop/riscv/freedom-e-sdk/bsp/freedom-e310-arty/install/lib/debug//libmetal.a(libriscv__mmachine__freedom-e310-arty_a-clock.o)
                0x0000000020403dcc                metal_clock_register_pre_rate_change_callback
 .text.metal_clock_register_post_rate_change_callback
                0x0000000020403dfa       0x2e /home/tanqinhan/Desktop/riscv/freedom-e-sdk/bsp/freedom-e310-arty/install/lib/debug//libmetal.a(libriscv__mmachine__freedom-e310-arty_a-clock.o)
                0x0000000020403dfa                metal_clock_register_post_rate_change_callback
 .text.metal_gpio_disable_input
                0x0000000020403e28       0x40 /home/tanqinhan/Desktop/riscv/freedom-e-sdk/bsp/freedom-e310-arty/install/lib/debug//libmetal.a(libriscv__mmachine__freedom-e310-arty_a-gpio.o)
                0x0000000020403e28                metal_gpio_disable_input
 .text.metal_gpio_enable_output
                0x0000000020403e68       0x40 /home/tanqinhan/Desktop/riscv/freedom-e-sdk/bsp/freedom-e310-arty/install/lib/debug//libmetal.a(libriscv__mmachine__freedom-e310-arty_a-gpio.o)
                0x0000000020403e68                metal_gpio_enable_output
 .text.metal_gpio_set_pin
                0x0000000020403ea8       0x68 /home/tanqinhan/Desktop/riscv/freedom-e-sdk/bsp/freedom-e310-arty/install/lib/debug//libmetal.a(libriscv__mmachine__freedom-e310-arty_a-gpio.o)
                0x0000000020403ea8                metal_gpio_set_pin
 .text.metal_gpio_toggle_pin
                0x0000000020403f10       0x40 /home/tanqinhan/Desktop/riscv/freedom-e-sdk/bsp/freedom-e310-arty/install/lib/debug//libmetal.a(libriscv__mmachine__freedom-e310-arty_a-gpio.o)
                0x0000000020403f10                metal_gpio_toggle_pin
 .text.metal_shutdown
                0x0000000020403f50        0xe /home/tanqinhan/Desktop/riscv/freedom-e-sdk/bsp/freedom-e310-arty/install/lib/debug//libmetal.a(libriscv__mmachine__freedom-e310-arty_a-shutdown.o)
                0x0000000020403f50                metal_shutdown
 .text.metal_uart_init
                0x0000000020403f5e       0x2a /home/tanqinhan/Desktop/riscv/freedom-e-sdk/bsp/freedom-e310-arty/install/lib/debug//libmetal.a(libriscv__mmachine__freedom-e310-arty_a-uart.o)
                0x0000000020403f5e                metal_uart_init
 .text.metal_uart_putc
                0x0000000020403f88       0x32 /home/tanqinhan/Desktop/riscv/freedom-e-sdk/bsp/freedom-e310-arty/install/lib/debug//libmetal.a(libriscv__mmachine__freedom-e310-arty_a-uart.o)
                0x0000000020403f88                metal_uart_putc
 .text.metal_uart_set_baud_rate
                0x0000000020403fba       0x2e /home/tanqinhan/Desktop/riscv/freedom-e-sdk/bsp/freedom-e310-arty/install/lib/debug//libmetal.a(libriscv__mmachine__freedom-e310-arty_a-uart.o)
                0x0000000020403fba                metal_uart_set_baud_rate
 .text._close   0x0000000020403fe8       0x22 /home/tanqinhan/Desktop/riscv/freedom-e-sdk/bsp/freedom-e310-arty/install/lib/debug//libmetal-gloss.a(sys_close.o)
                0x0000000020403fe8                _close
 .text._fstat   0x000000002040400a       0x26 /home/tanqinhan/Desktop/riscv/freedom-e-sdk/bsp/freedom-e310-arty/install/lib/debug//libmetal-gloss.a(sys_fstat.o)
                0x000000002040400a                _fstat
 .text._isatty  0x0000000020404030       0x20 /home/tanqinhan/Desktop/riscv/freedom-e-sdk/bsp/freedom-e310-arty/install/lib/debug//libmetal-gloss.a(sys_isatty.o)
                0x0000000020404030                _isatty
 .text._lseek   0x0000000020404050       0x2a /home/tanqinhan/Desktop/riscv/freedom-e-sdk/bsp/freedom-e310-arty/install/lib/debug//libmetal-gloss.a(sys_lseek.o)
                0x0000000020404050                _lseek
 .text._read    0x000000002040407a       0x2a /home/tanqinhan/Desktop/riscv/freedom-e-sdk/bsp/freedom-e310-arty/install/lib/debug//libmetal-gloss.a(sys_read.o)
                0x000000002040407a                _read
 .text._sbrk    0x00000000204040a4       0x64 /home/tanqinhan/Desktop/riscv/freedom-e-sdk/bsp/freedom-e310-arty/install/lib/debug//libmetal-gloss.a(sys_sbrk.o)
                0x00000000204040a4                _sbrk
 .text._write   0x0000000020404108       0x6e /home/tanqinhan/Desktop/riscv/freedom-e-sdk/bsp/freedom-e310-arty/install/lib/debug//libmetal-gloss.a(sys_write.o)
                0x0000000020404108                _write
 .text          0x0000000020404176        0xa /home/tanqinhan/Desktop/riscv/freedom-e-sdk/riscv64-unknown-elf-gcc-8.2.0-2019.02.0-x86_64-linux-ubuntu14/bin/../lib/gcc/riscv64-unknown-elf/8.2.0/../../../../riscv64-unknown-elf/lib/rv32imac/ilp32/libc.a(lib_a-atexit.o)
                0x0000000020404176                atexit
 .text          0x0000000020404180        0xc /home/tanqinhan/Desktop/riscv/freedom-e-sdk/riscv64-unknown-elf-gcc-8.2.0-2019.02.0-x86_64-linux-ubuntu14/bin/../lib/gcc/riscv64-unknown-elf/8.2.0/../../../../riscv64-unknown-elf/lib/rv32imac/ilp32/libc.a(lib_a-errno.o)
                0x0000000020404180                __errno
 .text          0x000000002040418c       0x1c /home/tanqinhan/Desktop/riscv/freedom-e-sdk/riscv64-unknown-elf-gcc-8.2.0-2019.02.0-x86_64-linux-ubuntu14/bin/../lib/gcc/riscv64-unknown-elf/8.2.0/../../../../riscv64-unknown-elf/lib/rv32imac/ilp32/libc.a(lib_a-exit.o)
                0x000000002040418c                exit
 .text          0x00000000204041a8       0x3a /home/tanqinhan/Desktop/riscv/freedom-e-sdk/riscv64-unknown-elf-gcc-8.2.0-2019.02.0-x86_64-linux-ubuntu14/bin/../lib/gcc/riscv64-unknown-elf/8.2.0/../../../../riscv64-unknown-elf/lib/rv32imac/ilp32/libc.a(lib_a-fini.o)
                0x00000000204041a8                __libc_fini_array
 .text          0x00000000204041e2       0x6e /home/tanqinhan/Desktop/riscv/freedom-e-sdk/riscv64-unknown-elf-gcc-8.2.0-2019.02.0-x86_64-linux-ubuntu14/bin/../lib/gcc/riscv64-unknown-elf/8.2.0/../../../../riscv64-unknown-elf/lib/rv32imac/ilp32/libc.a(lib_a-init.o)
                0x00000000204041e2                __libc_init_array
 .text          0x0000000020404250       0x20 /home/tanqinhan/Desktop/riscv/freedom-e-sdk/riscv64-unknown-elf-gcc-8.2.0-2019.02.0-x86_64-linux-ubuntu14/bin/../lib/gcc/riscv64-unknown-elf/8.2.0/../../../../riscv64-unknown-elf/lib/rv32imac/ilp32/libc.a(lib_a-strcat.o)
                0x0000000020404250                strcat
 .text          0x0000000020404270      0x11e /home/tanqinhan/Desktop/riscv/freedom-e-sdk/riscv64-unknown-elf-gcc-8.2.0-2019.02.0-x86_64-linux-ubuntu14/bin/../lib/gcc/riscv64-unknown-elf/8.2.0/../../../../riscv64-unknown-elf/lib/rv32imac/ilp32/libc.a(lib_a-strcmp.o)
                0x0000000020404270                strcmp
 .text          0x000000002040438e       0x12 /home/tanqinhan/Desktop/riscv/freedom-e-sdk/riscv64-unknown-elf-gcc-8.2.0-2019.02.0-x86_64-linux-ubuntu14/bin/../lib/gcc/riscv64-unknown-elf/8.2.0/../../../../riscv64-unknown-elf/lib/rv32imac/ilp32/libc.a(lib_a-strcpy.o)
                0x000000002040438e                strcpy
 .text          0x00000000204043a0       0x62 /home/tanqinhan/Desktop/riscv/freedom-e-sdk/riscv64-unknown-elf-gcc-8.2.0-2019.02.0-x86_64-linux-ubuntu14/bin/../lib/gcc/riscv64-unknown-elf/8.2.0/../../../../riscv64-unknown-elf/lib/rv32imac/ilp32/libc.a(lib_a-__atexit.o)
                0x00000000204043a0                __register_exitproc
 .text          0x0000000020404402       0xae /home/tanqinhan/Desktop/riscv/freedom-e-sdk/riscv64-unknown-elf-gcc-8.2.0-2019.02.0-x86_64-linux-ubuntu14/bin/../lib/gcc/riscv64-unknown-elf/8.2.0/../../../../riscv64-unknown-elf/lib/rv32imac/ilp32/libc.a(lib_a-__call_atexit.o)
                0x0000000020404402                __call_exitprocs
 .text.metal_tty_putc
                0x00000000204044b0       0x54 /home/tanqinhan/Desktop/riscv/freedom-e-sdk/bsp/freedom-e310-arty/install/lib/debug//libmetal.a(libriscv__mmachine__freedom-e310-arty_a-tty.o)
                0x00000000204044b0                metal_tty_putc
 .text.metal_tty_init
                0x0000000020404504       0x24 /home/tanqinhan/Desktop/riscv/freedom-e-sdk/bsp/freedom-e310-arty/install/lib/debug//libmetal.a(libriscv__mmachine__freedom-e310-arty_a-tty.o)
 .text._exit    0x0000000020404528       0x14 /home/tanqinhan/Desktop/riscv/freedom-e-sdk/bsp/freedom-e310-arty/install/lib/debug//libmetal-gloss.a(sys_exit.o)
                0x0000000020404528                _exit
 *(.gnu.linkonce.t.*)

.fini
 *(SORT_NONE(.fini))
                [!provide]                        PROVIDE (__etext = .)
                [!provide]                        PROVIDE (_etext = .)
                [!provide]                        PROVIDE (etext = .)

.rodata         0x000000002040453c      0x6f5
 *(.rdata)
 *(.rodata .rodata.*)
 .rodata        0x000000002040453c      0x464 /tmp/cc1lZeDu.o
 .rodata.str1.4
                0x00000000204049a0        0x4 /home/tanqinhan/Desktop/riscv/freedom-e-sdk/riscv64-unknown-elf-gcc-8.2.0-2019.02.0-x86_64-linux-ubuntu14/bin/../lib/gcc/riscv64-unknown-elf/8.2.0/../../../../riscv64-unknown-elf/lib/rv32imac/ilp32/libc.a(lib_a-puts.o)
                                          0x2 (size before relaxing)
 .rodata.__metal_driver_vtable_riscv_cpu_intc
                0x00000000204049a4       0x1c /home/tanqinhan/Desktop/riscv/freedom-e-sdk/bsp/freedom-e310-arty/install/lib/debug//libmetal.a(libriscv__mmachine__freedom-e310-arty_a-cpu.o)
                0x00000000204049a4                __metal_driver_vtable_riscv_cpu_intc
 .rodata.__metal_driver_vtable_cpu
                0x00000000204049c0       0x40 /home/tanqinhan/Desktop/riscv/freedom-e-sdk/bsp/freedom-e310-arty/install/lib/debug//libmetal.a(libriscv__mmachine__freedom-e310-arty_a-cpu.o)
                0x00000000204049c0                __metal_driver_vtable_cpu
 .rodata.__metal_driver_vtable_riscv_clint0
                0x0000000020404a00       0x1c /home/tanqinhan/Desktop/riscv/freedom-e-sdk/bsp/freedom-e310-arty/install/lib/debug//libmetal.a(libriscv__mmachine__freedom-e310-arty_a-cpu.o)
                0x0000000020404a00                __metal_driver_vtable_riscv_clint0
 .rodata.__metal_driver_vtable_riscv_plic0
                0x0000000020404a1c       0x1c /home/tanqinhan/Desktop/riscv/freedom-e-sdk/bsp/freedom-e310-arty/install/lib/debug//libmetal.a(libriscv__mmachine__freedom-e310-arty_a-cpu.o)
                0x0000000020404a1c                __metal_driver_vtable_riscv_plic0
 .rodata.__metal_driver_vtable_sifive_gpio0
                0x0000000020404a38       0x1c /home/tanqinhan/Desktop/riscv/freedom-e-sdk/bsp/freedom-e310-arty/install/lib/debug//libmetal.a(libriscv__mmachine__freedom-e310-arty_a-cpu.o)
                0x0000000020404a38                __metal_driver_vtable_sifive_gpio0
 .rodata.__metal_driver_vtable_sifive_uart0
                0x0000000020404a54       0x1c /home/tanqinhan/Desktop/riscv/freedom-e-sdk/bsp/freedom-e310-arty/install/lib/debug//libmetal.a(libriscv__mmachine__freedom-e310-arty_a-cpu.o)
                0x0000000020404a54                __metal_driver_vtable_sifive_uart0
 .rodata.__metal_driver_vtable_sifive_led
                0x0000000020404a70       0x14 /home/tanqinhan/Desktop/riscv/freedom-e-sdk/bsp/freedom-e310-arty/install/lib/debug//libmetal.a(libriscv__mmachine__freedom-e310-arty_a-cpu.o)
                0x0000000020404a70                __metal_driver_vtable_sifive_led
 .rodata        0x0000000020404a84       0x1c /home/tanqinhan/Desktop/riscv/freedom-e-sdk/bsp/freedom-e310-arty/install/lib/debug//libmetal.a(libriscv__mmachine__freedom-e310-arty_a-cpu.o)
 .rodata.__metal_driver_riscv_clint0_command_request
                0x0000000020404aa0       0x18 /home/tanqinhan/Desktop/riscv/freedom-e-sdk/bsp/freedom-e310-arty/install/lib/debug//libmetal.a(libriscv__mmachine__freedom-e310-arty_a-riscv,clint0.o)
 .rodata.__metal_valid_interrupt_id
                0x0000000020404ab8       0x74 /home/tanqinhan/Desktop/riscv/freedom-e-sdk/bsp/freedom-e310-arty/install/lib/debug//libmetal.a(libriscv__mmachine__freedom-e310-arty_a-riscv,cpu.o)
 .rodata.__metal_local_interrupt_enable
                0x0000000020404b2c       0x80 /home/tanqinhan/Desktop/riscv/freedom-e-sdk/bsp/freedom-e310-arty/install/lib/debug//libmetal.a(libriscv__mmachine__freedom-e310-arty_a-riscv,cpu.o)
 .rodata.__metal_driver_riscv_cpu_controller_interrupt_register
                0x0000000020404bac       0x74 /home/tanqinhan/Desktop/riscv/freedom-e-sdk/bsp/freedom-e310-arty/install/lib/debug//libmetal.a(libriscv__mmachine__freedom-e310-arty_a-riscv,cpu.o)
 .rodata.libgloss.start
                0x0000000020404c20       0x11 /home/tanqinhan/Desktop/riscv/freedom-e-sdk/bsp/freedom-e310-arty/install/lib/debug//libmetal-gloss.a(crt0.o)
 *(.gnu.linkonce.r.*)

.rela.dyn       0x0000000020404c34        0x0
 .rela.text.timer_isr
                0x0000000020404c34        0x0 /tmp/cc1lZeDu.o
 .rela.text.wait_for_timer
                0x0000000020404c34        0x0 /tmp/cc1lZeDu.o
 .rela.text.main
                0x0000000020404c34        0x0 /tmp/cc1lZeDu.o
 .rela.text     0x0000000020404c34        0x0 /tmp/cc1lZeDu.o
 .rela.data.__metal_dt_clock_0
                0x0000000020404c34        0x0 /tmp/cc1lZeDu.o
 .rela.data.__metal_dt_clint_2000000
                0x0000000020404c34        0x0 /tmp/cc1lZeDu.o
 .rela.data.__metal_dt_cpu_0
                0x0000000020404c34        0x0 /tmp/cc1lZeDu.o
 .rela.data.__metal_dt_interrupt_controller
                0x0000000020404c34        0x0 /tmp/cc1lZeDu.o
 .rela.data.__metal_dt_interrupt_controller_c000000
                0x0000000020404c34        0x0 /tmp/cc1lZeDu.o
 .rela.data.__metal_dt_gpio_10012000
                0x0000000020404c34        0x0 /tmp/cc1lZeDu.o
 .rela.data.__metal_dt_serial_10013000
                0x0000000020404c34        0x0 /tmp/cc1lZeDu.o
 .rela.data.__metal_dt_led_0red
                0x0000000020404c34        0x0 /tmp/cc1lZeDu.o
 .rela.data.__metal_dt_led_0green
                0x0000000020404c34        0x0 /tmp/cc1lZeDu.o
 .rela.data.__metal_dt_led_0blue
                0x0000000020404c34        0x0 /tmp/cc1lZeDu.o
 .rela.sdata.__metal_cpu_table
                0x0000000020404c34        0x0 /tmp/cc1lZeDu.o
 .rela.data.__metal_led_table
                0x0000000020404c34        0x0 /tmp/cc1lZeDu.o
 .rela.text.metal_cpu_get
                0x0000000020404c34        0x0 /tmp/cc1lZeDu.o
 .rela.text.metal.init.enter
                0x0000000020404c34        0x0 /tmp/cc1lZeDu.o
 .rela.text.metal_led_get_rgb
                0x0000000020404c34        0x0 /tmp/cc1lZeDu.o
 .rela.text.__metal_driver_cpu_get
                0x0000000020404c34        0x0 /tmp/cc1lZeDu.o
 .rela.text.__metal_default_sw_handler
                0x0000000020404c34        0x0 /tmp/cc1lZeDu.o
 .rela.text.__metal_exception_handler
                0x0000000020404c34        0x0 /tmp/cc1lZeDu.o
 .rela.text.__metal_driver_cpu_timer_controller_interrupt
                0x0000000020404c34        0x0 /tmp/cc1lZeDu.o
 .rela.text.__metal_driver_cpu_sw_controller_interrupt
                0x0000000020404c34        0x0 /tmp/cc1lZeDu.o
 .rela.text.libgloss.start
                0x0000000020404c34        0x0 /tmp/cc1lZeDu.o
 .rela.sdata.brk
                0x0000000020404c34        0x0 /tmp/cc1lZeDu.o
 .rela.text._sbrk
                0x0000000020404c34        0x0 /tmp/cc1lZeDu.o
 .rela.text.metal_tty_putc
                0x0000000020404c34        0x0 /tmp/cc1lZeDu.o
 .rela.text.metal_tty_init
                0x0000000020404c34        0x0 /tmp/cc1lZeDu.o
                0x0000000020404c34                . = ALIGN (0x4)

.preinit_array  0x0000000020404c31        0x0
                0x0000000020404c31                PROVIDE (__preinit_array_start = .)
 *(.preinit_array)
                0x0000000020404c31                PROVIDE (__preinit_array_end = .)

.init_array     0x0000000020404c34        0x4
                0x0000000020404c34                PROVIDE (__init_array_start = .)
 *(SORT_BY_INIT_PRIORITY(.init_array.*) SORT_BY_INIT_PRIORITY(.ctors.*))
 *(.init_array EXCLUDE_FILE(*crtend?.o *crtend.o *crtbegin?.o *crtbegin.o) .ctors)
 .init_array    0x0000000020404c34        0x4 /home/tanqinhan/Desktop/riscv/freedom-e-sdk/bsp/freedom-e310-arty/install/lib/debug//libmetal.a(libriscv__mmachine__freedom-e310-arty_a-tty.o)
                0x0000000020404c38                PROVIDE (__init_array_end = .)

.finit_array    0x0000000020404c38        0x0
                [!provide]                        PROVIDE (__finit_array_start = .)
 *(SORT_BY_INIT_PRIORITY(.fini_array.*) SORT_BY_INIT_PRIORITY(.dtors.*))
 *(.fini_array EXCLUDE_FILE(*crtend?.o *crtend.o *crtbegin?.o *crtbegin.o) .dtors)
                [!provide]                        PROVIDE (__finit_array_end = .)

.ctors
 *crtbegin.o(.ctors)
 *crtbegin?.o(.ctors)
 *(EXCLUDE_FILE(*crtend?.o *crtend.o) .ctors)
 *(SORT_BY_NAME(.ctors.*))
 *(.ctors)

.dtors
 *crtbegin.o(.dtors)
 *crtbegin?.o(.dtors)
 *(EXCLUDE_FILE(*crtend?.o *crtend.o) .dtors)
 *(SORT_BY_NAME(.dtors.*))
 *(.dtors)

.litimalign     0x0000000020404c38        0x0
                0x0000000020404c38                . = ALIGN (0x4)
                0x0000000020404c38                PROVIDE (metal_segment_itim_source_start = .)

.ditimalign     0x0000000008000000        0x0 load address 0x0000000020404c38
                0x0000000008000000                . = ALIGN (0x4)
                0x0000000008000000                PROVIDE (metal_segment_itim_target_start = .)

.itim
 *(.itim .itim.*)
                0x0000000008000000                . = ALIGN (0x8)
                0x0000000008000000                PROVIDE (metal_segment_itim_target_end = .)

.lalign         0x0000000020404c38        0x0
                0x0000000020404c38                . = ALIGN (0x4)
                [!provide]                        PROVIDE (_data_lma = .)
                0x0000000020404c38                PROVIDE (metal_segment_data_source_start = .)

.dalign         0x0000000080000000        0x0 load address 0x0000000020404c38
                0x0000000080000000                . = ALIGN (0x4)
                0x0000000080000000                PROVIDE (metal_segment_data_target_start = .)

.data           0x0000000080000000     0x1054 load address 0x0000000020404c38
 *(.data .data.*)
 .data          0x0000000080000000      0x428 /home/tanqinhan/Desktop/riscv/freedom-e-sdk/riscv64-unknown-elf-gcc-8.2.0-2019.02.0-x86_64-linux-ubuntu14/bin/../lib/gcc/riscv64-unknown-elf/8.2.0/../../../../riscv64-unknown-elf/lib/rv32imac/ilp32/libc.a(lib_a-impure.o)
 .data          0x0000000080000428      0x408 /home/tanqinhan/Desktop/riscv/freedom-e-sdk/riscv64-unknown-elf-gcc-8.2.0-2019.02.0-x86_64-linux-ubuntu14/bin/../lib/gcc/riscv64-unknown-elf/8.2.0/../../../../riscv64-unknown-elf/lib/rv32imac/ilp32/libc.a(lib_a-mallocr.o)
                0x0000000080000428                __malloc_av_
 .data.__metal_dt_clock_0
                0x0000000080000830       0x1c /home/tanqinhan/Desktop/riscv/freedom-e-sdk/bsp/freedom-e310-arty/install/lib/debug//libmetal.a(libriscv__mmachine__freedom-e310-arty_a-cpu.o)
                0x0000000080000830                __metal_dt_clock_0
 .data.__metal_dt_clint_2000000
                0x000000008000084c       0x24 /home/tanqinhan/Desktop/riscv/freedom-e-sdk/bsp/freedom-e310-arty/install/lib/debug//libmetal.a(libriscv__mmachine__freedom-e310-arty_a-cpu.o)
                0x000000008000084c                __metal_dt_clint_2000000
 .data.__metal_dt_cpu_0
                0x0000000080000870       0x10 /home/tanqinhan/Desktop/riscv/freedom-e-sdk/bsp/freedom-e310-arty/install/lib/debug//libmetal.a(libriscv__mmachine__freedom-e310-arty_a-cpu.o)
                0x0000000080000870                __metal_dt_cpu_0
 .data.__metal_dt_interrupt_controller
                0x0000000080000880      0x3c0 /home/tanqinhan/Desktop/riscv/freedom-e-sdk/bsp/freedom-e310-arty/install/lib/debug//libmetal.a(libriscv__mmachine__freedom-e310-arty_a-cpu.o)
                0x0000000080000880                __metal_dt_interrupt_controller
 .data.__metal_dt_interrupt_controller_c000000
                0x0000000080000c40      0x320 /home/tanqinhan/Desktop/riscv/freedom-e-sdk/bsp/freedom-e310-arty/install/lib/debug//libmetal.a(libriscv__mmachine__freedom-e310-arty_a-cpu.o)
                0x0000000080000c40                __metal_dt_interrupt_controller_c000000
 .data.__metal_dt_gpio_10012000
                0x0000000080000f60       0x58 /home/tanqinhan/Desktop/riscv/freedom-e-sdk/bsp/freedom-e310-arty/install/lib/debug//libmetal.a(libriscv__mmachine__freedom-e310-arty_a-cpu.o)
                0x0000000080000f60                __metal_dt_gpio_10012000
 .data.__metal_dt_serial_10013000
                0x0000000080000fb8       0x30 /home/tanqinhan/Desktop/riscv/freedom-e-sdk/bsp/freedom-e310-arty/install/lib/debug//libmetal.a(libriscv__mmachine__freedom-e310-arty_a-cpu.o)
                0x0000000080000fb8                __metal_dt_serial_10013000
 .data.__metal_dt_led_0red
                0x0000000080000fe8       0x14 /home/tanqinhan/Desktop/riscv/freedom-e-sdk/bsp/freedom-e310-arty/install/lib/debug//libmetal.a(libriscv__mmachine__freedom-e310-arty_a-cpu.o)
                0x0000000080000fe8                __metal_dt_led_0red
 .data.__metal_dt_led_0green
                0x0000000080000ffc       0x14 /home/tanqinhan/Desktop/riscv/freedom-e-sdk/bsp/freedom-e310-arty/install/lib/debug//libmetal.a(libriscv__mmachine__freedom-e310-arty_a-cpu.o)
                0x0000000080000ffc                __metal_dt_led_0green
 .data.__metal_dt_led_0blue
                0x0000000080001010       0x14 /home/tanqinhan/Desktop/riscv/freedom-e-sdk/bsp/freedom-e310-arty/install/lib/debug//libmetal.a(libriscv__mmachine__freedom-e310-arty_a-cpu.o)
                0x0000000080001010                __metal_dt_led_0blue
 .data.__metal_led_table
                0x0000000080001024        0xc /home/tanqinhan/Desktop/riscv/freedom-e-sdk/bsp/freedom-e310-arty/install/lib/debug//libmetal.a(libriscv__mmachine__freedom-e310-arty_a-cpu.o)
                0x0000000080001024                __metal_led_table
 *(.gnu.linkonce.d.*)
                0x0000000080001030                . = ALIGN (0x8)
                0x0000000080001830                PROVIDE (__global_pointer$ = (. + 0x800))
 *(.sdata .sdata.* .sdata2.*)
 .sdata         0x0000000080001030        0x4 /home/tanqinhan/Desktop/riscv/freedom-e-sdk/riscv64-unknown-elf-gcc-8.2.0-2019.02.0-x86_64-linux-ubuntu14/bin/../lib/gcc/riscv64-unknown-elf/8.2.0/../../../../riscv64-unknown-elf/lib/rv32imac/ilp32/libc.a(lib_a-impure.o)
                0x0000000080001030                _impure_ptr
 .sdata         0x0000000080001034        0x8 /home/tanqinhan/Desktop/riscv/freedom-e-sdk/riscv64-unknown-elf-gcc-8.2.0-2019.02.0-x86_64-linux-ubuntu14/bin/../lib/gcc/riscv64-unknown-elf/8.2.0/../../../../riscv64-unknown-elf/lib/rv32imac/ilp32/libc.a(lib_a-mallocr.o)
                0x0000000080001034                __malloc_sbrk_base
                0x0000000080001038                __malloc_trim_threshold
 .sdata2.__metal_driver_vtable_fixed_clock
                0x000000008000103c        0x8 /home/tanqinhan/Desktop/riscv/freedom-e-sdk/bsp/freedom-e310-arty/install/lib/debug//libmetal.a(libriscv__mmachine__freedom-e310-arty_a-cpu.o)
                0x000000008000103c                __metal_driver_vtable_fixed_clock
 .sdata.__metal_cpu_table
                0x0000000080001044        0x4 /home/tanqinhan/Desktop/riscv/freedom-e-sdk/bsp/freedom-e310-arty/install/lib/debug//libmetal.a(libriscv__mmachine__freedom-e310-arty_a-cpu.o)
                0x0000000080001044                __metal_cpu_table
 .sdata.brk     0x0000000080001048        0x4 /home/tanqinhan/Desktop/riscv/freedom-e-sdk/bsp/freedom-e310-arty/install/lib/debug//libmetal-gloss.a(sys_sbrk.o)
 *(.gnu.linkonce.s.*)
                0x0000000080001050                . = ALIGN (0x8)
 *fill*         0x000000008000104c        0x4 
 *(.srodata.cst16)
 *(.srodata.cst8)
 *(.srodata.cst4)
 *(.srodata.cst2)
 *(.srodata .srodata.*)
 .srodata       0x0000000080001050        0x4 /home/tanqinhan/Desktop/riscv/freedom-e-sdk/riscv64-unknown-elf-gcc-8.2.0-2019.02.0-x86_64-linux-ubuntu14/bin/../lib/gcc/riscv64-unknown-elf/8.2.0/../../../../riscv64-unknown-elf/lib/rv32imac/ilp32/libc.a(lib_a-impure.o)
                0x0000000080001050                _global_impure_ptr
                0x0000000080001054                . = ALIGN (0x4)
                [!provide]                        PROVIDE (_edata = .)
                [!provide]                        PROVIDE (edata = .)
                0x0000000080001054                PROVIDE (metal_segment_data_target_end = .)
                [!provide]                        PROVIDE (_fbss = .)
                [!provide]                        PROVIDE (__bss_start = .)
                0x0000000080001054                PROVIDE (metal_segment_bss_target_start = .)

.bss            0x0000000080001054       0x4c
 *(.sbss*)
 .sbss          0x0000000080001054        0xc /home/tanqinhan/Desktop/riscv/freedom-e-sdk/riscv64-unknown-elf-gcc-8.2.0-2019.02.0-x86_64-linux-ubuntu14/bin/../lib/gcc/riscv64-unknown-elf/8.2.0/../../../../riscv64-unknown-elf/lib/rv32imac/ilp32/libc.a(lib_a-mallocr.o)
                0x0000000080001054                __malloc_max_total_mem
                0x0000000080001058                __malloc_max_sbrked_mem
                0x000000008000105c                __malloc_top_pad
 *(.gnu.linkonce.sb.*)
 *(.bss .bss.*)
 .bss           0x0000000080001060       0x28 /home/tanqinhan/Desktop/riscv/freedom-e-sdk/riscv64-unknown-elf-gcc-8.2.0-2019.02.0-x86_64-linux-ubuntu14/bin/../lib/gcc/riscv64-unknown-elf/8.2.0/../../../../riscv64-unknown-elf/lib/rv32imac/ilp32/libc.a(lib_a-mallocr.o)
                0x0000000080001060                __malloc_current_mallinfo
 *(.gnu.linkonce.b.*)
 *(COMMON)
 COMMON         0x0000000080001088       0x14 /tmp/cc1lZeDu.o
                0x0000000080001088                tmr_intr
                0x000000008000108c                cpu_intr
                0x0000000080001090                cpu0
                0x0000000080001094                timer_isr_flag
                0x0000000080001098                tmr_id
 COMMON         0x000000008000109c        0x4 /home/tanqinhan/Desktop/riscv/freedom-e-sdk/riscv64-unknown-elf-gcc-8.2.0-2019.02.0-x86_64-linux-ubuntu14/bin/../lib/gcc/riscv64-unknown-elf/8.2.0/../../../../riscv64-unknown-elf/lib/rv32imac/ilp32/libc.a(lib_a-reent.o)
                0x000000008000109c                errno
                0x00000000800010a0                . = ALIGN (0x4)
                0x00000000800010a0                . = ALIGN (0x8)
                [!provide]                        PROVIDE (_end = .)
                [!provide]                        PROVIDE (end = .)
                0x00000000800010a0                PROVIDE (metal_segment_bss_target_end = .)

.stack          0x00000000800010a0      0x400
                [!provide]                        PROVIDE (metal_segment_stack_begin = .)
                0x0000000000000400                . = __stack_size
 *fill*         0x00000000800010a0      0x400 
                [!provide]                        PROVIDE (_sp = .)
                0x00000000800014a0                PROVIDE (metal_segment_stack_end = .)

.heap           0x00000000800014a0     0x2b60
                0x00000000800014a0                PROVIDE (metal_segment_heap_target_start = .)
                0x0000000000000400                . = __heap_size
 *fill*         0x00000000800014a0      0x400 
                0x0000000080004000                . = (__heap_size == 0x0)?0x0:(ORIGIN (ram) + LENGTH (ram))
 *fill*         0x00000000800018a0     0x2760 
                0x0000000080004000                PROVIDE (metal_segment_heap_target_end = .)
                [!provide]                        PROVIDE (_heap_end = .)
OUTPUT(sifive-welcome elf32-littleriscv)

.debug_info     0x0000000000000000    0x11a18
 .debug_info    0x0000000000000000      0xe8d /tmp/cc1lZeDu.o
 .debug_info    0x0000000000000e8d     0x1577 /home/tanqinhan/Desktop/riscv/freedom-e-sdk/bsp/freedom-e310-arty/install/lib/debug//libmetal.a(libriscv__mmachine__freedom-e310-arty_a-cpu.o)
 .debug_info    0x0000000000002404       0x22 /home/tanqinhan/Desktop/riscv/freedom-e-sdk/bsp/freedom-e310-arty/install/lib/debug//libmetal.a(libriscv__mmachine__freedom-e310-arty_a-entry.o)
 .debug_info    0x0000000000002426     0x13e5 /home/tanqinhan/Desktop/riscv/freedom-e-sdk/bsp/freedom-e310-arty/install/lib/debug//libmetal.a(libriscv__mmachine__freedom-e310-arty_a-interrupt.o)
 .debug_info    0x000000000000380b     0x1bee /home/tanqinhan/Desktop/riscv/freedom-e-sdk/bsp/freedom-e310-arty/install/lib/debug//libmetal.a(libriscv__mmachine__freedom-e310-arty_a-led.o)
 .debug_info    0x00000000000053f9      0x220 /home/tanqinhan/Desktop/riscv/freedom-e-sdk/bsp/freedom-e310-arty/install/lib/debug//libmetal.a(libriscv__mmachine__freedom-e310-arty_a-fixed-clock.o)
 .debug_info    0x0000000000005619      0x822 /home/tanqinhan/Desktop/riscv/freedom-e-sdk/bsp/freedom-e310-arty/install/lib/debug//libmetal.a(libriscv__mmachine__freedom-e310-arty_a-riscv,clint0.o)
 .debug_info    0x0000000000005e3b     0x20eb /home/tanqinhan/Desktop/riscv/freedom-e-sdk/bsp/freedom-e310-arty/install/lib/debug//libmetal.a(libriscv__mmachine__freedom-e310-arty_a-riscv,cpu.o)
 .debug_info    0x0000000000007f26      0x8da /home/tanqinhan/Desktop/riscv/freedom-e-sdk/bsp/freedom-e310-arty/install/lib/debug//libmetal.a(libriscv__mmachine__freedom-e310-arty_a-riscv,plic0.o)
 .debug_info    0x0000000000008800      0xd14 /home/tanqinhan/Desktop/riscv/freedom-e-sdk/bsp/freedom-e310-arty/install/lib/debug//libmetal.a(libriscv__mmachine__freedom-e310-arty_a-sifive,gpio-leds.o)
 .debug_info    0x0000000000009514      0x3fc /home/tanqinhan/Desktop/riscv/freedom-e-sdk/bsp/freedom-e310-arty/install/lib/debug//libmetal.a(libriscv__mmachine__freedom-e310-arty_a-sifive,gpio0.o)
 .debug_info    0x0000000000009910      0xc6d /home/tanqinhan/Desktop/riscv/freedom-e-sdk/bsp/freedom-e310-arty/install/lib/debug//libmetal.a(libriscv__mmachine__freedom-e310-arty_a-sifive,uart0.o)
 .debug_info    0x000000000000a57d      0x229 /home/tanqinhan/Desktop/riscv/freedom-e-sdk/bsp/freedom-e310-arty/install/lib/debug//libmetal.a(libriscv__mmachine__freedom-e310-arty_a-clock.o)
 .debug_info    0x000000000000a7a6     0x1418 /home/tanqinhan/Desktop/riscv/freedom-e-sdk/bsp/freedom-e310-arty/install/lib/debug//libmetal.a(libriscv__mmachine__freedom-e310-arty_a-gpio.o)
 .debug_info    0x000000000000bbbe     0x12f3 /home/tanqinhan/Desktop/riscv/freedom-e-sdk/bsp/freedom-e310-arty/install/lib/debug//libmetal.a(libriscv__mmachine__freedom-e310-arty_a-shutdown.o)
 .debug_info    0x000000000000ceb1      0x3f1 /home/tanqinhan/Desktop/riscv/freedom-e-sdk/bsp/freedom-e310-arty/install/lib/debug//libmetal.a(libriscv__mmachine__freedom-e310-arty_a-uart.o)
 .debug_info    0x000000000000d2a2       0x26 /home/tanqinhan/Desktop/riscv/freedom-e-sdk/bsp/freedom-e310-arty/install/lib/debug//libmetal-gloss.a(crt0.o)
 .debug_info    0x000000000000d2c8      0x969 /home/tanqinhan/Desktop/riscv/freedom-e-sdk/bsp/freedom-e310-arty/install/lib/debug//libmetal-gloss.a(sys_close.o)
 .debug_info    0x000000000000dc31      0xbac /home/tanqinhan/Desktop/riscv/freedom-e-sdk/bsp/freedom-e310-arty/install/lib/debug//libmetal-gloss.a(sys_fstat.o)
 .debug_info    0x000000000000e7dd       0xf4 /home/tanqinhan/Desktop/riscv/freedom-e-sdk/bsp/freedom-e310-arty/install/lib/debug//libmetal-gloss.a(sys_isatty.o)
 .debug_info    0x000000000000e8d1      0x99f /home/tanqinhan/Desktop/riscv/freedom-e-sdk/bsp/freedom-e310-arty/install/lib/debug//libmetal-gloss.a(sys_lseek.o)
 .debug_info    0x000000000000f270      0x99f /home/tanqinhan/Desktop/riscv/freedom-e-sdk/bsp/freedom-e310-arty/install/lib/debug//libmetal-gloss.a(sys_read.o)
 .debug_info    0x000000000000fc0f      0x117 /home/tanqinhan/Desktop/riscv/freedom-e-sdk/bsp/freedom-e310-arty/install/lib/debug//libmetal-gloss.a(sys_sbrk.o)
 .debug_info    0x000000000000fd26      0xa1e /home/tanqinhan/Desktop/riscv/freedom-e-sdk/bsp/freedom-e310-arty/install/lib/debug//libmetal-gloss.a(sys_write.o)
 .debug_info    0x0000000000010744     0x1285 /home/tanqinhan/Desktop/riscv/freedom-e-sdk/bsp/freedom-e310-arty/install/lib/debug//libmetal.a(libriscv__mmachine__freedom-e310-arty_a-tty.o)
 .debug_info    0x00000000000119c9       0x4f /home/tanqinhan/Desktop/riscv/freedom-e-sdk/bsp/freedom-e310-arty/install/lib/debug//libmetal-gloss.a(sys_exit.o)

.debug_abbrev   0x0000000000000000     0x2a09
 .debug_abbrev  0x0000000000000000      0x281 /tmp/cc1lZeDu.o
 .debug_abbrev  0x0000000000000281      0x243 /home/tanqinhan/Desktop/riscv/freedom-e-sdk/bsp/freedom-e310-arty/install/lib/debug//libmetal.a(libriscv__mmachine__freedom-e310-arty_a-cpu.o)
 .debug_abbrev  0x00000000000004c4       0x12 /home/tanqinhan/Desktop/riscv/freedom-e-sdk/bsp/freedom-e310-arty/install/lib/debug//libmetal.a(libriscv__mmachine__freedom-e310-arty_a-entry.o)
 .debug_abbrev  0x00000000000004d6      0x1f4 /home/tanqinhan/Desktop/riscv/freedom-e-sdk/bsp/freedom-e310-arty/install/lib/debug//libmetal.a(libriscv__mmachine__freedom-e310-arty_a-interrupt.o)
 .debug_abbrev  0x00000000000006ca      0x2d7 /home/tanqinhan/Desktop/riscv/freedom-e-sdk/bsp/freedom-e310-arty/install/lib/debug//libmetal.a(libriscv__mmachine__freedom-e310-arty_a-led.o)
 .debug_abbrev  0x00000000000009a1       0xfe /home/tanqinhan/Desktop/riscv/freedom-e-sdk/bsp/freedom-e310-arty/install/lib/debug//libmetal.a(libriscv__mmachine__freedom-e310-arty_a-fixed-clock.o)
 .debug_abbrev  0x0000000000000a9f      0x1a2 /home/tanqinhan/Desktop/riscv/freedom-e-sdk/bsp/freedom-e310-arty/install/lib/debug//libmetal.a(libriscv__mmachine__freedom-e310-arty_a-riscv,clint0.o)
 .debug_abbrev  0x0000000000000c41      0x35a /home/tanqinhan/Desktop/riscv/freedom-e-sdk/bsp/freedom-e310-arty/install/lib/debug//libmetal.a(libriscv__mmachine__freedom-e310-arty_a-riscv,cpu.o)
 .debug_abbrev  0x0000000000000f9b      0x1b7 /home/tanqinhan/Desktop/riscv/freedom-e-sdk/bsp/freedom-e310-arty/install/lib/debug//libmetal.a(libriscv__mmachine__freedom-e310-arty_a-riscv,plic0.o)
 .debug_abbrev  0x0000000000001152      0x227 /home/tanqinhan/Desktop/riscv/freedom-e-sdk/bsp/freedom-e310-arty/install/lib/debug//libmetal.a(libriscv__mmachine__freedom-e310-arty_a-sifive,gpio-leds.o)
 .debug_abbrev  0x0000000000001379      0x105 /home/tanqinhan/Desktop/riscv/freedom-e-sdk/bsp/freedom-e310-arty/install/lib/debug//libmetal.a(libriscv__mmachine__freedom-e310-arty_a-sifive,gpio0.o)
 .debug_abbrev  0x000000000000147e      0x1cc /home/tanqinhan/Desktop/riscv/freedom-e-sdk/bsp/freedom-e310-arty/install/lib/debug//libmetal.a(libriscv__mmachine__freedom-e310-arty_a-sifive,uart0.o)
 .debug_abbrev  0x000000000000164a      0x116 /home/tanqinhan/Desktop/riscv/freedom-e-sdk/bsp/freedom-e310-arty/install/lib/debug//libmetal.a(libriscv__mmachine__freedom-e310-arty_a-clock.o)
 .debug_abbrev  0x0000000000001760      0x225 /home/tanqinhan/Desktop/riscv/freedom-e-sdk/bsp/freedom-e310-arty/install/lib/debug//libmetal.a(libriscv__mmachine__freedom-e310-arty_a-gpio.o)
 .debug_abbrev  0x0000000000001985      0x1ff /home/tanqinhan/Desktop/riscv/freedom-e-sdk/bsp/freedom-e310-arty/install/lib/debug//libmetal.a(libriscv__mmachine__freedom-e310-arty_a-shutdown.o)
 .debug_abbrev  0x0000000000001b84      0x105 /home/tanqinhan/Desktop/riscv/freedom-e-sdk/bsp/freedom-e310-arty/install/lib/debug//libmetal.a(libriscv__mmachine__freedom-e310-arty_a-uart.o)
 .debug_abbrev  0x0000000000001c89       0x14 /home/tanqinhan/Desktop/riscv/freedom-e-sdk/bsp/freedom-e310-arty/install/lib/debug//libmetal-gloss.a(crt0.o)
 .debug_abbrev  0x0000000000001c9d      0x1e7 /home/tanqinhan/Desktop/riscv/freedom-e-sdk/bsp/freedom-e310-arty/install/lib/debug//libmetal-gloss.a(sys_close.o)
 .debug_abbrev  0x0000000000001e84      0x1fa /home/tanqinhan/Desktop/riscv/freedom-e-sdk/bsp/freedom-e310-arty/install/lib/debug//libmetal-gloss.a(sys_fstat.o)
 .debug_abbrev  0x000000000000207e       0x73 /home/tanqinhan/Desktop/riscv/freedom-e-sdk/bsp/freedom-e310-arty/install/lib/debug//libmetal-gloss.a(sys_isatty.o)
 .debug_abbrev  0x00000000000020f1      0x1f8 /home/tanqinhan/Desktop/riscv/freedom-e-sdk/bsp/freedom-e310-arty/install/lib/debug//libmetal-gloss.a(sys_lseek.o)
 .debug_abbrev  0x00000000000022e9      0x1f8 /home/tanqinhan/Desktop/riscv/freedom-e-sdk/bsp/freedom-e310-arty/install/lib/debug//libmetal-gloss.a(sys_read.o)
 .debug_abbrev  0x00000000000024e1       0xb8 /home/tanqinhan/Desktop/riscv/freedom-e-sdk/bsp/freedom-e310-arty/install/lib/debug//libmetal-gloss.a(sys_sbrk.o)
 .debug_abbrev  0x0000000000002599      0x22a /home/tanqinhan/Desktop/riscv/freedom-e-sdk/bsp/freedom-e310-arty/install/lib/debug//libmetal-gloss.a(sys_write.o)
 .debug_abbrev  0x00000000000027c3      0x1f9 /home/tanqinhan/Desktop/riscv/freedom-e-sdk/bsp/freedom-e310-arty/install/lib/debug//libmetal.a(libriscv__mmachine__freedom-e310-arty_a-tty.o)
 .debug_abbrev  0x00000000000029bc       0x4d /home/tanqinhan/Desktop/riscv/freedom-e-sdk/bsp/freedom-e310-arty/install/lib/debug//libmetal-gloss.a(sys_exit.o)

.debug_aranges  0x0000000000000000      0x758
 .debug_aranges
                0x0000000000000000       0x38 /tmp/cc1lZeDu.o
 .debug_aranges
                0x0000000000000038       0xa0 /home/tanqinhan/Desktop/riscv/freedom-e-sdk/bsp/freedom-e310-arty/install/lib/debug//libmetal.a(libriscv__mmachine__freedom-e310-arty_a-cpu.o)
 .debug_aranges
                0x00000000000000d8       0x30 /home/tanqinhan/Desktop/riscv/freedom-e-sdk/bsp/freedom-e310-arty/install/lib/debug//libmetal.a(libriscv__mmachine__freedom-e310-arty_a-entry.o)
 .debug_aranges
                0x0000000000000108       0x50 /home/tanqinhan/Desktop/riscv/freedom-e-sdk/bsp/freedom-e310-arty/install/lib/debug//libmetal.a(libriscv__mmachine__freedom-e310-arty_a-interrupt.o)
 .debug_aranges
                0x0000000000000158       0x48 /home/tanqinhan/Desktop/riscv/freedom-e-sdk/bsp/freedom-e310-arty/install/lib/debug//libmetal.a(libriscv__mmachine__freedom-e310-arty_a-led.o)
 .debug_aranges
                0x00000000000001a0       0x28 /home/tanqinhan/Desktop/riscv/freedom-e-sdk/bsp/freedom-e310-arty/install/lib/debug//libmetal.a(libriscv__mmachine__freedom-e310-arty_a-fixed-clock.o)
 .debug_aranges
                0x00000000000001c8       0x50 /home/tanqinhan/Desktop/riscv/freedom-e-sdk/bsp/freedom-e310-arty/install/lib/debug//libmetal.a(libriscv__mmachine__freedom-e310-arty_a-riscv,clint0.o)
 .debug_aranges
                0x0000000000000218      0x198 /home/tanqinhan/Desktop/riscv/freedom-e-sdk/bsp/freedom-e310-arty/install/lib/debug//libmetal.a(libriscv__mmachine__freedom-e310-arty_a-riscv,cpu.o)
 .debug_aranges
                0x00000000000003b0       0x70 /home/tanqinhan/Desktop/riscv/freedom-e-sdk/bsp/freedom-e310-arty/install/lib/debug//libmetal.a(libriscv__mmachine__freedom-e310-arty_a-riscv,plic0.o)
 .debug_aranges
                0x0000000000000420       0x40 /home/tanqinhan/Desktop/riscv/freedom-e-sdk/bsp/freedom-e310-arty/install/lib/debug//libmetal.a(libriscv__mmachine__freedom-e310-arty_a-sifive,gpio-leds.o)
 .debug_aranges
                0x0000000000000460       0x50 /home/tanqinhan/Desktop/riscv/freedom-e-sdk/bsp/freedom-e310-arty/install/lib/debug//libmetal.a(libriscv__mmachine__freedom-e310-arty_a-sifive,gpio0.o)
 .debug_aranges
                0x00000000000004b0       0x60 /home/tanqinhan/Desktop/riscv/freedom-e-sdk/bsp/freedom-e310-arty/install/lib/debug//libmetal.a(libriscv__mmachine__freedom-e310-arty_a-sifive,uart0.o)
 .debug_aranges
                0x0000000000000510       0x38 /home/tanqinhan/Desktop/riscv/freedom-e-sdk/bsp/freedom-e310-arty/install/lib/debug//libmetal.a(libriscv__mmachine__freedom-e310-arty_a-clock.o)
 .debug_aranges
                0x0000000000000548       0x58 /home/tanqinhan/Desktop/riscv/freedom-e-sdk/bsp/freedom-e310-arty/install/lib/debug//libmetal.a(libriscv__mmachine__freedom-e310-arty_a-gpio.o)
 .debug_aranges
                0x00000000000005a0       0x28 /home/tanqinhan/Desktop/riscv/freedom-e-sdk/bsp/freedom-e310-arty/install/lib/debug//libmetal.a(libriscv__mmachine__freedom-e310-arty_a-shutdown.o)
 .debug_aranges
                0x00000000000005c8       0x40 /home/tanqinhan/Desktop/riscv/freedom-e-sdk/bsp/freedom-e310-arty/install/lib/debug//libmetal.a(libriscv__mmachine__freedom-e310-arty_a-uart.o)
 .debug_aranges
                0x0000000000000608       0x20 /home/tanqinhan/Desktop/riscv/freedom-e-sdk/bsp/freedom-e310-arty/install/lib/debug//libmetal-gloss.a(crt0.o)
 .debug_aranges
                0x0000000000000628       0x20 /home/tanqinhan/Desktop/riscv/freedom-e-sdk/bsp/freedom-e310-arty/install/lib/debug//libmetal-gloss.a(sys_close.o)
 .debug_aranges
                0x0000000000000648       0x20 /home/tanqinhan/Desktop/riscv/freedom-e-sdk/bsp/freedom-e310-arty/install/lib/debug//libmetal-gloss.a(sys_fstat.o)
 .debug_aranges
                0x0000000000000668       0x20 /home/tanqinhan/Desktop/riscv/freedom-e-sdk/bsp/freedom-e310-arty/install/lib/debug//libmetal-gloss.a(sys_isatty.o)
 .debug_aranges
                0x0000000000000688       0x20 /home/tanqinhan/Desktop/riscv/freedom-e-sdk/bsp/freedom-e310-arty/install/lib/debug//libmetal-gloss.a(sys_lseek.o)
 .debug_aranges
                0x00000000000006a8       0x20 /home/tanqinhan/Desktop/riscv/freedom-e-sdk/bsp/freedom-e310-arty/install/lib/debug//libmetal-gloss.a(sys_read.o)
 .debug_aranges
                0x00000000000006c8       0x28 /home/tanqinhan/Desktop/riscv/freedom-e-sdk/bsp/freedom-e310-arty/install/lib/debug//libmetal-gloss.a(sys_sbrk.o)
 .debug_aranges
                0x00000000000006f0       0x20 /home/tanqinhan/Desktop/riscv/freedom-e-sdk/bsp/freedom-e310-arty/install/lib/debug//libmetal-gloss.a(sys_write.o)
 .debug_aranges
                0x0000000000000710       0x28 /home/tanqinhan/Desktop/riscv/freedom-e-sdk/bsp/freedom-e310-arty/install/lib/debug//libmetal.a(libriscv__mmachine__freedom-e310-arty_a-tty.o)
 .debug_aranges
                0x0000000000000738       0x20 /home/tanqinhan/Desktop/riscv/freedom-e-sdk/bsp/freedom-e310-arty/install/lib/debug//libmetal-gloss.a(sys_exit.o)

.debug_ranges   0x0000000000000000      0x5b0
 .debug_ranges  0x0000000000000000       0x28 /tmp/cc1lZeDu.o
 .debug_ranges  0x0000000000000028       0x90 /home/tanqinhan/Desktop/riscv/freedom-e-sdk/bsp/freedom-e310-arty/install/lib/debug//libmetal.a(libriscv__mmachine__freedom-e310-arty_a-cpu.o)
 .debug_ranges  0x00000000000000b8       0x28 /home/tanqinhan/Desktop/riscv/freedom-e-sdk/bsp/freedom-e310-arty/install/lib/debug//libmetal.a(libriscv__mmachine__freedom-e310-arty_a-entry.o)
 .debug_ranges  0x00000000000000e0       0x40 /home/tanqinhan/Desktop/riscv/freedom-e-sdk/bsp/freedom-e310-arty/install/lib/debug//libmetal.a(libriscv__mmachine__freedom-e310-arty_a-interrupt.o)
 .debug_ranges  0x0000000000000120       0x38 /home/tanqinhan/Desktop/riscv/freedom-e-sdk/bsp/freedom-e310-arty/install/lib/debug//libmetal.a(libriscv__mmachine__freedom-e310-arty_a-led.o)
 .debug_ranges  0x0000000000000158       0x18 /home/tanqinhan/Desktop/riscv/freedom-e-sdk/bsp/freedom-e310-arty/install/lib/debug//libmetal.a(libriscv__mmachine__freedom-e310-arty_a-fixed-clock.o)
 .debug_ranges  0x0000000000000170       0x40 /home/tanqinhan/Desktop/riscv/freedom-e-sdk/bsp/freedom-e310-arty/install/lib/debug//libmetal.a(libriscv__mmachine__freedom-e310-arty_a-riscv,clint0.o)
 .debug_ranges  0x00000000000001b0      0x188 /home/tanqinhan/Desktop/riscv/freedom-e-sdk/bsp/freedom-e310-arty/install/lib/debug//libmetal.a(libriscv__mmachine__freedom-e310-arty_a-riscv,cpu.o)
 .debug_ranges  0x0000000000000338       0x60 /home/tanqinhan/Desktop/riscv/freedom-e-sdk/bsp/freedom-e310-arty/install/lib/debug//libmetal.a(libriscv__mmachine__freedom-e310-arty_a-riscv,plic0.o)
 .debug_ranges  0x0000000000000398       0x30 /home/tanqinhan/Desktop/riscv/freedom-e-sdk/bsp/freedom-e310-arty/install/lib/debug//libmetal.a(libriscv__mmachine__freedom-e310-arty_a-sifive,gpio-leds.o)
 .debug_ranges  0x00000000000003c8       0x40 /home/tanqinhan/Desktop/riscv/freedom-e-sdk/bsp/freedom-e310-arty/install/lib/debug//libmetal.a(libriscv__mmachine__freedom-e310-arty_a-sifive,gpio0.o)
 .debug_ranges  0x0000000000000408       0x50 /home/tanqinhan/Desktop/riscv/freedom-e-sdk/bsp/freedom-e310-arty/install/lib/debug//libmetal.a(libriscv__mmachine__freedom-e310-arty_a-sifive,uart0.o)
 .debug_ranges  0x0000000000000458       0x28 /home/tanqinhan/Desktop/riscv/freedom-e-sdk/bsp/freedom-e310-arty/install/lib/debug//libmetal.a(libriscv__mmachine__freedom-e310-arty_a-clock.o)
 .debug_ranges  0x0000000000000480       0x48 /home/tanqinhan/Desktop/riscv/freedom-e-sdk/bsp/freedom-e310-arty/install/lib/debug//libmetal.a(libriscv__mmachine__freedom-e310-arty_a-gpio.o)
 .debug_ranges  0x00000000000004c8       0x18 /home/tanqinhan/Desktop/riscv/freedom-e-sdk/bsp/freedom-e310-arty/install/lib/debug//libmetal.a(libriscv__mmachine__freedom-e310-arty_a-shutdown.o)
 .debug_ranges  0x00000000000004e0       0x30 /home/tanqinhan/Desktop/riscv/freedom-e-sdk/bsp/freedom-e310-arty/install/lib/debug//libmetal.a(libriscv__mmachine__freedom-e310-arty_a-uart.o)
 .debug_ranges  0x0000000000000510       0x10 /home/tanqinhan/Desktop/riscv/freedom-e-sdk/bsp/freedom-e310-arty/install/lib/debug//libmetal-gloss.a(sys_close.o)
 .debug_ranges  0x0000000000000520       0x10 /home/tanqinhan/Desktop/riscv/freedom-e-sdk/bsp/freedom-e310-arty/install/lib/debug//libmetal-gloss.a(sys_fstat.o)
 .debug_ranges  0x0000000000000530       0x10 /home/tanqinhan/Desktop/riscv/freedom-e-sdk/bsp/freedom-e310-arty/install/lib/debug//libmetal-gloss.a(sys_isatty.o)
 .debug_ranges  0x0000000000000540       0x10 /home/tanqinhan/Desktop/riscv/freedom-e-sdk/bsp/freedom-e310-arty/install/lib/debug//libmetal-gloss.a(sys_lseek.o)
 .debug_ranges  0x0000000000000550       0x10 /home/tanqinhan/Desktop/riscv/freedom-e-sdk/bsp/freedom-e310-arty/install/lib/debug//libmetal-gloss.a(sys_read.o)
 .debug_ranges  0x0000000000000560       0x18 /home/tanqinhan/Desktop/riscv/freedom-e-sdk/bsp/freedom-e310-arty/install/lib/debug//libmetal-gloss.a(sys_sbrk.o)
 .debug_ranges  0x0000000000000578       0x10 /home/tanqinhan/Desktop/riscv/freedom-e-sdk/bsp/freedom-e310-arty/install/lib/debug//libmetal-gloss.a(sys_write.o)
 .debug_ranges  0x0000000000000588       0x18 /home/tanqinhan/Desktop/riscv/freedom-e-sdk/bsp/freedom-e310-arty/install/lib/debug//libmetal.a(libriscv__mmachine__freedom-e310-arty_a-tty.o)
 .debug_ranges  0x00000000000005a0       0x10 /home/tanqinhan/Desktop/riscv/freedom-e-sdk/bsp/freedom-e310-arty/install/lib/debug//libmetal-gloss.a(sys_exit.o)

.debug_line     0x0000000000000000     0x6ada
 .debug_line    0x0000000000000000      0x5af /tmp/cc1lZeDu.o
 .debug_line    0x00000000000005af      0x771 /home/tanqinhan/Desktop/riscv/freedom-e-sdk/bsp/freedom-e310-arty/install/lib/debug//libmetal.a(libriscv__mmachine__freedom-e310-arty_a-cpu.o)
 .debug_line    0x0000000000000d20       0xfe /home/tanqinhan/Desktop/riscv/freedom-e-sdk/bsp/freedom-e310-arty/install/lib/debug//libmetal.a(libriscv__mmachine__freedom-e310-arty_a-entry.o)
 .debug_line    0x0000000000000e1e      0x52d /home/tanqinhan/Desktop/riscv/freedom-e-sdk/bsp/freedom-e310-arty/install/lib/debug//libmetal.a(libriscv__mmachine__freedom-e310-arty_a-interrupt.o)
 .debug_line    0x000000000000134b      0x5c2 /home/tanqinhan/Desktop/riscv/freedom-e-sdk/bsp/freedom-e310-arty/install/lib/debug//libmetal.a(libriscv__mmachine__freedom-e310-arty_a-led.o)
 .debug_line    0x000000000000190d      0x162 /home/tanqinhan/Desktop/riscv/freedom-e-sdk/bsp/freedom-e310-arty/install/lib/debug//libmetal.a(libriscv__mmachine__freedom-e310-arty_a-fixed-clock.o)
 .debug_line    0x0000000000001a6f      0x632 /home/tanqinhan/Desktop/riscv/freedom-e-sdk/bsp/freedom-e310-arty/install/lib/debug//libmetal.a(libriscv__mmachine__freedom-e310-arty_a-riscv,clint0.o)
 .debug_line    0x00000000000020a1     0x12c0 /home/tanqinhan/Desktop/riscv/freedom-e-sdk/bsp/freedom-e310-arty/install/lib/debug//libmetal.a(libriscv__mmachine__freedom-e310-arty_a-riscv,cpu.o)
 .debug_line    0x0000000000003361      0x685 /home/tanqinhan/Desktop/riscv/freedom-e-sdk/bsp/freedom-e310-arty/install/lib/debug//libmetal.a(libriscv__mmachine__freedom-e310-arty_a-riscv,plic0.o)
 .debug_line    0x00000000000039e6      0x3df /home/tanqinhan/Desktop/riscv/freedom-e-sdk/bsp/freedom-e310-arty/install/lib/debug//libmetal.a(libriscv__mmachine__freedom-e310-arty_a-sifive,gpio-leds.o)
 .debug_line    0x0000000000003dc5      0x348 /home/tanqinhan/Desktop/riscv/freedom-e-sdk/bsp/freedom-e310-arty/install/lib/debug//libmetal.a(libriscv__mmachine__freedom-e310-arty_a-sifive,gpio0.o)
 .debug_line    0x000000000000410d      0x706 /home/tanqinhan/Desktop/riscv/freedom-e-sdk/bsp/freedom-e310-arty/install/lib/debug//libmetal.a(libriscv__mmachine__freedom-e310-arty_a-sifive,uart0.o)
 .debug_line    0x0000000000004813      0x16b /home/tanqinhan/Desktop/riscv/freedom-e-sdk/bsp/freedom-e310-arty/install/lib/debug//libmetal.a(libriscv__mmachine__freedom-e310-arty_a-clock.o)
 .debug_line    0x000000000000497e      0x69e /home/tanqinhan/Desktop/riscv/freedom-e-sdk/bsp/freedom-e310-arty/install/lib/debug//libmetal.a(libriscv__mmachine__freedom-e310-arty_a-gpio.o)
 .debug_line    0x000000000000501c      0x46d /home/tanqinhan/Desktop/riscv/freedom-e-sdk/bsp/freedom-e310-arty/install/lib/debug//libmetal.a(libriscv__mmachine__freedom-e310-arty_a-shutdown.o)